Component: ARM Compiler 5.06 update 1 (build 61) Tool: armlink [4d35a8]

==============================================================================

Section Cross References

    startup_stm32f10x_hd.o(STACK) refers (Special) to heapauxi.o(.text) for __use_two_region_memory
    startup_stm32f10x_hd.o(HEAP) refers (Special) to heapauxi.o(.text) for __use_two_region_memory
    startup_stm32f10x_hd.o(RESET) refers (Special) to heapauxi.o(.text) for __use_two_region_memory
    startup_stm32f10x_hd.o(RESET) refers to startup_stm32f10x_hd.o(STACK) for __initial_sp
    startup_stm32f10x_hd.o(RESET) refers to startup_stm32f10x_hd.o(.text) for Reset_Handler
    startup_stm32f10x_hd.o(RESET) refers to usmart.o(i.TIM2_IRQHandler) for TIM2_IRQHandler
    startup_stm32f10x_hd.o(RESET) refers to usart2.o(i.TIM4_IRQHandler) for TIM4_IRQHandler
    startup_stm32f10x_hd.o(RESET) refers to usart.o(i.USART1_IRQHandler) for USART1_IRQHandler
    startup_stm32f10x_hd.o(RESET) refers to usart2.o(i.USART2_IRQHandler) for USART2_IRQHandler
    startup_stm32f10x_hd.o(.text) refers (Special) to heapauxi.o(.text) for __use_two_region_memory
    startup_stm32f10x_hd.o(.text) refers to __main.o(!!!main) for __main
    startup_stm32f10x_hd.o(.text) refers to startup_stm32f10x_hd.o(HEAP) for Heap_Mem
    startup_stm32f10x_hd.o(.text) refers to startup_stm32f10x_hd.o(STACK) for Stack_Mem
    test.o(i.Gps_Msg_Show) refers to _printf_pad.o(.text) for _printf_pre_padding
    test.o(i.Gps_Msg_Show) refers to _printf_percent.o(.ARM.Collect$$_printf_percent$$00000000) for _printf_percent
    test.o(i.Gps_Msg_Show) refers to _printf_f.o(.ARM.Collect$$_printf_percent$$00000003) for _printf_f
    test.o(i.Gps_Msg_Show) refers to _printf_c.o(.ARM.Collect$$_printf_percent$$00000013) for _printf_c
    test.o(i.Gps_Msg_Show) refers to printf1.o(x$fpl$printf1) for _printf_fp_dec
    test.o(i.Gps_Msg_Show) refers to _printf_str.o(.text) for _printf_str
    test.o(i.Gps_Msg_Show) refers to _printf_s.o(.ARM.Collect$$_printf_percent$$00000014) for _printf_s
    test.o(i.Gps_Msg_Show) refers to _printf_d.o(.ARM.Collect$$_printf_percent$$00000009) for _printf_d
    test.o(i.Gps_Msg_Show) refers to _printf_dec.o(.text) for _printf_int_dec
    test.o(i.Gps_Msg_Show) refers to fflt_clz.o(x$fpl$ffltu) for __aeabi_ui2f
    test.o(i.Gps_Msg_Show) refers to fdiv.o(x$fpl$fdiv) for __aeabi_fdiv
    test.o(i.Gps_Msg_Show) refers to f2d.o(x$fpl$f2d) for __aeabi_f2d
    test.o(i.Gps_Msg_Show) refers to __2sprintf.o(.text) for __2sprintf
    test.o(i.Gps_Msg_Show) refers to ili93xx.o(i.LCD_ShowString) for LCD_ShowString
    test.o(i.Gps_Msg_Show) refers to fflt_clz.o(x$fpl$fflt) for __aeabi_i2f
    test.o(i.Gps_Msg_Show) refers to ili93xx.o(.data) for POINT_COLOR
    test.o(i.Gps_Msg_Show) refers to test.o(.bss) for gpsx
    test.o(i.Gps_Msg_Show) refers to test.o(.data) for fixmode_tbl
    test.o(i.main) refers to _printf_percent.o(.ARM.Collect$$_printf_percent$$00000000) for _printf_percent
    test.o(i.main) refers to _printf_s.o(.ARM.Collect$$_printf_percent$$00000014) for _printf_s
    test.o(i.main) refers to _printf_str.o(.text) for _printf_str
    test.o(i.main) refers to sys.o(i.Stm32_Clock_Init) for Stm32_Clock_Init
    test.o(i.main) refers to delay.o(i.delay_init) for delay_init
    test.o(i.main) refers to usart.o(i.uart_init) for uart_init
    test.o(i.main) refers to usart2.o(i.USART2_Init) for USART2_Init
    test.o(i.main) refers to led.o(i.LED_Init) for LED_Init
    test.o(i.main) refers to ili93xx.o(i.LCD_Init) for LCD_Init
    test.o(i.main) refers to key.o(i.KEY_Init) for KEY_Init
    test.o(i.main) refers to ili93xx.o(i.LCD_ShowString) for LCD_ShowString
    test.o(i.main) refers to gps.o(i.SkyTra_Cfg_Rate) for SkyTra_Cfg_Rate
    test.o(i.main) refers to gps.o(i.SkyTra_Cfg_Prt) for SkyTra_Cfg_Prt
    test.o(i.main) refers to gps.o(i.SkyTra_Cfg_Tp) for SkyTra_Cfg_Tp
    test.o(i.main) refers to delay.o(i.delay_ms) for delay_ms
    test.o(i.main) refers to ili93xx.o(i.LCD_Fill) for LCD_Fill
    test.o(i.main) refers to gps.o(i.GPS_Analysis) for GPS_Analysis
    test.o(i.main) refers to test.o(i.Gps_Msg_Show) for Gps_Msg_Show
    test.o(i.main) refers to __2printf.o(.text) for __2printf
    test.o(i.main) refers to key.o(i.KEY_Scan) for KEY_Scan
    test.o(i.main) refers to ili93xx.o(.data) for POINT_COLOR
    test.o(i.main) refers to usart2.o(.data) for USART2_RX_STA
    test.o(i.main) refers to usart2.o(.bss) for USART2_RX_BUF
    test.o(i.main) refers to test.o(.bss) for USART1_TX_BUF
    test.o(.data) refers to test.o(.conststring) for .conststring
    delay.o(i.delay_init) refers to delay.o(.data) for fac_us
    delay.o(i.delay_ms) refers to delay.o(.data) for fac_ms
    delay.o(i.delay_us) refers to delay.o(.data) for fac_us
    sys.o(i.MYRCC_DeInit) refers to sys.o(i.MY_NVIC_SetVectorTable) for MY_NVIC_SetVectorTable
    sys.o(i.MY_NVIC_Init) refers to sys.o(i.MY_NVIC_PriorityGroupConfig) for MY_NVIC_PriorityGroupConfig
[...]
    i.HC05_Get_Role                          0x08001ce8   Section        0  hc05.o(i.HC05_Get_Role)
    i.JTAG_Set                               0x08001d7c   Section        0  sys.o(i.JTAG_Set)
    i.KEY_Init                               0x08001dac   Section        0  key.o(i.KEY_Init)
    i.KEY_Scan                               0x08001e34   Section        0  key.o(i.KEY_Scan)
    i.LCD_Clear                              0x08001eb8   Section        0  ili93xx.o(i.LCD_Clear)
    i.LCD_Display_Dir                        0x08001f40   Section        0  ili93xx.o(i.LCD_Display_Dir)
    i.LCD_Fast_DrawPoint                     0x08002100   Section        0  ili93xx.o(i.LCD_Fast_DrawPoint)
    i.LCD_Fill                               0x08002464   Section        0  ili93xx.o(i.LCD_Fill)
    i.LCD_Init                               0x08002538   Section        0  ili93xx.o(i.LCD_Init)
    i.LCD_RD_DATA                            0x08006118   Section        0  ili93xx.o(i.LCD_RD_DATA)
    i.LCD_ReadReg                            0x08006188   Section        0  ili93xx.o(i.LCD_ReadReg)
    i.LCD_SSD_BackLightSet                   0x08006198   Section        0  ili93xx.o(i.LCD_SSD_BackLightSet)
    i.LCD_Scan_Dir                           0x0800626c   Section        0  ili93xx.o(i.LCD_Scan_Dir)
    i.LCD_SetCursor                          0x080066c4   Section        0  ili93xx.o(i.LCD_SetCursor)
    i.LCD_ShowChar                           0x08006a80   Section        0  ili93xx.o(i.LCD_ShowChar)
    i.LCD_ShowString                         0x08006ba8   Section        0  ili93xx.o(i.LCD_ShowString)
    i.LCD_WR_DATAX                           0x08006c10   Section        0  ili93xx.o(i.LCD_WR_DATAX)
    i.LCD_WR_REG                             0x08006c34   Section        0  ili93xx.o(i.LCD_WR_REG)
    i.LCD_WriteRAM_Prepare                   0x08006c58   Section        0  ili93xx.o(i.LCD_WriteRAM_Prepare)
    i.LCD_WriteReg                           0x08006c68   Section        0  ili93xx.o(i.LCD_WriteReg)
    i.LED_Init                               0x08006c98   Section        0  led.o(i.LED_Init)
    i.MYRCC_DeInit                           0x08006d08   Section        0  sys.o(i.MYRCC_DeInit)
    i.MY_NVIC_Init                           0x08006d70   Section        0  sys.o(i.MY_NVIC_Init)
    i.MY_NVIC_PriorityGroupConfig            0x08006de8   Section        0  sys.o(i.MY_NVIC_PriorityGroupConfig)
    i.MY_NVIC_SetVectorTable                 0x08006e10   Section        0  sys.o(i.MY_NVIC_SetVectorTable)
    i.NMEA_BDGSV_Analysis                    0x08006e24   Section        0  gps.o(i.NMEA_BDGSV_Analysis)
    i.NMEA_Comma_Pos                         0x08006f58   Section        0  gps.o(i.NMEA_Comma_Pos)
    i.NMEA_GNGGA_Analysis                    0x08006f8c   Section        0  gps.o(i.NMEA_GNGGA_Analysis)
    i.NMEA_GNGSA_Analysis                    0x08006ff4   Section        0  gps.o(i.NMEA_GNGSA_Analysis)
    i.NMEA_GNRMC_Analysis                    0x080070ac   Section        0  gps.o(i.NMEA_GNRMC_Analysis)
    i.NMEA_GNVTG_Analysis                    0x080072d0   Section        0  gps.o(i.NMEA_GNVTG_Analysis)
    i.NMEA_GPGSV_Analysis                    0x08007328   Section        0  gps.o(i.NMEA_GPGSV_Analysis)
    i.NMEA_Pow                               0x08007454   Section        0  gps.o(i.NMEA_Pow)
    i.NMEA_Str2num                           0x0800746a   Section        0  gps.o(i.NMEA_Str2num)
    i.SkyTra_Cfg_Ack_Check                   0x08007554   Section        0  gps.o(i.SkyTra_Cfg_Ack_Check)
    i.SkyTra_Cfg_Prt                         0x080075c0   Section        0  gps.o(i.SkyTra_Cfg_Prt)
    i.SkyTra_Cfg_Rate                        0x08007620   Section        0  gps.o(i.SkyTra_Cfg_Rate)
    i.SkyTra_Cfg_Tp                          0x08007660   Section        0  gps.o(i.SkyTra_Cfg_Tp)
    i.SkyTra_Send_Date                       0x080076e4   Section        0  gps.o(i.SkyTra_Send_Date)
    i.Stm32_Clock_Init                       0x08007710   Section        0  sys.o(i.Stm32_Clock_Init)
    i.TIM2_IRQHandler                        0x080077a0   Section        0  usmart.o(i.TIM2_IRQHandler)
    i.TIM4_IRQHandler                        0x080077d8   Section        0  usart2.o(i.TIM4_IRQHandler)
    i.TIM4_Init                              0x0800780c   Section        0  usart2.o(i.TIM4_Init)
    i.TIM4_Set                               0x0800785c   Section        0  usart2.o(i.TIM4_Set)
    i.Timer2_Init                            0x0800788c   Section        0  usmart.o(i.Timer2_Init)
    i.UART_DMA_Config                        0x080078cc   Section        0  usart2.o(i.UART_DMA_Config)
    i.UART_DMA_Enable                        0x08007920   Section        0  usart2.o(i.UART_DMA_Enable)
    i.USART1_IRQHandler                      0x08007934   Section        0  usart.o(i.USART1_IRQHandler)
    i.USART2_IRQHandler                      0x080079b8   Section        0  usart2.o(i.USART2_IRQHandler)
    i.USART2_Init                            0x08007a18   Section        0  usart2.o(i.USART2_Init)
    i.__ARM_fpclassify                       0x08007ae8   Section        0  fpclassify.o(i.__ARM_fpclassify)
    i._is_digit                              0x08007b10   Section        0  __printf_wp.o(i._is_digit)
    i._sys_exit                              0x08007b1e   Section        0  usart.o(i._sys_exit)
    i.delay_init                             0x08007b24   Section        0  delay.o(i.delay_init)
    i.delay_ms                               0x08007b64   Section        0  delay.o(i.delay_ms)
    i.delay_us                               0x08007ba0   Section        0  delay.o(i.delay_us)
    i.fputc                                  0x08007bdc   Section        0  usart.o(i.fputc)
    i.main                                   0x08007bf8   Section        0  test.o(i.main)
    i.read_addr                              0x08007eac   Section        0  usmart.o(i.read_addr)
    i.u2_printf                              0x08007eb4   Section        0  usart2.o(i.u2_printf)
    i.uart_init                              0x08007ef4   Section        0  usart.o(i.uart_init)
    i.usmart_cmd_rec                         0x08007fd0   Section        0  usmart.o(i.usmart_cmd_rec)
    i.usmart_exe                             0x08008080   Section        0  usmart.o(i.usmart_exe)
    i.usmart_get_aparm                       0x08008358   Section        0  usmart_str.o(i.usmart_get_aparm)
    i.usmart_get_cmdname                     0x08008420   Section        0  usmart_str.o(i.usmart_get_cmdname)
    i.usmart_get_fname                       0x08008458   Section        0  usmart_str.o(i.usmart_get_fname)
    i.usmart_get_fparam                      0x08008618   Section        0  usmart_str.o(i.usmart_get_fparam)
    i.usmart_get_parmpos                     0x08008724   Section        0  usmart_str.o(i.usmart_get_parmpos)
    i.usmart_get_runtime                     0x08008744   Section        0  usmart.o(i.usmart_get_runtime)
    i.usmart_init                            0x08008784   Section        0  usmart.o(i.usmart_init)
    i.usmart_pow                             0x080087ac   Section        0  usmart_str.o(i.usmart_pow)
    i.usmart_reset_runtime                   0x080087c4   Section        0  usmart.o(i.usmart_reset_runtime)
    i.usmart_scan                            0x080087ec   Section        0  usmart.o(i.usmart_scan)
    i.usmart_search_nextc                    0x080088a8   Section        0  usmart_str.o(i.usmart_search_nextc)
    i.usmart_str2num                         0x080088be   Section        0  usmart_str.o(i.usmart_str2num)
    i.usmart_strcmp                          0x08008988   Section        0  usmart_str.o(i.usmart_strcmp)
    i.usmart_strcopy                         0x080089aa   Section        0  usmart_str.o(i.usmart_strcopy)
    i.usmart_strlen                          0x080089c0   Section        0  usmart_str.o(i.usmart_strlen)
    i.usmart_sys_cmd_exe                     0x080089d8   Section        0  usmart.o(i.usmart_sys_cmd_exe)
    i.write_addr                             0x080090bc   Section        0  usmart.o(i.write_addr)
    locale$$code                             0x080090c0   Section       44  lc_numeric_c.o(locale$$code)
    locale$$code                             0x080090ec   Section       44  lc_ctype_c.o(locale$$code)
    x$fpl$dfixu                              0x08009118   Section       90  dfixu.o(x$fpl$dfixu)
    x$fpl$dfltu                              0x08009172   Section       38  dflt_clz.o(x$fpl$dfltu)
    x$fpl$dmul                               0x08009198   Section      340  dmul.o(x$fpl$dmul)
    x$fpl$dnaninf                            0x080092ec   Section      156  dnaninf.o(x$fpl$dnaninf)
    x$fpl$dretinf                            0x08009388   Section       12  dretinf.o(x$fpl$dretinf)
    x$fpl$f2d                                0x08009394   Section       86  f2d.o(x$fpl$f2d)
    x$fpl$fadd                               0x080093ec   Section      196  faddsub_clz.o(x$fpl$fadd)
    _fadd1                                   0x080093fb   Thumb Code     0  faddsub_clz.o(x$fpl$fadd)
    x$fpl$fdiv                               0x080094b0   Section      388  fdiv.o(x$fpl$fdiv)
    _fdiv1                                   0x080094b1   Thumb Code     0  fdiv.o(x$fpl$fdiv)
    x$fpl$ffixu                              0x08009634   Section       62  ffixu.o(x$fpl$ffixu)
    x$fpl$fflt                               0x08009674   Section       48  fflt_clz.o(x$fpl$fflt)
    x$fpl$ffltu                              0x080096a4   Section       38  fflt_clz.o(x$fpl$ffltu)
    x$fpl$fmul                               0x080096cc   Section      258  fmul.o(x$fpl$fmul)
    x$fpl$fnaninf                            0x080097ce   Section      140  fnaninf.o(x$fpl$fnaninf)
    x$fpl$fretinf                            0x0800985a   Section       10  fretinf.o(x$fpl$fretinf)
    x$fpl$frsb                               0x08009864   Section       20  faddsub_clz.o(x$fpl$frsb)
    x$fpl$fsub                               0x08009878   Section      234  faddsub_clz.o(x$fpl$fsub)
    _fsub1                                   0x08009887   Thumb Code     0  faddsub_clz.o(x$fpl$fsub)
    x$fpl$printf1                            0x08009962   Section        4  printf1.o(x$fpl$printf1)
    .constdata                               0x08009966   Section     6080  ili93xx.o(.constdata)
    x$fpl$usenofp                            0x08009966   Section        0  usenofp.o(x$fpl$usenofp)
    .constdata                               0x0800b128   Section       36  gps.o(.constdata)
    .constdata                               0x0800b14c   Section       40  _printf_hex_int_ll_ptr.o(.constdata)
    uc_hextab                                0x0800b14c   Data          20  _printf_hex_int_ll_ptr.o(.constdata)
    lc_hextab                                0x0800b160   Data          20  _printf_hex_int_ll_ptr.o(.constdata)
    .constdata                               0x0800b174   Section       17  __printf_flags_ss_wp.o(.constdata)
    maptable                                 0x0800b174   Data          17  __printf_flags_ss_wp.o(.constdata)
    .constdata                               0x0800b188   Section        8  _printf_wctomb.o(.constdata)
    initial_mbstate                          0x0800b188   Data           8  _printf_wctomb.o(.constdata)
    .constdata                               0x0800b190   Section      148  bigflt0.o(.constdata)
    tenpwrs_x                                0x0800b190   Data          60  bigflt0.o(.constdata)
    tenpwrs_i                                0x0800b1cc   Data          64  bigflt0.o(.constdata)
    .conststring                             0x0800b224   Section       21  test.o(.conststring)
    .conststring                             0x0800b23c   Section       40  usmart.o(.conststring)
    .conststring                             0x0800b264   Section      159  usmart_config.o(.conststring)
    locale$$data                             0x0800b324   Section       28  lc_numeric_c.o(locale$$data)
    __lcnum_c_name                           0x0800b328   Data           2  lc_numeric_c.o(locale$$data)
    __lcnum_c_start                          0x0800b330   Data           0  lc_numeric_c.o(locale$$data)
    __lcnum_c_point                          0x0800b33c   Data           0  lc_numeric_c.o(locale$$data)
    __lcnum_c_thousands                      0x0800b33e   Data           0  lc_numeric_c.o(locale$$data)
    __lcnum_c_grouping                       0x0800b33f   Data           0  lc_numeric_c.o(locale$$data)
    locale$$data                             0x0800b340   Section      272  lc_ctype_c.o(locale$$data)
    __lcnum_c_end                            0x0800b340   Data           0  lc_numeric_c.o(locale$$data)
    __lcctype_c_name                         0x0800b344   Data           2  lc_ctype_c.o(locale$$data)
    __lcctype_c_start                        0x0800b34c   Data           0  lc_ctype_c.o(locale$$data)
    __lcctype_c_end                          0x0800b450   Data           0  lc_ctype_c.o(locale$$data)
    .data                                    0x20000000   Section       16  test.o(.data)
    .data                                    0x20000010   Section        4  delay.o(.data)
    fac_us                                   0x20000010   Data           1  delay.o(.data)
    fac_ms                                   0x20000012   Data           2  delay.o(.data)
    .data                                    0x20000014   Section        6  usart.o(.data)
    .data                                    0x2000001a   Section        4  ili93xx.o(.data)
    .data                                    0x2000001e   Section        1  key.o(.data)
    key_up                                   0x2000001e   Data           1  key.o(.data)
    .data                                    0x20000020   Section        2  usart2.o(.data)
    .data                                    0x20000024   Section       28  usmart.o(.data)
    .data                                    0x20000040   Section      292  usmart_config.o(.data)
    .bss                                     0x20000164   Section     1018  test.o(.bss)
    .bss                                     0x2000055e   Section      200  usart.o(.bss)
    .bss                                     0x20000626   Section       14  ili93xx.o(.bss)
    .bss                                     0x20000638   Section      400  usart2.o(.bss)
    .bss                                     0x200007c8   Section       96  libspace.o(.bss)
    HEAP                                     0x20000828   Section      512  startup_stm32f10x_hd.o(HEAP)
    Heap_Mem                                 0x20000828   Data         512  startup_stm32f10x_hd.o(HEAP)
    STACK                                    0x20000a28   Section     1024  startup_stm32f10x_hd.o(STACK)
    Stack_Mem                                0x20000a28   Data        1024  startup_stm32f10x_hd.o(STACK)
    __initial_sp                             0x20000e28   Data           0  startup_stm32f10x_hd.o(STACK)

    Global Symbols

    Symbol Name                              Value     Ov Type        Size  Object(Section)

    BuildAttributes$$THM_ISAv4$P$D$K$B$S$PE$A:L22UL41UL21$X:L11$S22US41US21$IEEE1$IW$USESV6$~STKCKD$USESV7$~SHL$OTIME$ROPI$IEEEJ$EBA8$UX$STANDARDLIB$REQ8$PRES8$EABIv2 0x00000000   Number         0  anon$$obj.o ABSOLUTE
    __ARM_use_no_argv                        0x00000000   Number         0  test.o ABSOLUTE
    _printf_flags                            0x00000000   Number         0  printf_stubs.o ABSOLUTE
    _printf_return_value                     0x00000000   Number         0  printf_stubs.o ABSOLUTE
    _printf_sizespec                         0x00000000   Number         0  printf_stubs.o ABSOLUTE
    _printf_widthprec                        0x00000000   Number         0  printf_stubs.o ABSOLUTE
    __ARM_exceptions_init                     - Undefined Weak Reference
    __alloca_initialize                       - Undefined Weak Reference
    __arm_preinit_                            - Undefined Weak Reference
    __cpp_initialize__aeabi_                  - Undefined Weak Reference
    __cxa_finalize                            - Undefined Weak Reference
    __sigvec_lookup                           - Undefined Weak Reference
    _atexit_init                              - Undefined Weak Reference
    _call_atexit_fns                          - Undefined Weak Reference
    _clock_init                               - Undefined Weak Reference
    _fp_trap_init                             - Undefined Weak Reference
    _fp_trap_shutdown                         - Undefined Weak Reference
    _get_lc_collate                           - Undefined Weak Reference
    _get_lc_monetary                          - Undefined Weak Reference
    _get_lc_time                              - Undefined Weak Reference
    _getenv_init                              - Undefined Weak Reference
    _handle_redirection                       - Undefined Weak Reference
    _init_alloc                               - Undefined Weak Reference
    _init_user_alloc                          - Undefined Weak Reference
    _initio                                   - Undefined Weak Reference
    _mutex_acquire                            - Undefined Weak Reference
    _mutex_release                            - Undefined Weak Reference
    _printf_fp_hex                            - Undefined Weak Reference
    _printf_mbtowc                            - Undefined Weak Reference
    _printf_wc                                - Undefined Weak Reference
    _rand_init                                - Undefined Weak Reference
    _signal_finish                            - Undefined Weak Reference
    _signal_init                              - Undefined Weak Reference
    _terminate_alloc                          - Undefined Weak Reference
    _terminate_user_alloc                     - Undefined Weak Reference
    _terminateio                              - Undefined Weak Reference
    __Vectors_Size                           0x00000130   Number         0  startup_stm32f10x_hd.o ABSOLUTE
    __Vectors                                0x08000000   Data           4  startup_stm32f10x_hd.o(RESET)
    __Vectors_End                            0x08000130   Data           0  startup_stm32f10x_hd.o(RESET)
    __main                                   0x08000131   Thumb Code     8  __main.o(!!!main)
    __scatterload                            0x08000139   Thumb Code     0  __scatter.o(!!!scatter)
    __scatterload_rt2                        0x08000139   Thumb Code    44  __scatter.o(!!!scatter)
    __scatterload_rt2_thumb_only             0x08000139   Thumb Code     0  __scatter.o(!!!scatter)
    __scatterload_null                       0x08000147   Thumb Code     0  __scatter.o(!!!scatter)
    __decompress                             0x0800016d   Thumb Code    90  __dczerorl2.o(!!dczerorl2)
    __decompress1                            0x0800016d   Thumb Code     0  __dczerorl2.o(!!dczerorl2)
    __scatterload_zeroinit                   0x080001c9   Thumb Code    28  __scatter_zi.o(!!handler_zi)
    _printf_n                                0x080001e5   Thumb Code     0  _printf_n.o(.ARM.Collect$$_printf_percent$$00000001)
    _printf_percent                          0x080001e5   Thumb Code     0  _printf_percent.o(.ARM.Collect$$_printf_percent$$00000000)
    _printf_p                                0x080001eb   Thumb Code     0  _printf_p.o(.ARM.Collect$$_printf_percent$$00000002)
    _printf_f                                0x080001f1   Thumb Code     0  _printf_f.o(.ARM.Collect$$_printf_percent$$00000003)
    _printf_e                                0x080001f7   Thumb Code     0  _printf_e.o(.ARM.Collect$$_printf_percent$$00000004)
    _printf_g                                0x080001fd   Thumb Code     0  _printf_g.o(.ARM.Collect$$_printf_percent$$00000005)
    _printf_a                                0x08000203   Thumb Code     0  _printf_a.o(.ARM.Collect$$_printf_percent$$00000006)
    _printf_ll                               0x08000209   Thumb Code     0  _printf_ll.o(.ARM.Collect$$_printf_percent$$00000007)
    _printf_i                                0x08000213   Thumb Code     0  _printf_i.o(.ARM.Collect$$_printf_percent$$00000008)
    _printf_d                                0x08000219   Thumb Code     0  _printf_d.o(.ARM.Collect$$_printf_percent$$00000009)
    _printf_u                                0x0800021f   Thumb Code     0  _printf_u.o(.ARM.Collect$$_printf_percent$$0000000A)
    _printf_o                                0x08000225   Thumb Code     0  _printf_o.o(.ARM.Collect$$_printf_percent$$0000000B)
    _printf_x                                0x0800022b   Thumb Code     0  _printf_x.o(.ARM.Collect$$_printf_percent$$0000000C)
    _printf_lli                              0x08000231   Thumb Code     0  _printf_lli.o(.ARM.Collect$$_printf_percent$$0000000D)
    _printf_lld                              0x08000237   Thumb Code     0  _printf_lld.o(.ARM.Collect$$_printf_percent$$0000000E)
    _printf_llu                              0x0800023d   Thumb Code     0  _printf_llu.o(.ARM.Collect$$_printf_percent$$0000000F)
    _printf_llo                              0x08000243   Thumb Code     0  _printf_llo.o(.ARM.Collect$$_printf_percent$$00000010)
    _printf_llx                              0x08000249   Thumb Code     0  _printf_llx.o(.ARM.Collect$$_printf_percent$$00000011)
    _printf_l                                0x0800024f   Thumb Code     0  _printf_l.o(.ARM.Collect$$_printf_percent$$00000012)
    _printf_c                                0x08000259   Thumb Code     0  _printf_c.o(.ARM.Collect$$_printf_percent$$00000013)
    _printf_s                                0x0800025f   Thumb Code     0  _printf_s.o(.ARM.Collect$$_printf_percent$$00000014)
    _printf_lc                               0x08000265   Thumb Code     0  _printf_lc.o(.ARM.Collect$$_printf_percent$$00000015)
    _printf_ls                               0x0800026b   Thumb Code     0  _printf_ls.o(.ARM.Collect$$_printf_percent$$00000016)
    _printf_percent_end                      0x08000271   Thumb Code     0  _printf_percent_end.o(.ARM.Collect$$_printf_percent$$00000017)
    __rt_lib_init                            0x08000275   Thumb Code     0  libinit.o(.ARM.Collect$$libinit$$00000000)
    __rt_lib_init_fp_1                       0x08000277   Thumb Code     0  libinit2.o(.ARM.Collect$$libinit$$00000002)
    __rt_lib_init_heap_1                     0x08000277   Thumb Code     0  libinit2.o(.ARM.Collect$$libinit$$0000000A)
    __rt_lib_init_lc_common                  0x08000277   Thumb Code     0  libinit2.o(.ARM.Collect$$libinit$$0000000F)
    __rt_lib_init_preinit_1                  0x08000277   Thumb Code     0  libinit2.o(.ARM.Collect$$libinit$$00000004)
    __rt_lib_init_rand_1                     0x08000277   Thumb Code     0  libinit2.o(.ARM.Collect$$libinit$$0000000E)
    __rt_lib_init_user_alloc_1               0x08000277   Thumb Code     0  libinit2.o(.ARM.Collect$$libinit$$0000000C)
    __rt_lib_init_lc_collate_1               0x0800027d   Thumb Code     0  libinit2.o(.ARM.Collect$$libinit$$00000011)
    __rt_lib_init_lc_ctype_2                 0x0800027d   Thumb Code     0  libinit2.o(.ARM.Collect$$libinit$$00000012)
    __rt_lib_init_lc_ctype_1                 0x08000289   Thumb Code     0  libinit2.o(.ARM.Collect$$libinit$$00000013)
    __rt_lib_init_lc_monetary_1              0x08000289   Thumb Code     0  libinit2.o(.ARM.Collect$$libinit$$00000015)
    __rt_lib_init_lc_numeric_2               0x08000289   Thumb Code     0  libinit2.o(.ARM.Collect$$libinit$$00000016)
    __rt_lib_init_alloca_1                   0x08000293   Thumb Code     0  libinit2.o(.ARM.Collect$$libinit$$0000002E)
    __rt_lib_init_argv_1                     0x08000293   Thumb Code     0  libinit2.o(.ARM.Collect$$libinit$$0000002C)
    __rt_lib_init_atexit_1                   0x08000293   Thumb Code     0  libinit2.o(.ARM.Collect$$libinit$$0000001B)
    __rt_lib_init_clock_1                    0x08000293   Thumb Code     0  libinit2.o(.ARM.Collect$$libinit$$00000021)
    __rt_lib_init_cpp_1                      0x08000293   Thumb Code     0  libinit2.o(.ARM.Collect$$libinit$$00000032)
    __rt_lib_init_exceptions_1               0x08000293   Thumb Code     0  libinit2.o(.ARM.Collect$$libinit$$00000030)
    __rt_lib_init_fp_trap_1                  0x08000293   Thumb Code     0  libinit2.o(.ARM.Collect$$libinit$$0000001F)
    __rt_lib_init_getenv_1                   0x08000293   Thumb Code     0  libinit2.o(.ARM.Collect$$libinit$$00000023)
    __rt_lib_init_lc_numeric_1               0x08000293   Thumb Code     0  libinit2.o(.ARM.Collect$$libinit$$00000017)
    __rt_lib_init_lc_time_1                  0x08000293   Thumb Code     0  libinit2.o(.ARM.Collect$$libinit$$00000019)
    __rt_lib_init_return                     0x08000293   Thumb Code     0  libinit2.o(.ARM.Collect$$libinit$$00000033)
    __rt_lib_init_signal_1                   0x08000293   Thumb Code     0  libinit2.o(.ARM.Collect$$libinit$$0000001D)
    __rt_lib_init_stdio_1                    0x08000293   Thumb Code     0  libinit2.o(.ARM.Collect$$libinit$$00000025)
    __rt_lib_shutdown                        0x08000295   Thumb Code     0  libshutdown.o(.ARM.Collect$$libshutdown$$00000000)
    __rt_lib_shutdown_cpp_1                  0x08000297   Thumb Code     0  libshutdown2.o(.ARM.Collect$$libshutdown$$00000002)
    __rt_lib_shutdown_fp_trap_1              0x08000297   Thumb Code     0  libshutdown2.o(.ARM.Collect$$libshutdown$$00000007)
    __rt_lib_shutdown_heap_1                 0x08000297   Thumb Code     0  libshutdown2.o(.ARM.Collect$$libshutdown$$0000000F)
    __rt_lib_shutdown_return                 0x08000297   Thumb Code     0  libshutdown2.o(.ARM.Collect$$libshutdown$$00000010)
    __rt_lib_shutdown_signal_1               0x08000297   Thumb Code     0  libshutdown2.o(.ARM.Collect$$libshutdown$$0000000A)
    __rt_lib_shutdown_stdio_1                0x08000297   Thumb Code     0  libshutdown2.o(.ARM.Collect$$libshutdown$$00000004)
    __rt_lib_shutdown_user_alloc_1           0x08000297   Thumb Code     0  libshutdown2.o(.ARM.Collect$$libshutdown$$0000000C)
    __rt_entry                               0x08000299   Thumb Code     0  __rtentry.o(.ARM.Collect$$rtentry$$00000000)
    __rt_entry_presh_1                       0x08000299   Thumb Code     0  __rtentry2.o(.ARM.Collect$$rtentry$$00000002)
    __rt_entry_sh                            0x08000299   Thumb Code     0  __rtentry4.o(.ARM.Collect$$rtentry$$00000004)
    __rt_entry_li                            0x0800029f   Thumb Code     0  __rtentry2.o(.ARM.Collect$$rtentry$$0000000A)
    __rt_entry_postsh_1                      0x0800029f   Thumb Code     0  __rtentry2.o(.ARM.Collect$$rtentry$$00000009)
    __rt_entry_main                          0x080002a3   Thumb Code     0  __rtentry2.o(.ARM.Collect$$rtentry$$0000000D)
    __rt_entry_postli_1                      0x080002a3   Thumb Code     0  __rtentry2.o(.ARM.Collect$$rtentry$$0000000C)
    __rt_exit                                0x080002ab   Thumb Code     0  rtexit.o(.ARM.Collect$$rtexit$$00000000)
    __rt_exit_ls                             0x080002ad   Thumb Code     0  rtexit2.o(.ARM.Collect$$rtexit$$00000003)
    __rt_exit_prels_1                        0x080002ad   Thumb Code     0  rtexit2.o(.ARM.Collect$$rtexit$$00000002)
    __rt_exit_exit                           0x080002b1   Thumb Code     0  rtexit2.o(.ARM.Collect$$rtexit$$00000004)
    Reset_Handler                            0x080002b9   Thumb Code     4  startup_stm32f10x_hd.o(.text)
    NMI_Handler                              0x080002bd   Thumb Code     2  startup_stm32f10x_hd.o(.text)
    HardFault_Handler                        0x080002bf   Thumb Code     2  startup_stm32f10x_hd.o(.text)
    MemManage_Handler                        0x080002c1   Thumb Code     2  startup_stm32f10x_hd.o(.text)
    BusFault_Handler                         0x080002c3   Thumb Code     2  startup_stm32f10x_hd.o(.text)
    UsageFault_Handler                       0x080002c5   Thumb Code     2  startup_stm32f10x_hd.o(.text)
    SVC_Handler                              0x080002c7   Thumb Code     2  startup_stm32f10x_hd.o(.text)
    DebugMon_Handler                         0x080002c9   Thumb Code     2  startup_stm32f10x_hd.o(.text)
    PendSV_Handler                           0x080002cb   Thumb Code     2  startup_stm32f10x_hd.o(.text)
    SysTick_Handler                          0x080002cd   Thumb Code     2  startup_stm32f10x_hd.o(.text)
    ADC1_2_IRQHandler                        0x080002cf   Thumb Code     0  startup_stm32f10x_hd.o(.text)
    ADC3_IRQHandler                          0x080002cf   Thumb Code     0  startup_stm32f10x_hd.o(.text)
    CAN1_RX1_IRQHandler                      0x080002cf   Thumb Code     0  startup_stm32f10x_hd.o(.text)
    CAN1_SCE_IRQHandler                      0x080002cf   Thumb Code     0  startup_stm32f10x_hd.o(.text)
    DMA1_Channel1_IRQHandler                 0x080002cf   Thumb Code     0  startup_stm32f10x_hd.o(.text)
    DMA1_Channel2_IRQHandler                 0x080002cf   Thumb Code     0  startup_stm32f10x_hd.o(.text)
    DMA1_Channel3_IRQHandler                 0x080002cf   Thumb Code     0  startup_stm32f10x_hd.o(.text)
    DMA1_Channel4_IRQHandler                 0x080002cf   Thumb Code     0  startup_stm32f10x_hd.o(.text)
    DMA1_Channel5_IRQHandler                 0x080002cf   Thumb Code     0  startup_stm32f10x_hd.o(.text)
    DMA1_Channel6_IRQHandler                 0x080002cf   Thumb Code     0  startup_stm32f10x_hd.o(.text)
    DMA1_Channel7_IRQHandler                 0x080002cf   Thumb Code     0  startup_stm32f10x_hd.o(.text)
    DMA2_Channel1_IRQHandler                 0x080002cf   Thumb Code     0  startup_stm32f10x_hd.o(.text)
    DMA2_Channel2_IRQHandler                 0x080002cf   Thumb Code     0  startup_stm32f10x_hd.o(.text)
    DMA2_Channel3_IRQHandler                 0x080002cf   Thumb Code     0  startup_stm32f10x_hd.o(.text)
    DMA2_Channel4_5_IRQHandler               0x080002cf   Thumb Code     0  startup_stm32f10x_hd.o(.text)
    EXTI0_IRQHandler                         0x080002cf   Thumb Code     0  startup_stm32f10x_hd.o(.text)
    EXTI15_10_IRQHandler                     0x080002cf   Thumb Code     0  startup_stm32f10x_hd.o(.text)
    EXTI1_IRQHandler                         0x080002cf   Thumb Code     0  startup_stm32f10x_hd.o(.text)
    EXTI2_IRQHandler                         0x080002cf   Thumb Code     0  startup_stm32f10x_hd.o(.text)
    EXTI3_IRQHandler                         0x080002cf   Thumb Code     0  startup_stm32f10x_hd.o(.text)
    EXTI4_IRQHandler                         0x080002cf   Thumb Code     0  startup_stm32f10x_hd.o(.text)
    EXTI9_5_IRQHandler                       0x080002cf   Thumb Code     0  startup_stm32f10x_hd.o(.text)
    FLASH_IRQHandler                         0x080002cf   Thumb Code     0  startup_stm32f10x_hd.o(.text)
    FSMC_IRQHandler                          0x080002cf   Thumb Code     0  startup_stm32f10x_hd.o(.text)
    I2C1_ER_IRQHandler                       0x080002cf   Thumb Code     0  startup_stm32f10x_hd.o(.text)
    I2C1_EV_IRQHandler                       0x080002cf   Thumb Code     0  startup_stm32f10x_hd.o(.text)
    I2C2_ER_IRQHandler                       0x080002cf   Thumb Code     0  startup_stm32f10x_hd.o(.text)
    I2C2_EV_IRQHandler                       0x080002cf   Thumb Code     0  startup_stm32f10x_hd.o(.text)
    PVD_IRQHandler                           0x080002cf   Thumb Code     0  startup_stm32f10x_hd.o(.text)
    RCC_IRQHandler                           0x080002cf   Thumb Code     0  startup_stm32f10x_hd.o(.text)
    RTCAlarm_IRQHandler                      0x080002cf   Thumb Code     0  startup_stm32f10x_hd.o(.text)
    RTC_IRQHandler                           0x080002cf   Thumb Code     0  startup_stm32f10x_hd.o(.text)
    SDIO_IRQHandler                          0x080002cf   Thumb Code     0  startup_stm32f10x_hd.o(.text)
    SPI1_IRQHandler                          0x080002cf   Thumb Code     0  startup_stm32f10x_hd.o(.text)
    SPI2_IRQHandler                          0x080002cf   Thumb Code     0  startup_stm32f10x_hd.o(.text)
    SPI3_IRQHandler                          0x080002cf   Thumb Code     0  startup_stm32f10x_hd.o(.text)
    TAMPER_IRQHandler                        0x080002cf   Thumb Code     0  startup_stm32f10x_hd.o(.text)
    TIM1_BRK_IRQHandler                      0x080002cf   Thumb Code     0  startup_stm32f10x_hd.o(.text)
    TIM1_CC_IRQHandler                       0x080002cf   Thumb Code     0  startup_stm32f10x_hd.o(.text)
    TIM1_TRG_COM_IRQHandler                  0x080002cf   Thumb Code     0  startup_stm32f10x_hd.o(.text)
    TIM1_UP_IRQHandler                       0x080002cf   Thumb Code     0  startup_stm32f10x_hd.o(.text)
    TIM3_IRQHandler                          0x080002cf   Thumb Code     0  startup_stm32f10x_hd.o(.text)
    TIM5_IRQHandler                          0x080002cf   Thumb Code     0  startup_stm32f10x_hd.o(.text)
    TIM6_IRQHandler                          0x080002cf   Thumb Code     0  startup_stm32f10x_hd.o(.text)
    TIM7_IRQHandler                          0x080002cf   Thumb Code     0  startup_stm32f10x_hd.o(.text)
    TIM8_BRK_IRQHandler                      0x080002cf   Thumb Code     0  startup_stm32f10x_hd.o(.text)
    TIM8_CC_IRQHandler                       0x080002cf   Thumb Code     0  startup_stm32f10x_hd.o(.text)
    TIM8_TRG_COM_IRQHandler                  0x080002cf   Thumb Code     0  startup_stm32f10x_hd.o(.text)
    TIM8_UP_IRQHandler                       0x080002cf   Thumb Code     0  startup_stm32f10x_hd.o(.text)
    UART4_IRQHandler                         0x080002cf   Thumb Code     0  startup_stm32f10x_hd.o(.text)
    UART5_IRQHandler                         0x080002cf   Thumb Code     0  startup_stm32f10x_hd.o(.text)
    USART3_IRQHandler                        0x080002cf   Thumb Code     0  startup_stm32f10x_hd.o(.text)
    USBWakeUp_IRQHandler                     0x080002cf   Thumb Code     0  startup_stm32f10x_hd.o(.text)
    USB_HP_CAN1_TX_IRQHandler                0x080002cf   Thumb Code     0  startup_stm32f10x_hd.o(.text)
    USB_LP_CAN1_RX0_IRQHandler               0x080002cf   Thumb Code     0  startup_stm32f10x_hd.o(.text)
    WWDG_IRQHandler                          0x080002cf   Thumb Code     0  startup_stm32f10x_hd.o(.text)
    __user_initial_stackheap                 0x080002d1   Thumb Code     0  startup_stm32f10x_hd.o(.text)
    __use_no_semihosting                     0x080002f1   Thumb Code     2  use_no_semi_2.o(.text)
    __c89vsprintf                            0x080002f5   Thumb Code    32  c89vsprintf.o(.text)
    __2printf                                0x08000319   Thumb Code    20  __2printf.o(.text)
    __2sprintf                               0x08000331   Thumb Code    38  __2sprintf.o(.text)
    _printf_pre_padding                      0x0800035d   Thumb Code    44  _printf_pad.o(.text)
    _printf_post_padding                     0x08000389   Thumb Code    34  _printf_pad.o(.text)
    _printf_str                              0x080003ab   Thumb Code    82  _printf_str.o(.text)
    _printf_int_dec                          0x080003fd   Thumb Code   104  _printf_dec.o(.text)
    _printf_longlong_hex                     0x08000475   Thumb Code    86  _printf_hex_int_ll_ptr.o(.text)
    _printf_int_hex                          0x080004cb   Thumb Code    28  _printf_hex_int_ll_ptr.o(.text)
    _printf_ll_hex                           0x080004e7   Thumb Code    12  _printf_hex_int_ll_ptr.o(.text)
    _printf_hex_ptr                          0x080004f3   Thumb Code    18  _printf_hex_int_ll_ptr.o(.text)
    __printf                                 0x08000509   Thumb Code   388  __printf_flags_ss_wp.o(.text)
    strstr                                   0x08000691   Thumb Code    36  strstr.o(.text)
    strlen                                   0x080006b5   Thumb Code    62  strlen.o(.text)
    __use_two_region_memory                  0x080006f3   Thumb Code     2  heapauxi.o(.text)
    __rt_heap_escrow$2region                 0x080006f5   Thumb Code     2  heapauxi.o(.text)
    __rt_heap_expand$2region                 0x080006f7   Thumb Code     2  heapauxi.o(.text)
    __I$use$semihosting                      0x080006f9   Thumb Code     0  use_no_semi.o(.text)
    __use_no_semihosting_swi                 0x080006f9   Thumb Code     2  use_no_semi.o(.text)
    _printf_truncate_signed                  0x080006fb   Thumb Code    18  _printf_truncate.o(.text)
    _printf_truncate_unsigned                0x0800070d   Thumb Code    18  _printf_truncate.o(.text)
    _printf_int_common                       0x0800071f   Thumb Code   178  _printf_intcommon.o(.text)
    _printf_charcount                        0x080007d1   Thumb Code    40  _printf_charcount.o(.text)
    __lib_sel_fp_printf                      0x080007f9   Thumb Code     2  _printf_fp_dec.o(.text)
    _printf_fp_dec_real                      0x080009a7   Thumb Code   620  _printf_fp_dec.o(.text)
    _printf_char_common                      0x08000c1f   Thumb Code    32  _printf_char_common.o(.text)
    _sputc                                   0x08000c45   Thumb Code    10  _sputc.o(.text)
    _printf_cs_common                        0x08000c4f   Thumb Code    20  _printf_char.o(.text)
    _printf_char                             0x08000c63   Thumb Code    16  _printf_char.o(.text)
    _printf_string                           0x08000c73   Thumb Code     8  _printf_char.o(.text)
    _printf_char_file                        0x08000c7d   Thumb Code    32  _printf_char_file.o(.text)
    _printf_wctomb                           0x08000ca1   Thumb Code   182  _printf_wctomb.o(.text)
    _printf_longlong_dec                     0x08000d5d   Thumb Code   108  _printf_longlong_dec.o(.text)
    _printf_longlong_oct                     0x08000dd9   Thumb Code    68  _printf_oct_int_ll.o(.text)
    _printf_int_oct                          0x08000e1d   Thumb Code    24  _printf_oct_int_ll.o(.text)
    _printf_ll_oct                           0x08000e35   Thumb Code    12  _printf_oct_int_ll.o(.text)
    __rt_locale                              0x08000e49   Thumb Code     8  rt_locale_intlibspace.o(.text)
    _ll_udiv10                               0x08000e51   Thumb Code   138  lludiv10.o(.text)
    _printf_fp_infnan                        0x08000edd   Thumb Code   112  _printf_fp_infnan.o(.text)
    _printf_lcs_common                       0x08000f5d   Thumb Code    20  _printf_wchar.o(.text)
    _printf_wchar                            0x08000f71   Thumb Code    16  _printf_wchar.o(.text)
    _printf_wstring                          0x08000f81   Thumb Code     8  _printf_wchar.o(.text)
    _btod_etento                             0x08000f89   Thumb Code   216  bigflt0.o(.text)
    ferror                                   0x08001065   Thumb Code     8  ferror.o(.text)
    _wcrtomb                                 0x0800106d   Thumb Code    64  _wcrtomb.o(.text)
    __user_libspace                          0x080010ad   Thumb Code     8  libspace.o(.text)
    __user_perproc_libspace                  0x080010ad   Thumb Code     0  libspace.o(.text)
    __user_perthread_libspace                0x080010ad   Thumb Code     0  libspace.o(.text)
    __user_setup_stackheap                   0x080010b5   Thumb Code    74  sys_stackheap_outer.o(.text)
    __rt_ctype_table                         0x08001101   Thumb Code    16  rt_ctype_table.o(.text)
    exit                                     0x08001111   Thumb Code    18  exit.o(.text)
    strcmp                                   0x08001125   Thumb Code   128  strcmpv7m.o(.text)
    _btod_d2e                                0x080011a5   Thumb Code    62  btod.o(CL$$btod_d2e)
    _d2e_denorm_low                          0x080011e3   Thumb Code    70  btod.o(CL$$btod_d2e_denorm_low)
    _d2e_norm_op1                            0x08001229   Thumb Code    96  btod.o(CL$$btod_d2e_norm_op1)
    __btod_div_common                        0x08001289   Thumb Code   696  btod.o(CL$$btod_div_common)
    _e2e                                     0x080015c1   Thumb Code   198  btod.o(CL$$btod_e2e)
    _btod_ediv                               0x08001687   Thumb Code    40  btod.o(CL$$btod_ediv)
    _btod_emul                               0x080016af   Thumb Code    40  btod.o(CL$$btod_emul)
    __btod_mult_common                       0x080016d7   Thumb Code   580  btod.o(CL$$btod_mult_common)
    GPS_Analysis                             0x0800191b   Thumb Code    56  gps.o(i.GPS_Analysis)
    Gps_Msg_Show                             0x08001955   Thumb Code   548  test.o(i.Gps_Msg_Show)
    HC05_CFG_CMD                             0x08001c6d   Thumb Code    94  hc05.o(i.HC05_CFG_CMD)
    HC05_Get_Role                            0x08001ce9   Thumb Code   124  hc05.o(i.HC05_Get_Role)
    JTAG_Set                                 0x08001d7d   Thumb Code    38  sys.o(i.JTAG_Set)
    KEY_Init                                 0x08001dad   Thumb Code   124  key.o(i.KEY_Init)
    KEY_Scan                                 0x08001e35   Thumb Code   120  key.o(i.KEY_Scan)
    LCD_Clear                                0x08001eb9   Thumb Code   122  ili93xx.o(i.LCD_Clear)
    LCD_Display_Dir                          0x08001f41   Thumb Code   444  ili93xx.o(i.LCD_Display_Dir)
    LCD_Fast_DrawPoint                       0x08002101   Thumb Code   854  ili93xx.o(i.LCD_Fast_DrawPoint)
    LCD_Fill                                 0x08002465   Thumb Code   200  ili93xx.o(i.LCD_Fill)
    LCD_Init                                 0x08002539   Thumb Code 15328  ili93xx.o(i.LCD_Init)
    LCD_RD_DATA                              0x08006119   Thumb Code    98  ili93xx.o(i.LCD_RD_DATA)
    LCD_ReadReg                              0x08006189   Thumb Code    16  ili93xx.o(i.LCD_ReadReg)
    LCD_SSD_BackLightSet                     0x08006199   Thumb Code   198  ili93xx.o(i.LCD_SSD_BackLightSet)
    LCD_Scan_Dir                             0x0800626d   Thumb Code  1112  ili93xx.o(i.LCD_Scan_Dir)
    LCD_SetCursor                            0x080066c5   Thumb Code   944  ili93xx.o(i.LCD_SetCursor)
    LCD_ShowChar                             0x08006a81   Thumb Code   272  ili93xx.o(i.LCD_ShowChar)
    LCD_ShowString                           0x08006ba9   Thumb Code   102  ili93xx.o(i.LCD_ShowString)
    LCD_WR_DATAX                             0x08006c11   Thumb Code    28  ili93xx.o(i.LCD_WR_DATAX)
    LCD_WR_REG                               0x08006c35   Thumb Code    28  ili93xx.o(i.LCD_WR_REG)
    LCD_WriteRAM_Prepare                     0x08006c59   Thumb Code    12  ili93xx.o(i.LCD_WriteRAM_Prepare)
    LCD_WriteReg                             0x08006c69   Thumb Code    40  ili93xx.o(i.LCD_WriteReg)
    LED_Init                                 0x08006c99   Thumb Code   100  led.o(i.LED_Init)
    MYRCC_DeInit                             0x08006d09   Thumb Code    90  sys.o(i.MYRCC_DeInit)
    MY_NVIC_Init                             0x08006d71   Thumb Code   116  sys.o(i.MY_NVIC_Init)
    MY_NVIC_PriorityGroupConfig              0x08006de9   Thumb Code    32  sys.o(i.MY_NVIC_PriorityGroupConfig)
    MY_NVIC_SetVectorTable                   0x08006e11   Thumb Code    12  sys.o(i.MY_NVIC_SetVectorTable)
    NMEA_BDGSV_Analysis                      0x08006e25   Thumb Code   298  gps.o(i.NMEA_BDGSV_Analysis)
    NMEA_Comma_Pos                           0x08006f59   Thumb Code    50  gps.o(i.NMEA_Comma_Pos)
    NMEA_GNGGA_Analysis                      0x08006f8d   Thumb Code    96  gps.o(i.NMEA_GNGGA_Analysis)
    NMEA_GNGSA_Analysis                      0x08006ff5   Thumb Code   176  gps.o(i.NMEA_GNGSA_Analysis)
    NMEA_GNRMC_Analysis                      0x080070ad   Thumb Code   536  gps.o(i.NMEA_GNRMC_Analysis)
    NMEA_GNVTG_Analysis                      0x080072d1   Thumb Code    78  gps.o(i.NMEA_GNVTG_Analysis)
    NMEA_GPGSV_Analysis                      0x08007329   Thumb Code   290  gps.o(i.NMEA_GPGSV_Analysis)
    NMEA_Pow                                 0x08007455   Thumb Code    22  gps.o(i.NMEA_Pow)
    NMEA_Str2num                             0x0800746b   Thumb Code   234  gps.o(i.NMEA_Str2num)
    SkyTra_Cfg_Ack_Check                     0x08007555   Thumb Code   100  gps.o(i.SkyTra_Cfg_Ack_Check)
    SkyTra_Cfg_Prt                           0x080075c1   Thumb Code    88  gps.o(i.SkyTra_Cfg_Prt)
    SkyTra_Cfg_Rate                          0x08007621   Thumb Code    60  gps.o(i.SkyTra_Cfg_Rate)
    SkyTra_Cfg_Tp                            0x08007661   Thumb Code   126  gps.o(i.SkyTra_Cfg_Tp)
    SkyTra_Send_Date                         0x080076e5   Thumb Code    40  gps.o(i.SkyTra_Send_Date)
    Stm32_Clock_Init                         0x08007711   Thumb Code   134  sys.o(i.Stm32_Clock_Init)
    TIM2_IRQHandler                          0x080077a1   Thumb Code    52  usmart.o(i.TIM2_IRQHandler)
    TIM4_IRQHandler                          0x080077d9   Thumb Code    44  usart2.o(i.TIM4_IRQHandler)
    TIM4_Init                                0x0800780d   Thumb Code    72  usart2.o(i.TIM4_Init)
    TIM4_Set                                 0x0800785d   Thumb Code    44  usart2.o(i.TIM4_Set)
    Timer2_Init                              0x0800788d   Thumb Code    58  usmart.o(i.Timer2_Init)
    UART_DMA_Config                          0x080078cd   Thumb Code    80  usart2.o(i.UART_DMA_Config)
    UART_DMA_Enable                          0x08007921   Thumb Code    20  usart2.o(i.UART_DMA_Enable)
    USART1_IRQHandler                        0x08007935   Thumb Code   118  usart.o(i.USART1_IRQHandler)
    USART2_IRQHandler                        0x080079b9   Thumb Code    78  usart2.o(i.USART2_IRQHandler)
    USART2_Init                              0x08007a19   Thumb Code   180  usart2.o(i.USART2_Init)
    __ARM_fpclassify                         0x08007ae9   Thumb Code    40  fpclassify.o(i.__ARM_fpclassify)
    _is_digit                                0x08007b11   Thumb Code    14  __printf_wp.o(i._is_digit)
    _sys_exit                                0x08007b1f   Thumb Code     4  usart.o(i._sys_exit)
    delay_init                               0x08007b25   Thumb Code    56  delay.o(i.delay_init)
    delay_ms                                 0x08007b65   Thumb Code    56  delay.o(i.delay_ms)
    delay_us                                 0x08007ba1   Thumb Code    56  delay.o(i.delay_us)
    fputc                                    0x08007bdd   Thumb Code    24  usart.o(i.fputc)
    main                                     0x08007bf9   Thumb Code   474  test.o(i.main)
    read_addr                                0x08007ead   Thumb Code     6  usmart.o(i.read_addr)
    u2_printf                                0x08007eb5   Thumb Code    56  usart2.o(i.u2_printf)
    uart_init                                0x08007ef5   Thumb Code   202  usart.o(i.uart_init)
    usmart_cmd_rec                           0x08007fd1   Thumb Code   170  usmart.o(i.usmart_cmd_rec)
    usmart_exe                               0x08008081   Thumb Code   634  usmart.o(i.usmart_exe)
    usmart_get_aparm                         0x08008359   Thumb Code   200  usmart_str.o(i.usmart_get_aparm)
    usmart_get_cmdname                       0x08008421   Thumb Code    54  usmart_str.o(i.usmart_get_cmdname)
    usmart_get_fname                         0x08008459   Thumb Code   440  usmart_str.o(i.usmart_get_fname)
    usmart_get_fparam                        0x08008619   Thumb Code   262  usmart_str.o(i.usmart_get_fparam)
    usmart_get_parmpos                       0x08008725   Thumb Code    26  usmart_str.o(i.usmart_get_parmpos)
    usmart_get_runtime                       0x08008745   Thumb Code    58  usmart.o(i.usmart_get_runtime)
    usmart_init                              0x08008785   Thumb Code    36  usmart.o(i.usmart_init)
    usmart_pow                               0x080087ad   Thumb Code    22  usmart_str.o(i.usmart_pow)
    usmart_reset_runtime                     0x080087c5   Thumb Code    34  usmart.o(i.usmart_reset_runtime)
    usmart_scan                              0x080087ed   Thumb Code   120  usmart.o(i.usmart_scan)
    usmart_search_nextc                      0x080088a9   Thumb Code    22  usmart_str.o(i.usmart_search_nextc)
    usmart_str2num                           0x080088bf   Thumb Code   202  usmart_str.o(i.usmart_str2num)
    usmart_strcmp                            0x08008989   Thumb Code    34  usmart_str.o(i.usmart_strcmp)
    usmart_strcopy                           0x080089ab   Thumb Code    22  usmart_str.o(i.usmart_strcopy)
    usmart_strlen                            0x080089c1   Thumb Code    24  usmart_str.o(i.usmart_strlen)
    usmart_sys_cmd_exe                       0x080089d9   Thumb Code  1554  usmart.o(i.usmart_sys_cmd_exe)
    write_addr                               0x080090bd   Thumb Code     4  usmart.o(i.write_addr)
    _get_lc_numeric                          0x080090c1   Thumb Code    44  lc_numeric_c.o(locale$$code)
    _get_lc_ctype                            0x080090ed   Thumb Code    44  lc_ctype_c.o(locale$$code)
    __aeabi_d2uiz                            0x08009119   Thumb Code     0  dfixu.o(x$fpl$dfixu)
    _dfixu                                   0x08009119   Thumb Code    90  dfixu.o(x$fpl$dfixu)
    __aeabi_ui2d                             0x08009173   Thumb Code     0  dflt_clz.o(x$fpl$dfltu)
    _dfltu                                   0x08009173   Thumb Code    38  dflt_clz.o(x$fpl$dfltu)
    __aeabi_dmul                             0x08009199   Thumb Code     0  dmul.o(x$fpl$dmul)
    _dmul                                    0x08009199   Thumb Code   332  dmul.o(x$fpl$dmul)
    __fpl_dnaninf                            0x080092ed   Thumb Code   156  dnaninf.o(x$fpl$dnaninf)
    __fpl_dretinf                            0x08009389   Thumb Code    12  dretinf.o(x$fpl$dretinf)
    __aeabi_f2d                              0x08009395   Thumb Code     0  f2d.o(x$fpl$f2d)
    _f2d                                     0x08009395   Thumb Code    86  f2d.o(x$fpl$f2d)
    __aeabi_fadd                             0x080093ed   Thumb Code     0  faddsub_clz.o(x$fpl$fadd)
    _fadd                                    0x080093ed   Thumb Code   196  faddsub_clz.o(x$fpl$fadd)
    __aeabi_fdiv                             0x080094b1   Thumb Code     0  fdiv.o(x$fpl$fdiv)
    _fdiv                                    0x080094b1   Thumb Code   384  fdiv.o(x$fpl$fdiv)
    __aeabi_f2uiz                            0x08009635   Thumb Code     0  ffixu.o(x$fpl$ffixu)
    _ffixu                                   0x08009635   Thumb Code    62  ffixu.o(x$fpl$ffixu)
    __aeabi_i2f                              0x08009675   Thumb Code     0  fflt_clz.o(x$fpl$fflt)
    _fflt                                    0x08009675   Thumb Code    48  fflt_clz.o(x$fpl$fflt)
    __aeabi_ui2f                             0x080096a5   Thumb Code     0  fflt_clz.o(x$fpl$ffltu)
    _ffltu                                   0x080096a5   Thumb Code    38  fflt_clz.o(x$fpl$ffltu)
    __aeabi_fmul                             0x080096cd   Thumb Code     0  fmul.o(x$fpl$fmul)
    _fmul                                    0x080096cd   Thumb Code   258  fmul.o(x$fpl$fmul)
    __fpl_fnaninf                            0x080097cf   Thumb Code   140  fnaninf.o(x$fpl$fnaninf)
    __fpl_fretinf                            0x0800985b   Thumb Code    10  fretinf.o(x$fpl$fretinf)
    __aeabi_frsub                            0x08009865   Thumb Code     0  faddsub_clz.o(x$fpl$frsb)
    _frsb                                    0x08009865   Thumb Code    20  faddsub_clz.o(x$fpl$frsb)
    __aeabi_fsub                             0x08009879   Thumb Code     0  faddsub_clz.o(x$fpl$fsub)
    _fsub                                    0x08009879   Thumb Code   234  faddsub_clz.o(x$fpl$fsub)
    _printf_fp_dec                           0x08009963   Thumb Code     4  printf1.o(x$fpl$printf1)
    __I$use$fp                               0x08009966   Number         0  usenofp.o(x$fpl$usenofp)
    asc2_1206                                0x08009966   Data        1140  ili93xx.o(.constdata)
    asc2_1608                                0x08009dda   Data        1520  ili93xx.o(.constdata)
    asc2_2412                                0x0800a3ca   Data        3420  ili93xx.o(.constdata)
    BAUD_id                                  0x0800b128   Data          36  gps.o(.constdata)
    Region$$Table$$Base                      0x0800b304   Number         0  anon$$obj.o(Region$$Table)
    Region$$Table$$Limit                     0x0800b324   Number         0  anon$$obj.o(Region$$Table)
    __ctype                                  0x0800b34d   Data           0  lc_ctype_c.o(locale$$data)
    fixmode_tbl                              0x20000000   Data          16  test.o(.data)
    __stdout                                 0x20000014   Data           4  usart.o(.data)
    USART_RX_STA                             0x20000018   Data           2  usart.o(.data)
    POINT_COLOR                              0x2000001a   Data           2  ili93xx.o(.data)
    BACK_COLOR                               0x2000001c   Data           2  ili93xx.o(.data)
    USART2_RX_STA                            0x20000020   Data           2  usart2.o(.data)
    sys_cmd_tab                              0x20000024   Data          28  usmart.o(.data)
    usmart_nametab                           0x20000040   Data          48  usmart_config.o(.data)
    usmart_dev                               0x20000070   Data         244  usmart_config.o(.data)
    USART1_TX_BUF                            0x20000164   Data         800  test.o(.bss)
    gpsx                                     0x20000484   Data         166  test.o(.bss)
    dtbuf                                    0x2000052c   Data          50  test.o(.bss)
    USART_RX_BUF                             0x2000055e   Data         200  usart.o(.bss)
    lcddev                                   0x20000626   Data          14  ili93xx.o(.bss)
    USART2_TX_BUF                            0x20000638   Data         200  usart2.o(.bss)
    USART2_RX_BUF                            0x20000700   Data         200  usart2.o(.bss)
    __libspace_start                         0x200007c8   Data          96  libspace.o(.bss)
    __temporary_stack_top$libspace           0x20000828   Data           0  libspace.o(.bss)



==============================================================================

Memory Map of the image

  Image Entry point : 0x08000131

  Load Region LR_IROM1 (Base: 0x08000000, Size: 0x0000b5b4, Max: 0x00040000, ABSOLUTE, COMPRESSED[0x0000b4b8])

    Execution Region ER_IROM1 (Exec base: 0x08000000, Load base: 0x08000000, Size: 0x0000b450, Max: 0x00040000, ABSOLUTE)

    Exec Addr    Load Addr    Size         Type   Attr      Idx    E Section Name        Object

    0x08000000   0x08000000   0x00000130   Data   RO            3    RESET               startup_stm32f10x_hd.o
    0x08000130   0x08000130   0x00000008   Code   RO          930  * !!!main             c_w.l(__main.o)
    0x08000138   0x08000138   0x00000034   Code   RO         1236    !!!scatter          c_w.l(__scatter.o)
    0x0800016c   0x0800016c   0x0000005a   Code   RO         1234    !!dczerorl2         c_w.l(__dczerorl2.o)
    0x080001c6   0x080001c6   0x00000002   PAD
    0x080001c8   0x080001c8   0x0000001c   Code   RO         1238    !!handler_zi        c_w.l(__scatter_zi.o)
    0x080001e4   0x080001e4   0x00000000   Code   RO          923    .ARM.Collect$$_printf_percent$$00000000  c_w.l(_printf_percent.o)
    0x080001e4   0x080001e4   0x00000006   Code   RO         1000    .ARM.Collect$$_printf_percent$$00000001  c_w.l(_printf_n.o)
    0x080001ea   0x080001ea   0x00000006   Code   RO         1001    .ARM.Collect$$_printf_percent$$00000002  c_w.l(_printf_p.o)
    0x080001f0   0x080001f0   0x00000006   Code   RO          922    .ARM.Collect$$_printf_percent$$00000003  c_w.l(_printf_f.o)
    0x080001f6   0x080001f6   0x00000006   Code   RO         1004    .ARM.Collect$$_printf_percent$$00000004  c_w.l(_printf_e.o)
    0x080001fc   0x080001fc   0x00000006   Code   RO         1005    .ARM.Collect$$_printf_percent$$00000005  c_w.l(_printf_g.o)
    0x08000202   0x08000202   0x00000006   Code   RO         1006    .ARM.Collect$$_printf_percent$$00000006  c_w.l(_printf_a.o)
    0x08000208   0x08000208   0x0000000a   Code   RO         1011    .ARM.Collect$$_printf_percent$$00000007  c_w.l(_printf_ll.o)
    0x08000212   0x08000212   0x00000006   Code   RO         1003    .ARM.Collect$$_printf_percent$$00000008  c_w.l(_printf_i.o)
    0x08000218   0x08000218   0x00000006   Code   RO          920    .ARM.Collect$$_printf_percent$$00000009  c_w.l(_printf_d.o)
    0x0800021e   0x0800021e   0x00000006   Code   RO          921    .ARM.Collect$$_printf_percent$$0000000A  c_w.l(_printf_u.o)
    0x08000224   0x08000224   0x00000006   Code   RO         1002    .ARM.Collect$$_printf_percent$$0000000B  c_w.l(_printf_o.o)
    0x0800022a   0x0800022a   0x00000006   Code   RO          919    .ARM.Collect$$_printf_percent$$0000000C  c_w.l(_printf_x.o)
    0x08000230   0x08000230   0x00000006   Code   RO         1008    .ARM.Collect$$_printf_percent$$0000000D  c_w.l(_printf_lli.o)
    0x08000236   0x08000236   0x00000006   Code   RO         1009    .ARM.Collect$$_printf_percent$$0000000E  c_w.l(_printf_lld.o)
    0x0800023c   0x0800023c   0x00000006   Code   RO         1010    .ARM.Collect$$_printf_percent$$0000000F  c_w.l(_printf_llu.o)
    0x08000242   0x08000242   0x00000006   Code   RO         1015    .ARM.Collect$$_printf_percent$$00000010  c_w.l(_printf_llo.o)
    0x08000248   0x08000248   0x00000006   Code   RO         1016    .ARM.Collect$$_printf_percent$$00000011  c_w.l(_printf_llx.o)
    0x0800024e   0x0800024e   0x0000000a   Code   RO         1012    .ARM.Collect$$_printf_percent$$00000012  c_w.l(_printf_l.o)
    0x08000258   0x08000258   0x00000006   Code   RO          917    .ARM.Collect$$_printf_percent$$00000013  c_w.l(_printf_c.o)
    0x0800025e   0x0800025e   0x00000006   Code   RO          918    .ARM.Collect$$_printf_percent$$00000014  c_w.l(_printf_s.o)
    0x08000264   0x08000264   0x00000006   Code   RO         1013    .ARM.Collect$$_printf_percent$$00000015  c_w.l(_printf_lc.o)
    0x0800026a   0x0800026a   0x00000006   Code   RO         1014    .ARM.Collect$$_printf_percent$$00000016  c_w.l(_printf_ls.o)
    0x08000270   0x08000270   0x00000004   Code   RO         1007    .ARM.Collect$$_printf_percent$$00000017  c_w.l(_printf_percent_end.o)
    0x08000274   0x08000274   0x00000002   Code   RO         1108    .ARM.Collect$$libinit$$00000000  c_w.l(libinit.o)
    0x08000276   0x08000276   0x00000000   Code   RO         1110    .ARM.Collect$$libinit$$00000002  c_w.l(libinit2.o)
    0x08000276   0x08000276   0x00000000   Code   RO         1112    .ARM.Collect$$libinit$$00000004  c_w.l(libinit2.o)
    0x08000276   0x08000276   0x00000000   Code   RO         1115    .ARM.Collect$$libinit$$0000000A  c_w.l(libinit2.o)
    0x08000276   0x08000276   0x00000000   Code   RO         1117    .ARM.Collect$$libinit$$0000000C  c_w.l(libinit2.o)
    0x08000276   0x08000276   0x00000000   Code   RO         1119    .ARM.Collect$$libinit$$0000000E  c_w.l(libinit2.o)
    0x08000276   0x08000276   0x00000006   Code   RO         1120    .ARM.Collect$$libinit$$0000000F  c_w.l(libinit2.o)
    0x0800027c   0x0800027c   0x00000000   Code   RO         1122    .ARM.Collect$$libinit$$00000011  c_w.l(libinit2.o)
    0x0800027c   0x0800027c   0x0000000c   Code   RO         1123    .ARM.Collect$$libinit$$00000012  c_w.l(libinit2.o)
    0x08000288   0x08000288   0x00000000   Code   RO         1124    .ARM.Collect$$libinit$$00000013  c_w.l(libinit2.o)
    0x08000288   0x08000288   0x00000000   Code   RO         1126    .ARM.Collect$$libinit$$00000015  c_w.l(libinit2.o)
    0x08000288   0x08000288   0x0000000a   Code   RO         1127    .ARM.Collect$$libinit$$00000016  c_w.l(libinit2.o)
    0x08000292   0x08000292   0x00000000   Code   RO         1128    .ARM.Collect$$libinit$$00000017  c_w.l(libinit2.o)
    0x08000292   0x08000292   0x00000000   Code   RO         1130    .ARM.Collect$$libinit$$00000019  c_w.l(libinit2.o)
    0x08000292   0x08000292   0x00000000   Code   RO         1132    .ARM.Collect$$libinit$$0000001B  c_w.l(libinit2.o)
    0x08000292   0x08000292   0x00000000   Code   RO         1134    .ARM.Collect$$libinit$$0000001D  c_w.l(libinit2.o)
    0x08000292   0x08000292   0x00000000   Code   RO         1136    .ARM.Collect$$libinit$$0000001F  c_w.l(libinit2.o)
    0x08000292   0x08000292   0x00000000   Code   RO         1138    .ARM.Collect$$libinit$$00000021  c_w.l(libinit2.o)
    0x08000292   0x08000292   0x00000000   Code   RO         1140    .ARM.Collect$$libinit$$00000023  c_w.l(libinit2.o)
    0x08000292   0x08000292   0x00000000   Code   RO         1142    .ARM.Collect$$libinit$$00000025  c_w.l(libinit2.o)
    0x08000292   0x08000292   0x00000000   Code   RO         1146    .ARM.Collect$$libinit$$0000002C  c_w.l(libinit2.o)
    0x08000292   0x08000292   0x00000000   Code   RO         1148    .ARM.Collect$$libinit$$0000002E  c_w.l(libinit2.o)
    0x08000292   0x08000292   0x00000000   Code   RO         1150    .ARM.Collect$$libinit$$00000030  c_w.l(libinit2.o)
    0x08000292   0x08000292   0x00000000   Code   RO         1152    .ARM.Collect$$libinit$$00000032  c_w.l(libinit2.o)
    0x08000292   0x08000292   0x00000002   Code   RO         1153    .ARM.Collect$$libinit$$00000033  c_w.l(libinit2.o)
    0x08000294   0x08000294   0x00000002   Code   RO         1184    .ARM.Collect$$libshutdown$$00000000  c_w.l(libshutdown.o)
    0x08000296   0x08000296   0x00000000   Code   RO         1193    .ARM.Collect$$libshutdown$$00000002  c_w.l(libshutdown2.o)
    0x08000296   0x08000296   0x00000000   Code   RO         1195    .ARM.Collect$$libshutdown$$00000004  c_w.l(libshutdown2.o)
    0x08000296   0x08000296   0x00000000   Code   RO         1198    .ARM.Collect$$libshutdown$$00000007  c_w.l(libshutdown2.o)
    0x08000296   0x08000296   0x00000000   Code   RO         1201    .ARM.Collect$$libshutdown$$0000000A  c_w.l(libshutdown2.o)
    0x08000296   0x08000296   0x00000000   Code   RO         1203    .ARM.Collect$$libshutdown$$0000000C  c_w.l(libshutdown2.o)
    0x08000296   0x08000296   0x00000000   Code   RO         1206    .ARM.Collect$$libshutdown$$0000000F  c_w.l(libshutdown2.o)
    0x08000296   0x08000296   0x00000002   Code   RO         1207    .ARM.Collect$$libshutdown$$00000010  c_w.l(libshutdown2.o)
    0x08000298   0x08000298   0x00000000   Code   RO          972    .ARM.Collect$$rtentry$$00000000  c_w.l(__rtentry.o)
    0x08000298   0x08000298   0x00000000   Code   RO         1027    .ARM.Collect$$rtentry$$00000002  c_w.l(__rtentry2.o)
    0x08000298   0x08000298   0x00000006   Code   RO         1039    .ARM.Collect$$rtentry$$00000004  c_w.l(__rtentry4.o)
    0x0800029e   0x0800029e   0x00000000   Code   RO         1029    .ARM.Collect$$rtentry$$00000009  c_w.l(__rtentry2.o)
    0x0800029e   0x0800029e   0x00000004   Code   RO         1030    .ARM.Collect$$rtentry$$0000000A  c_w.l(__rtentry2.o)
    0x080002a2   0x080002a2   0x00000000   Code   RO         1032    .ARM.Collect$$rtentry$$0000000C  c_w.l(__rtentry2.o)
    0x080002a2   0x080002a2   0x00000008   Code   RO         1033    .ARM.Collect$$rtentry$$0000000D  c_w.l(__rtentry2.o)
    0x080002aa   0x080002aa   0x00000002   Code   RO         1154    .ARM.Collect$$rtexit$$00000000  c_w.l(rtexit.o)
    0x080002ac   0x080002ac   0x00000000   Code   RO         1164    .ARM.Collect$$rtexit$$00000002  c_w.l(rtexit2.o)
    0x080002ac   0x080002ac   0x00000004   Code   RO         1165    .ARM.Collect$$rtexit$$00000003  c_w.l(rtexit2.o)
    0x080002b0   0x080002b0   0x00000006   Code   RO         1166    .ARM.Collect$$rtexit$$00000004  c_w.l(rtexit2.o)
    0x080002b6   0x080002b6   0x00000002   PAD
    0x080002b8   0x080002b8   0x00000038   Code   RO            4    .text               startup_stm32f10x_hd.o
    0x080002f0   0x080002f0   0x00000002   Code   RO          856    .text               c_w.l(use_no_semi_2.o)
    0x080002f2   0x080002f2   0x00000002   PAD
    0x080002f4   0x080002f4   0x00000024   Code   RO          858    .text               c_w.l(c89vsprintf.o)
    0x08000318   0x08000318   0x00000018   Code   RO          860    .text               c_w.l(__2printf.o)
    0x08000330   0x08000330   0x0000002c   Code   RO          862    .text               c_w.l(__2sprintf.o)
    0x0800035c   0x0800035c   0x0000004e   Code   RO          870    .text               c_w.l(_printf_pad.o)
    0x080003aa   0x080003aa   0x00000052   Code   RO          872    .text               c_w.l(_printf_str.o)
    0x080003fc   0x080003fc   0x00000078   Code   RO          874    .text               c_w.l(_printf_dec.o)
    0x08000474   0x08000474   0x00000094   Code   RO          894    .text               c_w.l(_printf_hex_int_ll_ptr.o)
    0x08000508   0x08000508   0x00000188   Code   RO          914    .text               c_w.l(__printf_flags_ss_wp.o)
    0x08000690   0x08000690   0x00000024   Code   RO          924    .text               c_w.l(strstr.o)
    0x080006b4   0x080006b4   0x0000003e   Code   RO          926    .text               c_w.l(strlen.o)
    0x080006f2   0x080006f2   0x00000006   Code   RO          928    .text               c_w.l(heapauxi.o)
    0x080006f8   0x080006f8   0x00000002   Code   RO          970    .text               c_w.l(use_no_semi.o)
    0x080006fa   0x080006fa   0x00000024   Code   RO          973    .text               c_w.l(_printf_truncate.o)
    0x0800071e   0x0800071e   0x000000b2   Code   RO          975    .text               c_w.l(_printf_intcommon.o)
    0x080007d0   0x080007d0   0x00000028   Code   RO          977    .text               c_w.l(_printf_charcount.o)
    0x080007f8   0x080007f8   0x0000041a   Code   RO          979    .text               c_w.l(_printf_fp_dec.o)
    0x08000c12   0x08000c12   0x00000002   PAD
    0x08000c14   0x08000c14   0x00000030   Code   RO          981    .text               c_w.l(_printf_char_common.o)
    0x08000c44   0x08000c44   0x0000000a   Code   RO          983    .text               c_w.l(_sputc.o)
    0x08000c4e   0x08000c4e   0x0000002c   Code   RO          985    .text               c_w.l(_printf_char.o)
    0x08000c7a   0x08000c7a   0x00000002   PAD
    0x08000c7c   0x08000c7c   0x00000024   Code   RO          987    .text               c_w.l(_printf_char_file.o)
    0x08000ca0   0x08000ca0   0x000000bc   Code   RO          989    .text               c_w.l(_printf_wctomb.o)
    0x08000d5c   0x08000d5c   0x0000007c   Code   RO          992    .text               c_w.l(_printf_longlong_dec.o)
    0x08000dd8   0x08000dd8   0x00000070   Code   RO          998    .text               c_w.l(_printf_oct_int_ll.o)
    0x08000e48   0x08000e48   0x00000008   Code   RO         1044    .text               c_w.l(rt_locale_intlibspace.o)
    0x08000e50   0x08000e50   0x0000008a   Code   RO         1046    .text               c_w.l(lludiv10.o)
    0x08000eda   0x08000eda   0x00000002   PAD
    0x08000edc   0x08000edc   0x00000080   Code   RO         1048    .text               c_w.l(_printf_fp_infnan.o)
    0x08000f5c   0x08000f5c   0x0000002c   Code   RO         1052    .text               c_w.l(_printf_wchar.o)
    0x08000f88   0x08000f88   0x000000dc   Code   RO         1054    .text               c_w.l(bigflt0.o)
    0x08001064   0x08001064   0x00000008   Code   RO         1079    .text               c_w.l(ferror.o)
    0x0800106c   0x0800106c   0x00000040   Code   RO         1083    .text               c_w.l(_wcrtomb.o)
    0x080010ac   0x080010ac   0x00000008   Code   RO         1092    .text               c_w.l(libspace.o)
    0x080010b4   0x080010b4   0x0000004a   Code   RO         1095    .text               c_w.l(sys_stackheap_outer.o)
    0x080010fe   0x080010fe   0x00000002   PAD
    0x08001100   0x08001100   0x00000010   Code   RO         1097    .text               c_w.l(rt_ctype_table.o)
    0x08001110   0x08001110   0x00000012   Code   RO         1099    .text               c_w.l(exit.o)
    0x08001122   0x08001122   0x00000002   PAD
    0x08001124   0x08001124   0x00000080   Code   RO         1101    .text               c_w.l(strcmpv7m.o)
    0x080011a4   0x080011a4   0x0000003e   Code   RO         1057    CL$$btod_d2e        c_w.l(btod.o)
    0x080011e2   0x080011e2   0x00000046   Code   RO         1059    CL$$btod_d2e_denorm_low  c_w.l(btod.o)
    0x08001228   0x08001228   0x00000060   Code   RO         1058    CL$$btod_d2e_norm_op1  c_w.l(btod.o)
    0x08001288   0x08001288   0x00000338   Code   RO         1067    CL$$btod_div_common  c_w.l(btod.o)
    0x080015c0   0x080015c0   0x000000c6   Code   RO         1064    CL$$btod_e2e        c_w.l(btod.o)
    0x08001686   0x08001686   0x00000028   Code   RO         1061    CL$$btod_ediv       c_w.l(btod.o)
    0x080016ae   0x080016ae   0x00000028   Code   RO         1060    CL$$btod_emul       c_w.l(btod.o)
    0x080016d6   0x080016d6   0x00000244   Code   RO         1066    CL$$btod_mult_common  c_w.l(btod.o)
    0x0800191a   0x0800191a   0x00000038   Code   RO          587    i.GPS_Analysis      gps.o
    0x08001952   0x08001952   0x00000002   PAD
    0x08001954   0x08001954   0x00000318   Code   RO           10    i.Gps_Msg_Show      test.o
    0x08001c6c   0x08001c6c   0x0000007c   Code   RO          553    i.HC05_CFG_CMD      hc05.o
    0x08001ce8   0x08001ce8   0x00000094   Code   RO          554    i.HC05_Get_Role     hc05.o
    0x08001d7c   0x08001d7c   0x00000030   Code   RO          125    i.JTAG_Set          sys.o
    0x08001dac   0x08001dac   0x00000088   Code   RO          466    i.KEY_Init          key.o
    0x08001e34   0x08001e34   0x00000084   Code   RO          467    i.KEY_Scan          key.o
    0x08001eb8   0x08001eb8   0x00000088   Code   RO          257    i.LCD_Clear         ili93xx.o
    0x08001f40   0x08001f40   0x000001c0   Code   RO          261    i.LCD_Display_Dir   ili93xx.o
    0x08002100   0x08002100   0x00000364   Code   RO          266    i.LCD_Fast_DrawPoint  ili93xx.o
    0x08002464   0x08002464   0x000000d4   Code   RO          267    i.LCD_Fill          ili93xx.o
    0x08002538   0x08002538   0x00003be0   Code   RO          268    i.LCD_Init          ili93xx.o
    0x08006118   0x08006118   0x00000070   Code   RO          270    i.LCD_RD_DATA       ili93xx.o
    0x08006188   0x08006188   0x00000010   Code   RO          272    i.LCD_ReadReg       ili93xx.o
    0x08006198   0x08006198   0x000000d4   Code   RO          273    i.LCD_SSD_BackLightSet  ili93xx.o
    0x0800626c   0x0800626c   0x00000458   Code   RO          274    i.LCD_Scan_Dir      ili93xx.o
    0x080066c4   0x080066c4   0x000003bc   Code   RO          275    i.LCD_SetCursor     ili93xx.o
    0x08006a80   0x08006a80   0x00000128   Code   RO          277    i.LCD_ShowChar      ili93xx.o
    0x08006ba8   0x08006ba8   0x00000066   Code   RO          279    i.LCD_ShowString    ili93xx.o
    0x08006c0e   0x08006c0e   0x00000002   PAD
    0x08006c10   0x08006c10   0x00000024   Code   RO          281    i.LCD_WR_DATAX      ili93xx.o
    0x08006c34   0x08006c34   0x00000024   Code   RO          282    i.LCD_WR_REG        ili93xx.o
    0x08006c58   0x08006c58   0x00000010   Code   RO          284    i.LCD_WriteRAM_Prepare  ili93xx.o
    0x08006c68   0x08006c68   0x00000030   Code   RO          285    i.LCD_WriteReg      ili93xx.o
    0x08006c98   0x08006c98   0x00000070   Code   RO          244    i.LED_Init          led.o
    0x08006d08   0x08006d08   0x00000068   Code   RO          126    i.MYRCC_DeInit      sys.o
    0x08006d70   0x08006d70   0x00000078   Code   RO          127    i.MY_NVIC_Init      sys.o
    0x08006de8   0x08006de8   0x00000028   Code   RO          128    i.MY_NVIC_PriorityGroupConfig  sys.o
    0x08006e10   0x08006e10   0x00000014   Code   RO          129    i.MY_NVIC_SetVectorTable  sys.o
    0x08006e24   0x08006e24   0x00000134   Code   RO          588    i.NMEA_BDGSV_Analysis  gps.o
    0x08006f58   0x08006f58   0x00000032   Code   RO          589    i.NMEA_Comma_Pos    gps.o
    0x08006f8a   0x08006f8a   0x00000002   PAD
    0x08006f8c   0x08006f8c   0x00000068   Code   RO          590    i.NMEA_GNGGA_Analysis  gps.o
    0x08006ff4   0x08006ff4   0x000000b8   Code   RO          591    i.NMEA_GNGSA_Analysis  gps.o
    0x080070ac   0x080070ac   0x00000224   Code   RO          592    i.NMEA_GNRMC_Analysis  gps.o
    0x080072d0   0x080072d0   0x00000058   Code   RO          593    i.NMEA_GNVTG_Analysis  gps.o
    0x08007328   0x08007328   0x0000012c   Code   RO          594    i.NMEA_GPGSV_Analysis  gps.o
    0x08007454   0x08007454   0x00000016   Code   RO          595    i.NMEA_Pow          gps.o
    0x0800746a   0x0800746a   0x000000ea   Code   RO          596    i.NMEA_Str2num      gps.o
    0x08007554   0x08007554   0x0000006c   Code   RO          597    i.SkyTra_Cfg_Ack_Check  gps.o
    0x080075c0   0x080075c0   0x00000060   Code   RO          598    i.SkyTra_Cfg_Prt    gps.o
    0x08007620   0x08007620   0x00000040   Code   RO          599    i.SkyTra_Cfg_Rate   gps.o
    0x08007660   0x08007660   0x00000084   Code   RO          600    i.SkyTra_Cfg_Tp     gps.o
    0x080076e4   0x080076e4   0x0000002c   Code   RO          601    i.SkyTra_Send_Date  gps.o
    0x08007710   0x08007710   0x00000090   Code   RO          130    i.Stm32_Clock_Init  sys.o
    0x080077a0   0x080077a0   0x00000038   Code   RO          693    i.TIM2_IRQHandler   usmart.o
    0x080077d8   0x080077d8   0x00000034   Code   RO          485    i.TIM4_IRQHandler   usart2.o
    0x0800780c   0x0800780c   0x00000050   Code   RO          486    i.TIM4_Init         usart2.o
    0x0800785c   0x0800785c   0x00000030   Code   RO          487    i.TIM4_Set          usart2.o
    0x0800788c   0x0800788c   0x00000040   Code   RO          694    i.Timer2_Init       usmart.o
    0x080078cc   0x080078cc   0x00000054   Code   RO          488    i.UART_DMA_Config   usart2.o
    0x08007920   0x08007920   0x00000014   Code   RO          489    i.UART_DMA_Enable   usart2.o
    0x08007934   0x08007934   0x00000084   Code   RO          203    i.USART1_IRQHandler  usart.o
    0x080079b8   0x080079b8   0x00000060   Code   RO          490    i.USART2_IRQHandler  usart2.o
    0x08007a18   0x08007a18   0x000000d0   Code   RO          491    i.USART2_Init       usart2.o
    0x08007ae8   0x08007ae8   0x00000028   Code   RO         1090    i.__ARM_fpclassify  m_ws.l(fpclassify.o)
    0x08007b10   0x08007b10   0x0000000e   Code   RO          907    i._is_digit         c_w.l(__printf_wp.o)
    0x08007b1e   0x08007b1e   0x00000004   Code   RO          204    i._sys_exit         usart.o
    0x08007b22   0x08007b22   0x00000002   PAD
    0x08007b24   0x08007b24   0x00000040   Code   RO           95    i.delay_init        delay.o
    0x08007b64   0x08007b64   0x0000003c   Code   RO           96    i.delay_ms          delay.o
    0x08007ba0   0x08007ba0   0x0000003c   Code   RO           97    i.delay_us          delay.o
    0x08007bdc   0x08007bdc   0x0000001c   Code   RO          205    i.fputc             usart.o
    0x08007bf8   0x08007bf8   0x000002b4   Code   RO           11    i.main              test.o
    0x08007eac   0x08007eac   0x00000006   Code   RO          695    i.read_addr         usmart.o
    0x08007eb2   0x08007eb2   0x00000002   PAD
    0x08007eb4   0x08007eb4   0x00000040   Code   RO          492    i.u2_printf         usart2.o
    0x08007ef4   0x08007ef4   0x000000dc   Code   RO          206    i.uart_init         usart.o
    0x08007fd0   0x08007fd0   0x000000b0   Code   RO          696    i.usmart_cmd_rec    usmart.o
    0x08008080   0x08008080   0x000002d8   Code   RO          697    i.usmart_exe        usmart.o
    0x08008358   0x08008358   0x000000c8   Code   RO          782    i.usmart_get_aparm  usmart_str.o
    0x08008420   0x08008420   0x00000036   Code   RO          783    i.usmart_get_cmdname  usmart_str.o
    0x08008456   0x08008456   0x00000002   PAD
    0x08008458   0x08008458   0x000001c0   Code   RO          784    i.usmart_get_fname  usmart_str.o
    0x08008618   0x08008618   0x0000010c   Code   RO          785    i.usmart_get_fparam  usmart_str.o
    0x08008724   0x08008724   0x00000020   Code   RO          786    i.usmart_get_parmpos  usmart_str.o
    0x08008744   0x08008744   0x00000040   Code   RO          698    i.usmart_get_runtime  usmart.o
    0x08008784   0x08008784   0x00000028   Code   RO          699    i.usmart_init       usmart.o
    0x080087ac   0x080087ac   0x00000016   Code   RO          787    i.usmart_pow        usmart_str.o
    0x080087c2   0x080087c2   0x00000002   PAD
    0x080087c4   0x080087c4   0x00000028   Code   RO          700    i.usmart_reset_runtime  usmart.o
    0x080087ec   0x080087ec   0x000000bc   Code   RO          701    i.usmart_scan       usmart.o
    0x080088a8   0x080088a8   0x00000016   Code   RO          788    i.usmart_search_nextc  usmart_str.o
    0x080088be   0x080088be   0x000000ca   Code   RO          789    i.usmart_str2num    usmart_str.o
    0x08008988   0x08008988   0x00000022   Code   RO          790    i.usmart_strcmp     usmart_str.o
    0x080089aa   0x080089aa   0x00000016   Code   RO          791    i.usmart_strcopy    usmart_str.o
    0x080089c0   0x080089c0   0x00000018   Code   RO          792    i.usmart_strlen     usmart_str.o
    0x080089d8   0x080089d8   0x000006e4   Code   RO          702    i.usmart_sys_cmd_exe  usmart.o
    0x080090bc   0x080090bc   0x00000004   Code   RO          703    i.write_addr        usmart.o
    0x080090c0   0x080090c0   0x0000002c   Code   RO         1086    locale$$code        c_w.l(lc_numeric_c.o)
    0x080090ec   0x080090ec   0x0000002c   Code   RO         1157    locale$$code        c_w.l(lc_ctype_c.o)
    0x08009118   0x08009118   0x0000005a   Code   RO          932    x$fpl$dfixu         fz_ws.l(dfixu.o)
    0x08009172   0x08009172   0x00000026   Code   RO          936    x$fpl$dfltu         fz_ws.l(dflt_clz.o)
    0x08009198   0x08009198   0x00000154   Code   RO          942    x$fpl$dmul          fz_ws.l(dmul.o)
    0x080092ec   0x080092ec   0x0000009c   Code   RO         1017    x$fpl$dnaninf       fz_ws.l(dnaninf.o)
    0x08009388   0x08009388   0x0000000c   Code   RO         1019    x$fpl$dretinf       fz_ws.l(dretinf.o)
    0x08009394   0x08009394   0x00000056   Code   RO          944    x$fpl$f2d           fz_ws.l(f2d.o)
    0x080093ea   0x080093ea   0x00000002   PAD
    0x080093ec   0x080093ec   0x000000c4   Code   RO          946    x$fpl$fadd          fz_ws.l(faddsub_clz.o)
    0x080094b0   0x080094b0   0x00000184   Code   RO          953    x$fpl$fdiv          fz_ws.l(fdiv.o)
    0x08009634   0x08009634   0x0000003e   Code   RO          956    x$fpl$ffixu         fz_ws.l(ffixu.o)
    0x08009672   0x08009672   0x00000002   PAD
    0x08009674   0x08009674   0x00000030   Code   RO          961    x$fpl$fflt          fz_ws.l(fflt_clz.o)
    0x080096a4   0x080096a4   0x00000026   Code   RO          960    x$fpl$ffltu         fz_ws.l(fflt_clz.o)
    0x080096ca   0x080096ca   0x00000002   PAD
    0x080096cc   0x080096cc   0x00000102   Code   RO          966    x$fpl$fmul          fz_ws.l(fmul.o)
    0x080097ce   0x080097ce   0x0000008c   Code   RO         1021    x$fpl$fnaninf       fz_ws.l(fnaninf.o)
    0x0800985a   0x0800985a   0x0000000a   Code   RO         1023    x$fpl$fretinf       fz_ws.l(fretinf.o)
    0x08009864   0x08009864   0x00000014   Code   RO          947    x$fpl$frsb          fz_ws.l(faddsub_clz.o)
    0x08009878   0x08009878   0x000000ea   Code   RO          948    x$fpl$fsub          fz_ws.l(faddsub_clz.o)
    0x08009962   0x08009962   0x00000004   Code   RO          968    x$fpl$printf1       fz_ws.l(printf1.o)
    0x08009966   0x08009966   0x00000000   Code   RO         1025    x$fpl$usenofp       fz_ws.l(usenofp.o)
    0x08009966   0x08009966   0x000017c0   Data   RO          288    .constdata          ili93xx.o
    0x0800b126   0x0800b126   0x00000002   PAD
    0x0800b128   0x0800b128   0x00000024   Data   RO          602    .constdata          gps.o
    0x0800b14c   0x0800b14c   0x00000028   Data   RO          895    .constdata          c_w.l(_printf_hex_int_ll_ptr.o)
    0x0800b174   0x0800b174   0x00000011   Data   RO          915    .constdata          c_w.l(__printf_flags_ss_wp.o)
    0x0800b185   0x0800b185   0x00000003   PAD
    0x0800b188   0x0800b188   0x00000008   Data   RO          990    .constdata          c_w.l(_printf_wctomb.o)
    0x0800b190   0x0800b190   0x00000094   Data   RO         1055    .constdata          c_w.l(bigflt0.o)
    0x0800b224   0x0800b224   0x00000015   Data   RO           13    .conststring        test.o
    0x0800b239   0x0800b239   0x00000003   PAD
    0x0800b23c   0x0800b23c   0x00000028   Data   RO          704    .conststring        usmart.o
    0x0800b264   0x0800b264   0x0000009f   Data   RO          769    .conststring        usmart_config.o
    0x0800b303   0x0800b303   0x00000001   PAD
    0x0800b304   0x0800b304   0x00000020   Data   RO         1232    Region$$Table       anon$$obj.o
    0x0800b324   0x0800b324   0x0000001c   Data   RO         1085    locale$$data        c_w.l(lc_numeric_c.o)
    0x0800b340   0x0800b340   0x00000110   Data   RO         1156    locale$$data        c_w.l(lc_ctype_c.o)


    Execution Region RW_IRAM1 (Exec base: 0x20000000, Load base: 0x0800b450, Size: 0x00000e28, Max: 0x0000c000, ABSOLUTE, COMPRESSED[0x00000068])

    Exec Addr    Load Addr    Size         Type   Attr      Idx    E Section Name        Object

    0x20000000   COMPRESSED   0x00000010   Data   RW           14    .data               test.o
    0x20000010   COMPRESSED   0x00000004   Data   RW           98    .data               delay.o
    0x20000014   COMPRESSED   0x00000006   Data   RW          208    .data               usart.o
    0x2000001a   COMPRESSED   0x00000004   Data   RW          289    .data               ili93xx.o
    0x2000001e   COMPRESSED   0x00000001   Data   RW          468    .data               key.o
    0x2000001f   COMPRESSED   0x00000001   PAD
    0x20000020   COMPRESSED   0x00000002   Data   RW          494    .data               usart2.o
    0x20000022   COMPRESSED   0x00000002   PAD
    0x20000024   COMPRESSED   0x0000001c   Data   RW          705    .data               usmart.o
    0x20000040   COMPRESSED   0x00000124   Data   RW          770    .data               usmart_config.o
    0x20000164        -       0x000003fa   Zero   RW           12    .bss                test.o
    0x2000055e        -       0x000000c8   Zero   RW          207    .bss                usart.o
    0x20000626        -       0x0000000e   Zero   RW          287    .bss                ili93xx.o
    0x20000634   COMPRESSED   0x00000004   PAD
    0x20000638        -       0x00000190   Zero   RW          493    .bss                usart2.o
    0x200007c8        -       0x00000060   Zero   RW         1093    .bss                c_w.l(libspace.o)
    0x20000828        -       0x00000200   Zero   RW            2    HEAP                startup_stm32f10x_hd.o
    0x20000a28        -       0x00000400   Zero   RW            1    STACK               startup_stm32f10x_hd.o


==============================================================================

Image component sizes


      Code (inc. data)   RO Data    RW Data    ZI Data      Debug   Object Name

       184         16          0          4          0       1651   delay.o
      2338         88         36          0          0      10805   gps.o
       272         54          0          0          0       1707   hc05.o
     19934        252       6080          4         14      23295   ili93xx.o
       268         24          0          1          0       1094   key.o
       112         12          0          0          0        431   led.o
        56         22        304          0       1536        800   startup_stm32f10x_hd.o
       476         54          0          0          0       3251   sys.o
      1484        462         21         16       1018     211485   test.o
       384         36          0          6        200       3932   usart.o
       652         78          0          2        400       5591   usart2.o
      3130       1322         40         28          0       7202   usmart.o
         0          0        159        292          0       1552   usmart_config.o
      1328         20          0          0          0       8241   usmart_str.o

    ----------------------------------------------------------------------
     30632       2440       6678        356       3172     281037   Object Totals
         0          0         32          0          0          0   (incl. Generated)
        14          0          6          3          4          0   (incl. Padding)

    ----------------------------------------------------------------------

      Code (inc. data)   RO Data    RW Data    ZI Data      Debug   Library Member Name

        24          4          0          0          0         84   __2printf.o
        44          6          0          0          0         84   __2sprintf.o
        90          0          0          0          0          0   __dczerorl2.o
         8          0          0          0          0         68   __main.o
       392          4         17          0          0         92   __printf_flags_ss_wp.o
        14          0          0          0          0         68   __printf_wp.o
         0          0          0          0          0          0   __rtentry.o
        12          0          0          0          0          0   __rtentry2.o
         6          0          0          0          0          0   __rtentry4.o
        52          8          0          0          0          0   __scatter.o
        28          0          0          0          0          0   __scatter_zi.o
         6          0          0          0          0          0   _printf_a.o
         6          0          0          0          0          0   _printf_c.o
        44          0          0          0          0        108   _printf_char.o
        48          6          0          0          0         96   _printf_char_common.o
        36          4          0          0          0         80   _printf_char_file.o
        40          0          0          0          0         68   _printf_charcount.o
         6          0          0          0          0          0   _printf_d.o
       120         16          0          0          0         92   _printf_dec.o
         6          0          0          0          0          0   _printf_e.o
         6          0          0          0          0          0   _printf_f.o
      1050          0          0          0          0        216   _printf_fp_dec.o
       128         16          0          0          0         84   _printf_fp_infnan.o
         6          0          0          0          0          0   _printf_g.o
       148          4         40          0          0        160   _printf_hex_int_ll_ptr.o
         6          0          0          0          0          0   _printf_i.o
       178          0          0          0          0         88   _printf_intcommon.o
        10          0          0          0          0          0   _printf_l.o
         6          0          0          0          0          0   _printf_lc.o
        10          0          0          0          0          0   _printf_ll.o
         6          0          0          0          0          0   _printf_lld.o
         6          0          0          0          0          0   _printf_lli.o
         6          0          0          0          0          0   _printf_llo.o
         6          0          0          0          0          0   _printf_llu.o
         6          0          0          0          0          0   _printf_llx.o
       124         16          0          0          0         92   _printf_longlong_dec.o
         6          0          0          0          0          0   _printf_ls.o
         6          0          0          0          0          0   _printf_n.o
         6          0          0          0          0          0   _printf_o.o
       112          8          0          0          0        124   _printf_oct_int_ll.o
         6          0          0          0          0          0   _printf_p.o
        78          0          0          0          0        108   _printf_pad.o
         0          0          0          0          0          0   _printf_percent.o
         4          0          0          0          0          0   _printf_percent_end.o
         6          0          0          0          0          0   _printf_s.o
        82          0          0          0          0         80   _printf_str.o
        36          0          0          0          0         84   _printf_truncate.o
         6          0          0          0          0          0   _printf_u.o
        44          0          0          0          0        108   _printf_wchar.o
       188          6          8          0          0         92   _printf_wctomb.o
         6          0          0          0          0          0   _printf_x.o
        10          0          0          0          0         68   _sputc.o
        64          0          0          0          0         92   _wcrtomb.o
       220          4        148          0          0         96   bigflt0.o
      1910        128          0          0          0        672   btod.o
        36          4          0          0          0         76   c89vsprintf.o
        18          0          0          0          0         80   exit.o
         8          0          0          0          0         68   ferror.o
         6          0          0          0          0        152   heapauxi.o
        44         10        272          0          0         76   lc_ctype_c.o
        44         10         28          0          0         76   lc_numeric_c.o
         2          0          0          0          0          0   libinit.o
        30          0          0          0          0          0   libinit2.o
         2          0          0          0          0          0   libshutdown.o
         2          0          0          0          0          0   libshutdown2.o
         8          4          0          0         96         68   libspace.o
       138          0          0          0          0         80   lludiv10.o
        16          4          0          0          0         76   rt_ctype_table.o
         8          4          0          0          0         68   rt_locale_intlibspace.o
         2          0          0          0          0          0   rtexit.o
        10          0          0          0          0          0   rtexit2.o
       128          0          0          0          0         68   strcmpv7m.o
        62          0          0          0          0         76   strlen.o
        36          0          0          0          0         80   strstr.o
        74          0          0          0          0         80   sys_stackheap_outer.o
         2          0          0          0          0         68   use_no_semi.o
         2          0          0          0          0         68   use_no_semi_2.o
        90          4          0          0          0         92   dfixu.o
        38          0          0          0          0         68   dflt_clz.o
       340         12          0          0          0        104   dmul.o
       156          4          0          0          0         92   dnaninf.o
        12          0          0          0          0         68   dretinf.o
        86          4          0          0          0         84   f2d.o
       450          8          0          0          0        236   faddsub_clz.o
       388         76          0          0          0         96   fdiv.o
        62          4          0          0          0         84   ffixu.o
        86          0          0          0          0        136   fflt_clz.o
       258          4          0          0          0         84   fmul.o
       140          4          0          0          0         84   fnaninf.o
        10          0          0          0          0         68   fretinf.o
         4          0          0          0          0         68   printf1.o
         0          0          0          0          0          0   usenofp.o
        40          0          0          0          0         68   fpclassify.o

    ----------------------------------------------------------------------
      8334        386        516          0         96       5696   Library Totals
        22          0          3          0          0          0   (incl. Padding)

    ----------------------------------------------------------------------

      Code (inc. data)   RO Data    RW Data    ZI Data      Debug   Library Name

      6152        266        513          0         96       4264   c_w.l
      2120        120          0          0          0       1364   fz_ws.l
        40          0          0          0          0         68   m_ws.l

    ----------------------------------------------------------------------
      8334        386        516          0         96       5696   Library Totals

    ----------------------------------------------------------------------

==============================================================================


      Code (inc. data)   RO Data    RW Data    ZI Data      Debug   

     38966       2826       7194        356       3268     279449   Grand Totals
     38966       2826       7194        104       3268     279449   ELF Image Totals (compressed)
     38966       2826       7194        104          0          0   ROM Totals

==============================================================================

    Total RO  Size (Code + RO Data)                46160 (  45.08kB)
    Total RW  Size (RW Data + ZI Data)              3624 (   3.54kB)
    Total ROM Size (Code + RO Data + RW Data)      46264 (  45.18kB)

==============================================================================

