Component: ARM Compiler 5.06 update 7 (build 960) Tool: armlink [4d3601]

==============================================================================

Section Cross References

    startup_stm32f10x_hd.o(STACK) refers (Special) to heapauxi.o(.text) for __use_two_region_memory
    startup_stm32f10x_hd.o(HEAP) refers (Special) to heapauxi.o(.text) for __use_two_region_memory
    startup_stm32f10x_hd.o(RESET) refers (Special) to heapauxi.o(.text) for __use_two_region_memory
    startup_stm32f10x_hd.o(RESET) refers to startup_stm32f10x_hd.o(STACK) for __initial_sp
    startup_stm32f10x_hd.o(RESET) refers to startup_stm32f10x_hd.o(.text) for Reset_Handler
    startup_stm32f10x_hd.o(RESET) refers to usmart.o(i.TIM2_IRQHandler) for TIM2_IRQHandler
    startup_stm32f10x_hd.o(RESET) refers to usart2.o(i.TIM4_IRQHandler) for TIM4_IRQHandler
    startup_stm32f10x_hd.o(RESET) refers to usart.o(i.USART1_IRQHandler) for USART1_IRQHandler
    startup_stm32f10x_hd.o(RESET) refers to usart2.o(i.USART2_IRQHandler) for USART2_IRQHandler
    startup_stm32f10x_hd.o(.text) refers (Special) to heapauxi.o(.text) for __use_two_region_memory
    startup_stm32f10x_hd.o(.text) refers to __main.o(!!!main) for __main
    startup_stm32f10x_hd.o(.text) refers to startup_stm32f10x_hd.o(HEAP) for Heap_Mem
    startup_stm32f10x_hd.o(.text) refers to startup_stm32f10x_hd.o(STACK) for Stack_Mem
    test.o(i.Gps_Msg_Show) refers to _printf_pad.o(.text) for _printf_pre_padding
    test.o(i.Gps_Msg_Show) refers to _printf_percent.o(.ARM.Collect$$_printf_percent$$00000000) for _printf_percent
    test.o(i.Gps_Msg_Show) refers to _printf_f.o(.ARM.Collect$$_printf_percent$$00000003) for _printf_f
    test.o(i.Gps_Msg_Show) refers to _printf_c.o(.ARM.Collect$$_printf_percent$$00000013) for _printf_c
    test.o(i.Gps_Msg_Show) refers to printf1.o(x$fpl$printf1) for _printf_fp_dec
    test.o(i.Gps_Msg_Show) refers to _printf_str.o(.text) for _printf_str
    test.o(i.Gps_Msg_Show) refers to _printf_s.o(.ARM.Collect$$_printf_percent$$00000014) for _printf_s
    test.o(i.Gps_Msg_Show) refers to _printf_d.o(.ARM.Collect$$_printf_percent$$00000009) for _printf_d
    test.o(i.Gps_Msg_Show) refers to _printf_dec.o(.text) for _printf_int_dec
    test.o(i.Gps_Msg_Show) refers to fflt_clz.o(x$fpl$ffltu) for __aeabi_ui2f
    test.o(i.Gps_Msg_Show) refers to fdiv.o(x$fpl$fdiv) for __aeabi_fdiv
    test.o(i.Gps_Msg_Show) refers to f2d.o(x$fpl$f2d) for __aeabi_f2d
    test.o(i.Gps_Msg_Show) refers to __2sprintf.o(.text) for __2sprintf
    test.o(i.Gps_Msg_Show) refers to ili93xx.o(i.LCD_ShowString) for LCD_ShowString
    test.o(i.Gps_Msg_Show) refers to fflt_clz.o(x$fpl$fflt) for __aeabi_i2f
    test.o(i.Gps_Msg_Show) refers to ili93xx.o(.data) for POINT_COLOR
    test.o(i.Gps_Msg_Show) refers to test.o(.bss) for gpsx
    test.o(i.Gps_Msg_Show) refers to test.o(.data) for fixmode_tbl
    test.o(i.main) refers to _printf_percent.o(.ARM.Collect$$_printf_percent$$00000000) for _printf_percent
    test.o(i.main) refers to _printf_s.o(.ARM.Collect$$_printf_percent$$00000014) for _printf_s
    test.o(i.main) refers to _printf_str.o(.text) for _printf_str
    test.o(i.main) refers to sys.o(i.Stm32_Clock_Init) for Stm32_Clock_Init
    test.o(i.main) refers to delay.o(i.delay_init) for delay_init
    test.o(i.main) refers to usart.o(i.uart_init) for uart_init
    test.o(i.main) refers to gps.o(i.usart2_init) for usart2_init
    test.o(i.main) refers to led.o(i.LED_Init) for LED_Init
    test.o(i.main) refers to ili93xx.o(i.LCD_Init) for LCD_Init
    test.o(i.main) refers to key.o(i.KEY_Init) for KEY_Init
    test.o(i.main) refers to ili93xx.o(i.LCD_ShowString) for LCD_ShowString
    test.o(i.main) refers to gps.o(i.SkyTra_Cfg_Rate) for SkyTra_Cfg_Rate
    test.o(i.main) refers to usart2.o(i.USART2_Init) for USART2_Init
    test.o(i.main) refers to gps.o(i.SkyTra_Cfg_Prt) for SkyTra_Cfg_Prt
    test.o(i.main) refers to gps.o(i.SkyTra_Cfg_Tp) for SkyTra_Cfg_Tp
    test.o(i.main) refers to delay.o(i.delay_ms) for delay_ms
    test.o(i.main) refers to ili93xx.o(i.LCD_Fill) for LCD_Fill
    test.o(i.main) refers to gps.o(i.GPS_Analysis) for GPS_Analysis
    test.o(i.main) refers to test.o(i.Gps_Msg_Show) for Gps_Msg_Show
    test.o(i.main) refers to __2printf.o(.text) for __2printf
    test.o(i.main) refers to key.o(i.KEY_Scan) for KEY_Scan
    test.o(i.main) refers to ili93xx.o(.data) for POINT_COLOR
    test.o(i.main) refers to usart2.o(.data) for USART2_RX_STA
    test.o(i.main) refers to usart2.o(.bss) for USART2_RX_BUF
    test.o(i.main) refers to test.o(.bss) for USART1_TX_BUF
    test.o(.data) refers to test.o(.conststring) for .conststring
    delay.o(i.delay_init) refers to delay.o(.data) for fac_us
    delay.o(i.delay_ms) refers to delay.o(.data) for fac_ms
    delay.o(i.delay_us) refers to delay.o(.data) for fac_us
    sys.o(i.MYRCC_DeInit) refers to sys.o(i.MY_NVIC_SetVectorTable) for MY_NVIC_SetVectorTable
[...]
    .ARM.Collect$$libinit$$0000000C          0x08000276   Section        0  libinit2.o(.ARM.Collect$$libinit$$0000000C)
    .ARM.Collect$$libinit$$0000000E          0x08000276   Section        0  libinit2.o(.ARM.Collect$$libinit$$0000000E)
    .ARM.Collect$$libinit$$0000000F          0x08000276   Section        6  libinit2.o(.ARM.Collect$$libinit$$0000000F)
    .ARM.Collect$$libinit$$00000011          0x0800027c   Section        0  libinit2.o(.ARM.Collect$$libinit$$00000011)
    .ARM.Collect$$libinit$$00000012          0x0800027c   Section       12  libinit2.o(.ARM.Collect$$libinit$$00000012)
    .ARM.Collect$$libinit$$00000013          0x08000288   Section        0  libinit2.o(.ARM.Collect$$libinit$$00000013)
    .ARM.Collect$$libinit$$00000015          0x08000288   Section        0  libinit2.o(.ARM.Collect$$libinit$$00000015)
    .ARM.Collect$$libinit$$00000016          0x08000288   Section       10  libinit2.o(.ARM.Collect$$libinit$$00000016)
    .ARM.Collect$$libinit$$00000017          0x08000292   Section        0  libinit2.o(.ARM.Collect$$libinit$$00000017)
    .ARM.Collect$$libinit$$00000019          0x08000292   Section        0  libinit2.o(.ARM.Collect$$libinit$$00000019)
    .ARM.Collect$$libinit$$0000001B          0x08000292   Section        0  libinit2.o(.ARM.Collect$$libinit$$0000001B)
    .ARM.Collect$$libinit$$0000001D          0x08000292   Section        0  libinit2.o(.ARM.Collect$$libinit$$0000001D)
    .ARM.Collect$$libinit$$0000001F          0x08000292   Section        0  libinit2.o(.ARM.Collect$$libinit$$0000001F)
    .ARM.Collect$$libinit$$00000021          0x08000292   Section        0  libinit2.o(.ARM.Collect$$libinit$$00000021)
    .ARM.Collect$$libinit$$00000023          0x08000292   Section        0  libinit2.o(.ARM.Collect$$libinit$$00000023)
    .ARM.Collect$$libinit$$00000025          0x08000292   Section        0  libinit2.o(.ARM.Collect$$libinit$$00000025)
    .ARM.Collect$$libinit$$0000002C          0x08000292   Section        0  libinit2.o(.ARM.Collect$$libinit$$0000002C)
    .ARM.Collect$$libinit$$0000002E          0x08000292   Section        0  libinit2.o(.ARM.Collect$$libinit$$0000002E)
    .ARM.Collect$$libinit$$00000030          0x08000292   Section        0  libinit2.o(.ARM.Collect$$libinit$$00000030)
    .ARM.Collect$$libinit$$00000032          0x08000292   Section        0  libinit2.o(.ARM.Collect$$libinit$$00000032)
    .ARM.Collect$$libinit$$00000033          0x08000292   Section        2  libinit2.o(.ARM.Collect$$libinit$$00000033)
    .ARM.Collect$$libshutdown$$00000000      0x08000294   Section        2  libshutdown.o(.ARM.Collect$$libshutdown$$00000000)
    .ARM.Collect$$libshutdown$$00000002      0x08000296   Section        0  libshutdown2.o(.ARM.Collect$$libshutdown$$00000002)
    .ARM.Collect$$libshutdown$$00000004      0x08000296   Section        0  libshutdown2.o(.ARM.Collect$$libshutdown$$00000004)
    .ARM.Collect$$libshutdown$$00000006      0x08000296   Section        0  libshutdown2.o(.ARM.Collect$$libshutdown$$00000006)
    .ARM.Collect$$libshutdown$$00000009      0x08000296   Section        0  libshutdown2.o(.ARM.Collect$$libshutdown$$00000009)
    .ARM.Collect$$libshutdown$$0000000C      0x08000296   Section        0  libshutdown2.o(.ARM.Collect$$libshutdown$$0000000C)
    .ARM.Collect$$libshutdown$$0000000E      0x08000296   Section        0  libshutdown2.o(.ARM.Collect$$libshutdown$$0000000E)
    .ARM.Collect$$libshutdown$$00000011      0x08000296   Section        0  libshutdown2.o(.ARM.Collect$$libshutdown$$00000011)
    .ARM.Collect$$libshutdown$$00000012      0x08000296   Section        2  libshutdown2.o(.ARM.Collect$$libshutdown$$00000012)
    .ARM.Collect$$rtentry$$00000000          0x08000298   Section        0  __rtentry.o(.ARM.Collect$$rtentry$$00000000)
    .ARM.Collect$$rtentry$$00000002          0x08000298   Section        0  __rtentry2.o(.ARM.Collect$$rtentry$$00000002)
    .ARM.Collect$$rtentry$$00000004          0x08000298   Section        6  __rtentry4.o(.ARM.Collect$$rtentry$$00000004)
    .ARM.Collect$$rtentry$$00000009          0x0800029e   Section        0  __rtentry2.o(.ARM.Collect$$rtentry$$00000009)
    .ARM.Collect$$rtentry$$0000000A          0x0800029e   Section        4  __rtentry2.o(.ARM.Collect$$rtentry$$0000000A)
    .ARM.Collect$$rtentry$$0000000C          0x080002a2   Section        0  __rtentry2.o(.ARM.Collect$$rtentry$$0000000C)
    .ARM.Collect$$rtentry$$0000000D          0x080002a2   Section        8  __rtentry2.o(.ARM.Collect$$rtentry$$0000000D)
    .ARM.Collect$$rtexit$$00000000           0x080002aa   Section        2  rtexit.o(.ARM.Collect$$rtexit$$00000000)
    .ARM.Collect$$rtexit$$00000002           0x080002ac   Section        0  rtexit2.o(.ARM.Collect$$rtexit$$00000002)
    .ARM.Collect$$rtexit$$00000003           0x080002ac   Section        4  rtexit2.o(.ARM.Collect$$rtexit$$00000003)
    .ARM.Collect$$rtexit$$00000004           0x080002b0   Section        6  rtexit2.o(.ARM.Collect$$rtexit$$00000004)
    .text                                    0x080002b8   Section       56  startup_stm32f10x_hd.o(.text)
    .text                                    0x080002f0   Section        2  use_no_semi_2.o(.text)
    .text                                    0x080002f4   Section        0  c89vsprintf.o(.text)
    .text                                    0x08000318   Section        0  __2printf.o(.text)
    .text                                    0x08000330   Section        0  __2sprintf.o(.text)
    .text                                    0x0800035c   Section        0  _printf_pad.o(.text)
    .text                                    0x080003aa   Section        0  _printf_str.o(.text)
    .text                                    0x080003fc   Section        0  _printf_dec.o(.text)
    .text                                    0x08000474   Section        0  _printf_hex_int_ll_ptr.o(.text)
    _printf_hex_common                       0x08000475   Thumb Code     0  _printf_hex_int_ll_ptr.o(.text)
    .text                                    0x08000508   Section        0  __printf_flags_ss_wp.o(.text)
    .text                                    0x08000690   Section        0  strstr.o(.text)
    .text                                    0x080006b4   Section        0  strlen.o(.text)
    .text                                    0x080006f2   Section        0  heapauxi.o(.text)
    .text                                    0x080006f8   Section        2  use_no_semi.o(.text)
    .text                                    0x080006fa   Section        0  _printf_truncate.o(.text)
    .text                                    0x0800071e   Section        0  _printf_intcommon.o(.text)
    .text                                    0x080007d0   Section        0  _printf_charcount.o(.text)
    .text                                    0x080007f8   Section        0  _printf_fp_dec.o(.text)
    _fp_digits                               0x080007fb   Thumb Code   432  _printf_fp_dec.o(.text)
    .text                                    0x08000c18   Section        0  _printf_char_common.o(.text)
    _printf_input_char                       0x08000c19   Thumb Code    10  _printf_char_common.o(.text)
    .text                                    0x08000c48   Section        0  _sputc.o(.text)
    .text                                    0x08000c52   Section        0  _printf_char.o(.text)
    .text                                    0x08000c80   Section        0  _printf_char_file.o(.text)
    .text                                    0x08000ca4   Section        0  _printf_wctomb.o(.text)
    .text                                    0x08000d60   Section        0  _printf_longlong_dec.o(.text)
    .text                                    0x08000ddc   Section        0  _printf_oct_int_ll.o(.text)
    _printf_longlong_oct_internal            0x08000ddd   Thumb Code     0  _printf_oct_int_ll.o(.text)
    .text                                    0x08000e4c   Section        8  rt_locale_intlibspace.o(.text)
    .text                                    0x08000e54   Section      138  lludiv10.o(.text)
    .text                                    0x08000ee0   Section        0  _printf_fp_infnan.o(.text)
    .text                                    0x08000f60   Section        0  _printf_wchar.o(.text)
    .text                                    0x08000f8c   Section        0  bigflt0.o(.text)
    .text                                    0x08001070   Section        0  ferror.o(.text)
    .text                                    0x08001078   Section        0  _wcrtomb.o(.text)
    .text                                    0x080010b8   Section        8  libspace.o(.text)
    .text                                    0x080010c0   Section       74  sys_stackheap_outer.o(.text)
    .text                                    0x0800110c   Section       16  rt_ctype_table.o(.text)
    .text                                    0x0800111c   Section        0  exit.o(.text)
    .text                                    0x08001130   Section      128  strcmpv7m.o(.text)
    CL$$btod_d2e                             0x080011b0   Section       62  btod.o(CL$$btod_d2e)
    CL$$btod_d2e_denorm_low                  0x080011ee   Section       70  btod.o(CL$$btod_d2e_denorm_low)
    CL$$btod_d2e_norm_op1                    0x08001234   Section       96  btod.o(CL$$btod_d2e_norm_op1)
    CL$$btod_div_common                      0x08001294   Section      824  btod.o(CL$$btod_div_common)
    CL$$btod_e2e                             0x080015cc   Section      220  btod.o(CL$$btod_e2e)
    CL$$btod_ediv                            0x080016a8   Section       42  btod.o(CL$$btod_ediv)
    CL$$btod_emul                            0x080016d2   Section       42  btod.o(CL$$btod_emul)
    CL$$btod_mult_common                     0x080016fc   Section      580  btod.o(CL$$btod_mult_common)
    i.GPS_Analysis                           0x08001940   Section        0  gps.o(i.GPS_Analysis)
    i.Gps_Msg_Show                           0x08001978   Section        0  test.o(i.Gps_Msg_Show)
    i.HC05_CFG_CMD                           0x08001c90   Section        0  hc05.o(i.HC05_CFG_CMD)
    i.HC05_Get_Role                          0x08001d0c   Section        0  hc05.o(i.HC05_Get_Role)
    i.JTAG_Set                               0x08001da0   Section        0  sys.o(i.JTAG_Set)
    i.KEY_Init                               0x08001dd0   Section        0  key.o(i.KEY_Init)
    i.KEY_Scan                               0x08001e58   Section        0  key.o(i.KEY_Scan)
    i.LCD_Clear                              0x08001edc   Section        0  ili93xx.o(i.LCD_Clear)
    i.LCD_Display_Dir                        0x08001f64   Section        0  ili93xx.o(i.LCD_Display_Dir)
    i.LCD_Fast_DrawPoint                     0x08002124   Section        0  ili93xx.o(i.LCD_Fast_DrawPoint)
    i.LCD_Fill                               0x08002488   Section        0  ili93xx.o(i.LCD_Fill)
    i.LCD_Init                               0x0800255c   Section        0  ili93xx.o(i.LCD_Init)
    i.LCD_RD_DATA                            0x0800613c   Section        0  ili93xx.o(i.LCD_RD_DATA)
    i.LCD_ReadReg                            0x080061ac   Section        0  ili93xx.o(i.LCD_ReadReg)
    i.LCD_SSD_BackLightSet                   0x080061bc   Section        0  ili93xx.o(i.LCD_SSD_BackLightSet)
    i.LCD_Scan_Dir                           0x08006290   Section        0  ili93xx.o(i.LCD_Scan_Dir)
    i.LCD_SetCursor                          0x080066e8   Section        0  ili93xx.o(i.LCD_SetCursor)
    i.LCD_ShowChar                           0x08006aa4   Section        0  ili93xx.o(i.LCD_ShowChar)
    i.LCD_ShowString                         0x08006bcc   Section        0  ili93xx.o(i.LCD_ShowString)
    i.LCD_WR_DATAX                           0x08006c34   Section        0  ili93xx.o(i.LCD_WR_DATAX)
    i.LCD_WR_REG                             0x08006c58   Section        0  ili93xx.o(i.LCD_WR_REG)
    i.LCD_WriteRAM_Prepare                   0x08006c7c   Section        0  ili93xx.o(i.LCD_WriteRAM_Prepare)
    i.LCD_WriteReg                           0x08006c8c   Section        0  ili93xx.o(i.LCD_WriteReg)
    i.LED_Init                               0x08006cbc   Section        0  led.o(i.LED_Init)
    i.MYRCC_DeInit                           0x08006d2c   Section        0  sys.o(i.MYRCC_DeInit)
    i.MY_NVIC_Init                           0x08006d94   Section        0  sys.o(i.MY_NVIC_Init)
    i.MY_NVIC_PriorityGroupConfig            0x08006e0c   Section        0  sys.o(i.MY_NVIC_PriorityGroupConfig)
    i.MY_NVIC_SetVectorTable                 0x08006e34   Section        0  sys.o(i.MY_NVIC_SetVectorTable)
    i.NMEA_BDGSV_Analysis                    0x08006e48   Section        0  gps.o(i.NMEA_BDGSV_Analysis)
    i.NMEA_Comma_Pos                         0x08006f7c   Section        0  gps.o(i.NMEA_Comma_Pos)
    i.NMEA_GNGGA_Analysis                    0x08006fb0   Section        0  gps.o(i.NMEA_GNGGA_Analysis)
    i.NMEA_GNGSA_Analysis                    0x08007018   Section        0  gps.o(i.NMEA_GNGSA_Analysis)
    i.NMEA_GNRMC_Analysis                    0x080070d0   Section        0  gps.o(i.NMEA_GNRMC_Analysis)
    i.NMEA_GNVTG_Analysis                    0x080072f4   Section        0  gps.o(i.NMEA_GNVTG_Analysis)
    i.NMEA_GPGSV_Analysis                    0x0800734c   Section        0  gps.o(i.NMEA_GPGSV_Analysis)
    i.NMEA_Pow                               0x08007478   Section        0  gps.o(i.NMEA_Pow)
    i.NMEA_Str2num                           0x0800748e   Section        0  gps.o(i.NMEA_Str2num)
    i.SkyTra_Cfg_Ack_Check                   0x08007578   Section        0  gps.o(i.SkyTra_Cfg_Ack_Check)
    i.SkyTra_Cfg_Prt                         0x080075e4   Section        0  gps.o(i.SkyTra_Cfg_Prt)
    i.SkyTra_Cfg_Rate                        0x08007644   Section        0  gps.o(i.SkyTra_Cfg_Rate)
    i.SkyTra_Cfg_Tp                          0x08007684   Section        0  gps.o(i.SkyTra_Cfg_Tp)
    i.SkyTra_Send_Date                       0x08007708   Section        0  gps.o(i.SkyTra_Send_Date)
    i.Stm32_Clock_Init                       0x08007734   Section        0  sys.o(i.Stm32_Clock_Init)
    i.TIM2_IRQHandler                        0x080077c4   Section        0  usmart.o(i.TIM2_IRQHandler)
    i.TIM4_IRQHandler                        0x080077fc   Section        0  usart2.o(i.TIM4_IRQHandler)
    i.TIM4_Init                              0x08007830   Section        0  usart2.o(i.TIM4_Init)
    i.TIM4_Set                               0x08007880   Section        0  usart2.o(i.TIM4_Set)
    i.Timer2_Init                            0x080078b0   Section        0  usmart.o(i.Timer2_Init)
    i.UART_DMA_Config                        0x080078f0   Section        0  usart2.o(i.UART_DMA_Config)
    i.UART_DMA_Enable                        0x08007944   Section        0  usart2.o(i.UART_DMA_Enable)
    i.USART1_IRQHandler                      0x08007958   Section        0  usart.o(i.USART1_IRQHandler)
    i.USART2_IRQHandler                      0x080079dc   Section        0  usart2.o(i.USART2_IRQHandler)
    i.USART2_Init                            0x08007a3c   Section        0  usart2.o(i.USART2_Init)
    i.USART2_init                            0x08007b0c   Section        0  gps.o(i.USART2_init)
    i.__ARM_fpclassify                       0x08007b0e   Section        0  fpclassify.o(i.__ARM_fpclassify)
    i._is_digit                              0x08007b36   Section        0  __printf_wp.o(i._is_digit)
    i._sys_exit                              0x08007b44   Section        0  usart.o(i._sys_exit)
    i.delay_init                             0x08007b48   Section        0  delay.o(i.delay_init)
    i.delay_ms                               0x08007b88   Section        0  delay.o(i.delay_ms)
    i.delay_us                               0x08007bc4   Section        0  delay.o(i.delay_us)
    i.fputc                                  0x08007c00   Section        0  usart.o(i.fputc)
    i.main                                   0x08007c1c   Section        0  test.o(i.main)
    i.read_addr                              0x08007ed0   Section        0  usmart.o(i.read_addr)
    i.u2_printf                              0x08007ed8   Section        0  usart2.o(i.u2_printf)
    i.uart_init                              0x08007f18   Section        0  usart.o(i.uart_init)
    i.usart2_init                            0x08007ff4   Section        0  gps.o(i.usart2_init)
    i.usmart_cmd_rec                         0x08007ff8   Section        0  usmart.o(i.usmart_cmd_rec)
    i.usmart_exe                             0x080080a8   Section        0  usmart.o(i.usmart_exe)
    i.usmart_get_aparm                       0x08008380   Section        0  usmart_str.o(i.usmart_get_aparm)
    i.usmart_get_cmdname                     0x08008448   Section        0  usmart_str.o(i.usmart_get_cmdname)
    i.usmart_get_fname                       0x08008480   Section        0  usmart_str.o(i.usmart_get_fname)
    i.usmart_get_fparam                      0x08008640   Section        0  usmart_str.o(i.usmart_get_fparam)
    i.usmart_get_parmpos                     0x0800874c   Section        0  usmart_str.o(i.usmart_get_parmpos)
    i.usmart_get_runtime                     0x0800876c   Section        0  usmart.o(i.usmart_get_runtime)
    i.usmart_init                            0x080087ac   Section        0  usmart.o(i.usmart_init)
    i.usmart_pow                             0x080087d4   Section        0  usmart_str.o(i.usmart_pow)
    i.usmart_reset_runtime                   0x080087ec   Section        0  usmart.o(i.usmart_reset_runtime)
    i.usmart_scan                            0x08008814   Section        0  usmart.o(i.usmart_scan)
    i.usmart_search_nextc                    0x080088d0   Section        0  usmart_str.o(i.usmart_search_nextc)
    i.usmart_str2num                         0x080088e6   Section        0  usmart_str.o(i.usmart_str2num)
    i.usmart_strcmp                          0x080089b0   Section        0  usmart_str.o(i.usmart_strcmp)
    i.usmart_strcopy                         0x080089d2   Section        0  usmart_str.o(i.usmart_strcopy)
    i.usmart_strlen                          0x080089e8   Section        0  usmart_str.o(i.usmart_strlen)
    i.usmart_sys_cmd_exe                     0x08008a00   Section        0  usmart.o(i.usmart_sys_cmd_exe)
    i.write_addr                             0x080090e4   Section        0  usmart.o(i.write_addr)
    locale$$code                             0x080090e8   Section       44  lc_numeric_c.o(locale$$code)
    locale$$code                             0x08009114   Section       44  lc_ctype_c.o(locale$$code)
    x$fpl$dfixu                              0x08009140   Section       90  dfixu.o(x$fpl$dfixu)
    x$fpl$dfltu                              0x0800919a   Section       38  dflt_clz.o(x$fpl$dfltu)
    x$fpl$dmul                               0x080091c0   Section      340  dmul.o(x$fpl$dmul)
    x$fpl$dnaninf                            0x08009314   Section      156  dnaninf.o(x$fpl$dnaninf)
    x$fpl$dretinf                            0x080093b0   Section       12  dretinf.o(x$fpl$dretinf)
    x$fpl$f2d                                0x080093bc   Section       86  f2d.o(x$fpl$f2d)
    x$fpl$fadd                               0x08009414   Section      196  faddsub_clz.o(x$fpl$fadd)
    _fadd1                                   0x08009423   Thumb Code     0  faddsub_clz.o(x$fpl$fadd)
    x$fpl$fdiv                               0x080094d8   Section      388  fdiv.o(x$fpl$fdiv)
    _fdiv1                                   0x080094d9   Thumb Code     0  fdiv.o(x$fpl$fdiv)
    x$fpl$ffixu                              0x0800965c   Section       62  ffixu.o(x$fpl$ffixu)
    x$fpl$fflt                               0x0800969c   Section       48  fflt_clz.o(x$fpl$fflt)
    x$fpl$ffltu                              0x080096cc   Section       38  fflt_clz.o(x$fpl$ffltu)
    x$fpl$fmul                               0x080096f4   Section      258  fmul.o(x$fpl$fmul)
    x$fpl$fnaninf                            0x080097f6   Section      140  fnaninf.o(x$fpl$fnaninf)
    x$fpl$fretinf                            0x08009882   Section       10  fretinf.o(x$fpl$fretinf)
    x$fpl$frsb                               0x0800988c   Section       20  faddsub_clz.o(x$fpl$frsb)
    x$fpl$fsub                               0x080098a0   Section      234  faddsub_clz.o(x$fpl$fsub)
    _fsub1                                   0x080098af   Thumb Code     0  faddsub_clz.o(x$fpl$fsub)
    x$fpl$printf1                            0x0800998a   Section        4  printf1.o(x$fpl$printf1)
    .constdata                               0x0800998e   Section     6080  ili93xx.o(.constdata)
    x$fpl$usenofp                            0x0800998e   Section        0  usenofp.o(x$fpl$usenofp)
    .constdata                               0x0800b150   Section       36  gps.o(.constdata)
    .constdata                               0x0800b174   Section       40  _printf_hex_int_ll_ptr.o(.constdata)
    uc_hextab                                0x0800b174   Data          20  _printf_hex_int_ll_ptr.o(.constdata)
    lc_hextab                                0x0800b188   Data          20  _printf_hex_int_ll_ptr.o(.constdata)
    .constdata                               0x0800b19c   Section       17  __printf_flags_ss_wp.o(.constdata)
    maptable                                 0x0800b19c   Data          17  __printf_flags_ss_wp.o(.constdata)
    .constdata                               0x0800b1b0   Section        8  _printf_wctomb.o(.constdata)
    initial_mbstate                          0x0800b1b0   Data           8  _printf_wctomb.o(.constdata)
    .constdata                               0x0800b1b8   Section      148  bigflt0.o(.constdata)
    tenpwrs_x                                0x0800b1b8   Data          60  bigflt0.o(.constdata)
    tenpwrs_i                                0x0800b1f4   Data          64  bigflt0.o(.constdata)
    .conststring                             0x0800b24c   Section       21  test.o(.conststring)
    .conststring                             0x0800b264   Section       40  usmart.o(.conststring)
    .conststring                             0x0800b28c   Section      159  usmart_config.o(.conststring)
    locale$$data                             0x0800b34c   Section       28  lc_numeric_c.o(locale$$data)
    __lcnum_c_name                           0x0800b350   Data           2  lc_numeric_c.o(locale$$data)
    __lcnum_c_start                          0x0800b358   Data           0  lc_numeric_c.o(locale$$data)
    __lcnum_c_point                          0x0800b364   Data           0  lc_numeric_c.o(locale$$data)
    __lcnum_c_thousands                      0x0800b366   Data           0  lc_numeric_c.o(locale$$data)
    __lcnum_c_grouping                       0x0800b367   Data           0  lc_numeric_c.o(locale$$data)
    locale$$data                             0x0800b368   Section      272  lc_ctype_c.o(locale$$data)
    __lcnum_c_end                            0x0800b368   Data           0  lc_numeric_c.o(locale$$data)
    __lcctype_c_name                         0x0800b36c   Data           2  lc_ctype_c.o(locale$$data)
    __lcctype_c_start                        0x0800b374   Data           0  lc_ctype_c.o(locale$$data)
    __lcctype_c_end                          0x0800b478   Data           0  lc_ctype_c.o(locale$$data)
    .data                                    0x20000000   Section       16  test.o(.data)
    .data                                    0x20000010   Section        4  delay.o(.data)
    fac_us                                   0x20000010   Data           1  delay.o(.data)
    fac_ms                                   0x20000012   Data           2  delay.o(.data)
    .data                                    0x20000014   Section        6  usart.o(.data)
    .data                                    0x2000001a   Section        4  ili93xx.o(.data)
    .data                                    0x2000001e   Section        1  key.o(.data)
    key_up                                   0x2000001e   Data           1  key.o(.data)
    .data                                    0x20000020   Section        2  usart2.o(.data)
    .data                                    0x20000024   Section       28  usmart.o(.data)
    .data                                    0x20000040   Section      292  usmart_config.o(.data)
    .bss                                     0x20000164   Section     1018  test.o(.bss)
    .bss                                     0x2000055e   Section      200  usart.o(.bss)
    .bss                                     0x20000626   Section       14  ili93xx.o(.bss)
    .bss                                     0x20000638   Section      400  usart2.o(.bss)
    .bss                                     0x200007c8   Section       96  libspace.o(.bss)
    HEAP                                     0x20000828   Section      512  startup_stm32f10x_hd.o(HEAP)
    Heap_Mem                                 0x20000828   Data         512  startup_stm32f10x_hd.o(HEAP)
    STACK                                    0x20000a28   Section     1024  startup_stm32f10x_hd.o(STACK)
    Stack_Mem                                0x20000a28   Data        1024  startup_stm32f10x_hd.o(STACK)
    __initial_sp                             0x20000e28   Data           0  startup_stm32f10x_hd.o(STACK)

    Global Symbols

    Symbol Name                              Value     Ov Type        Size  Object(Section)

    BuildAttributes$$THM_ISAv4$P$D$K$B$S$PE$A:L22UL41UL21$X:L11$S22US41US21$IEEE1$IW$USESV6$~STKCKD$USESV7$~SHL$OTIME$ROPI$IEEEJ$EBA8$UX$STANDARDLIB$REQ8$PRES8$EABIv2 0x00000000   Number         0  anon$$obj.o ABSOLUTE
    __ARM_use_no_argv                        0x00000000   Number         0  test.o ABSOLUTE
    _printf_flags                            0x00000000   Number         0  printf_stubs.o ABSOLUTE
    _printf_return_value                     0x00000000   Number         0  printf_stubs.o ABSOLUTE
    _printf_sizespec                         0x00000000   Number         0  printf_stubs.o ABSOLUTE
    _printf_widthprec                        0x00000000   Number         0  printf_stubs.o ABSOLUTE
    __ARM_exceptions_init                     - Undefined Weak Reference
    __alloca_initialize                       - Undefined Weak Reference
    __arm_fini_                               - Undefined Weak Reference
    __arm_preinit_                            - Undefined Weak Reference
    __cpp_initialize__aeabi_                  - Undefined Weak Reference
    __cxa_finalize                            - Undefined Weak Reference
    __sigvec_lookup                           - Undefined Weak Reference
    _atexit_init                              - Undefined Weak Reference
    _call_atexit_fns                          - Undefined Weak Reference
    _clock_init                               - Undefined Weak Reference
    _fp_trap_init                             - Undefined Weak Reference
    _fp_trap_shutdown                         - Undefined Weak Reference
    _get_lc_collate                           - Undefined Weak Reference
    _get_lc_monetary                          - Undefined Weak Reference
    _get_lc_time                              - Undefined Weak Reference
    _getenv_init                              - Undefined Weak Reference
    _handle_redirection                       - Undefined Weak Reference
    _init_alloc                               - Undefined Weak Reference
    _init_user_alloc                          - Undefined Weak Reference
    _initio                                   - Undefined Weak Reference
    _mutex_acquire                            - Undefined Weak Reference
    _mutex_release                            - Undefined Weak Reference
    _printf_fp_hex                            - Undefined Weak Reference
    _printf_mbtowc                            - Undefined Weak Reference
    _printf_wc                                - Undefined Weak Reference
    _rand_init                                - Undefined Weak Reference
    _signal_finish                            - Undefined Weak Reference
    _signal_init                              - Undefined Weak Reference
    _terminate_alloc                          - Undefined Weak Reference
    _terminate_user_alloc                     - Undefined Weak Reference
    _terminateio                              - Undefined Weak Reference
    __Vectors_Size                           0x00000130   Number         0  startup_stm32f10x_hd.o ABSOLUTE
    __Vectors                                0x08000000   Data           4  startup_stm32f10x_hd.o(RESET)
    __Vectors_End                            0x08000130   Data           0  startup_stm32f10x_hd.o(RESET)
    __main                                   0x08000131   Thumb Code     8  __main.o(!!!main)
    __scatterload                            0x08000139   Thumb Code     0  __scatter.o(!!!scatter)
    __scatterload_rt2                        0x08000139   Thumb Code    44  __scatter.o(!!!scatter)
    __scatterload_rt2_thumb_only             0x08000139   Thumb Code     0  __scatter.o(!!!scatter)
    __scatterload_null                       0x08000147   Thumb Code     0  __scatter.o(!!!scatter)
    __decompress                             0x0800016d   Thumb Code    90  __dczerorl2.o(!!dczerorl2)
    __decompress1                            0x0800016d   Thumb Code     0  __dczerorl2.o(!!dczerorl2)
    __scatterload_zeroinit                   0x080001c9   Thumb Code    28  __scatter_zi.o(!!handler_zi)
    _printf_n                                0x080001e5   Thumb Code     0  _printf_n.o(.ARM.Collect$$_printf_percent$$00000001)
    _printf_percent                          0x080001e5   Thumb Code     0  _printf_percent.o(.ARM.Collect$$_printf_percent$$00000000)
    _printf_p                                0x080001eb   Thumb Code     0  _printf_p.o(.ARM.Collect$$_printf_percent$$00000002)
    _printf_f                                0x080001f1   Thumb Code     0  _printf_f.o(.ARM.Collect$$_printf_percent$$00000003)
    _printf_e                                0x080001f7   Thumb Code     0  _printf_e.o(.ARM.Collect$$_printf_percent$$00000004)
    _printf_g                                0x080001fd   Thumb Code     0  _printf_g.o(.ARM.Collect$$_printf_percent$$00000005)
    _printf_a                                0x08000203   Thumb Code     0  _printf_a.o(.ARM.Collect$$_printf_percent$$00000006)
    _printf_ll                               0x08000209   Thumb Code     0  _printf_ll.o(.ARM.Collect$$_printf_percent$$00000007)
    _printf_i                                0x08000213   Thumb Code     0  _printf_i.o(.ARM.Collect$$_printf_percent$$00000008)
    _printf_d                                0x08000219   Thumb Code     0  _printf_d.o(.ARM.Collect$$_printf_percent$$00000009)
    _printf_u                                0x0800021f   Thumb Code     0  _printf_u.o(.ARM.Collect$$_printf_percent$$0000000A)
    _printf_o                                0x08000225   Thumb Code     0  _printf_o.o(.ARM.Collect$$_printf_percent$$0000000B)
    _printf_x                                0x0800022b   Thumb Code     0  _printf_x.o(.ARM.Collect$$_printf_percent$$0000000C)
    _printf_lli                              0x08000231   Thumb Code     0  _printf_lli.o(.ARM.Collect$$_printf_percent$$0000000D)
    _printf_lld                              0x08000237   Thumb Code     0  _printf_lld.o(.ARM.Collect$$_printf_percent$$0000000E)
    _printf_llu                              0x0800023d   Thumb Code     0  _printf_llu.o(.ARM.Collect$$_printf_percent$$0000000F)
    _printf_llo                              0x08000243   Thumb Code     0  _printf_llo.o(.ARM.Collect$$_printf_percent$$00000010)
    _printf_llx                              0x08000249   Thumb Code     0  _printf_llx.o(.ARM.Collect$$_printf_percent$$00000011)
    _printf_l                                0x0800024f   Thumb Code     0  _printf_l.o(.ARM.Collect$$_printf_percent$$00000012)
    _printf_c                                0x08000259   Thumb Code     0  _printf_c.o(.ARM.Collect$$_printf_percent$$00000013)
    _printf_s                                0x0800025f   Thumb Code     0  _printf_s.o(.ARM.Collect$$_printf_percent$$00000014)
    _printf_lc                               0x08000265   Thumb Code     0  _printf_lc.o(.ARM.Collect$$_printf_percent$$00000015)
    _printf_ls                               0x0800026b   Thumb Code     0  _printf_ls.o(.ARM.Collect$$_printf_percent$$00000016)
    _printf_percent_end                      0x08000271   Thumb Code     0  _printf_percent_end.o(.ARM.Collect$$_printf_percent$$00000017)
    __rt_lib_init                            0x08000275   Thumb Code     0  libinit.o(.ARM.Collect$$libinit$$00000000)
    __rt_lib_init_fp_1                       0x08000277   Thumb Code     0  libinit2.o(.ARM.Collect$$libinit$$00000002)
    __rt_lib_init_heap_1                     0x08000277   Thumb Code     0  libinit2.o(.ARM.Collect$$libinit$$0000000A)
    __rt_lib_init_lc_common                  0x08000277   Thumb Code     0  libinit2.o(.ARM.Collect$$libinit$$0000000F)
    __rt_lib_init_preinit_1                  0x08000277   Thumb Code     0  libinit2.o(.ARM.Collect$$libinit$$00000004)
    __rt_lib_init_rand_1                     0x08000277   Thumb Code     0  libinit2.o(.ARM.Collect$$libinit$$0000000E)
    __rt_lib_init_user_alloc_1               0x08000277   Thumb Code     0  libinit2.o(.ARM.Collect$$libinit$$0000000C)
    __rt_lib_init_lc_collate_1               0x0800027d   Thumb Code     0  libinit2.o(.ARM.Collect$$libinit$$00000011)
    __rt_lib_init_lc_ctype_2                 0x0800027d   Thumb Code     0  libinit2.o(.ARM.Collect$$libinit$$00000012)
    __rt_lib_init_lc_ctype_1                 0x08000289   Thumb Code     0  libinit2.o(.ARM.Collect$$libinit$$00000013)
    __rt_lib_init_lc_monetary_1              0x08000289   Thumb Code     0  libinit2.o(.ARM.Collect$$libinit$$00000015)
    __rt_lib_init_lc_numeric_2               0x08000289   Thumb Code     0  libinit2.o(.ARM.Collect$$libinit$$00000016)
    __rt_lib_init_alloca_1                   0x08000293   Thumb Code     0  libinit2.o(.ARM.Collect$$libinit$$0000002E)
    __rt_lib_init_argv_1                     0x08000293   Thumb Code     0  libinit2.o(.ARM.Collect$$libinit$$0000002C)
    __rt_lib_init_atexit_1                   0x08000293   Thumb Code     0  libinit2.o(.ARM.Collect$$libinit$$0000001B)
    __rt_lib_init_clock_1                    0x08000293   Thumb Code     0  libinit2.o(.ARM.Collect$$libinit$$00000021)
    __rt_lib_init_cpp_1                      0x08000293   Thumb Code     0  libinit2.o(.ARM.Collect$$libinit$$00000032)
    __rt_lib_init_exceptions_1               0x08000293   Thumb Code     0  libinit2.o(.ARM.Collect$$libinit$$00000030)
    __rt_lib_init_fp_trap_1                  0x08000293   Thumb Code     0  libinit2.o(.ARM.Collect$$libinit$$0000001F)
    __rt_lib_init_getenv_1                   0x08000293   Thumb Code     0  libinit2.o(.ARM.Collect$$libinit$$00000023)
    __rt_lib_init_lc_numeric_1               0x08000293   Thumb Code     0  libinit2.o(.ARM.Collect$$libinit$$00000017)
    __rt_lib_init_lc_time_1                  0x08000293   Thumb Code     0  libinit2.o(.ARM.Collect$$libinit$$00000019)
    __rt_lib_init_return                     0x08000293   Thumb Code     0  libinit2.o(.ARM.Collect$$libinit$$00000033)
    __rt_lib_init_signal_1                   0x08000293   Thumb Code     0  libinit2.o(.ARM.Collect$$libinit$$0000001D)
    __rt_lib_init_stdio_1                    0x08000293   Thumb Code     0  libinit2.o(.ARM.Collect$$libinit$$00000025)
    __rt_lib_shutdown                        0x08000295   Thumb Code     0  libshutdown.o(.ARM.Collect$$libshutdown$$00000000)
    __rt_lib_shutdown_cpp_1                  0x08000297   Thumb Code     0  libshutdown2.o(.ARM.Collect$$libshutdown$$00000004)
    __rt_lib_shutdown_fini_1                 0x08000297   Thumb Code     0  libshutdown2.o(.ARM.Collect$$libshutdown$$00000002)
    __rt_lib_shutdown_fp_trap_1              0x08000297   Thumb Code     0  libshutdown2.o(.ARM.Collect$$libshutdown$$00000009)
    __rt_lib_shutdown_heap_1                 0x08000297   Thumb Code     0  libshutdown2.o(.ARM.Collect$$libshutdown$$00000011)
    __rt_lib_shutdown_return                 0x08000297   Thumb Code     0  libshutdown2.o(.ARM.Collect$$libshutdown$$00000012)
    __rt_lib_shutdown_signal_1               0x08000297   Thumb Code     0  libshutdown2.o(.ARM.Collect$$libshutdown$$0000000C)
    __rt_lib_shutdown_stdio_1                0x08000297   Thumb Code     0  libshutdown2.o(.ARM.Collect$$libshutdown$$00000006)
    __rt_lib_shutdown_user_alloc_1           0x08000297   Thumb Code     0  libshutdown2.o(.ARM.Collect$$libshutdown$$0000000E)
    __rt_entry                               0x08000299   Thumb Code     0  __rtentry.o(.ARM.Collect$$rtentry$$00000000)
    __rt_entry_presh_1                       0x08000299   Thumb Code     0  __rtentry2.o(.ARM.Collect$$rtentry$$00000002)
    __rt_entry_sh                            0x08000299   Thumb Code     0  __rtentry4.o(.ARM.Collect$$rtentry$$00000004)
    __rt_entry_li                            0x0800029f   Thumb Code     0  __rtentry2.o(.ARM.Collect$$rtentry$$0000000A)
    __rt_entry_postsh_1                      0x0800029f   Thumb Code     0  __rtentry2.o(.ARM.Collect$$rtentry$$00000009)
    __rt_entry_main                          0x080002a3   Thumb Code     0  __rtentry2.o(.ARM.Collect$$rtentry$$0000000D)
    __rt_entry_postli_1                      0x080002a3   Thumb Code     0  __rtentry2.o(.ARM.Collect$$rtentry$$0000000C)
    __rt_exit                                0x080002ab   Thumb Code     0  rtexit.o(.ARM.Collect$$rtexit$$00000000)
    __rt_exit_ls                             0x080002ad   Thumb Code     0  rtexit2.o(.ARM.Collect$$rtexit$$00000003)
    __rt_exit_prels_1                        0x080002ad   Thumb Code     0  rtexit2.o(.ARM.Collect$$rtexit$$00000002)
    __rt_exit_exit                           0x080002b1   Thumb Code     0  rtexit2.o(.ARM.Collect$$rtexit$$00000004)
    Reset_Handler                            0x080002b9   Thumb Code     4  startup_stm32f10x_hd.o(.text)
    NMI_Handler                              0x080002bd   Thumb Code     2  startup_stm32f10x_hd.o(.text)
    HardFault_Handler                        0x080002bf   Thumb Code     2  startup_stm32f10x_hd.o(.text)
    MemManage_Handler                        0x080002c1   Thumb Code     2  startup_stm32f10x_hd.o(.text)
    BusFault_Handler                         0x080002c3   Thumb Code     2  startup_stm32f10x_hd.o(.text)
    UsageFault_Handler                       0x080002c5   Thumb Code     2  startup_stm32f10x_hd.o(.text)
    SVC_Handler                              0x080002c7   Thumb Code     2  startup_stm32f10x_hd.o(.text)
    DebugMon_Handler                         0x080002c9   Thumb Code     2  startup_stm32f10x_hd.o(.text)
    PendSV_Handler                           0x080002cb   Thumb Code     2  startup_stm32f10x_hd.o(.text)
    SysTick_Handler                          0x080002cd   Thumb Code     2  startup_stm32f10x_hd.o(.text)
    ADC1_2_IRQHandler                        0x080002cf   Thumb Code     0  startup_stm32f10x_hd.o(.text)
    ADC3_IRQHandler                          0x080002cf   Thumb Code     0  startup_stm32f10x_hd.o(.text)
    CAN1_RX1_IRQHandler                      0x080002cf   Thumb Code     0  startup_stm32f10x_hd.o(.text)
    CAN1_SCE_IRQHandler                      0x080002cf   Thumb Code     0  startup_stm32f10x_hd.o(.text)
    DMA1_Channel1_IRQHandler                 0x080002cf   Thumb Code     0  startup_stm32f10x_hd.o(.text)
    DMA1_Channel2_IRQHandler                 0x080002cf   Thumb Code     0  startup_stm32f10x_hd.o(.text)
    DMA1_Channel3_IRQHandler                 0x080002cf   Thumb Code     0  startup_stm32f10x_hd.o(.text)
    DMA1_Channel4_IRQHandler                 0x080002cf   Thumb Code     0  startup_stm32f10x_hd.o(.text)
    DMA1_Channel5_IRQHandler                 0x080002cf   Thumb Code     0  startup_stm32f10x_hd.o(.text)
    DMA1_Channel6_IRQHandler                 0x080002cf   Thumb Code     0  startup_stm32f10x_hd.o(.text)
    DMA1_Channel7_IRQHandler                 0x080002cf   Thumb Code     0  startup_stm32f10x_hd.o(.text)
    DMA2_Channel1_IRQHandler                 0x080002cf   Thumb Code     0  startup_stm32f10x_hd.o(.text)
    DMA2_Channel2_IRQHandler                 0x080002cf   Thumb Code     0  startup_stm32f10x_hd.o(.text)
    DMA2_Channel3_IRQHandler                 0x080002cf   Thumb Code     0  startup_stm32f10x_hd.o(.text)
    DMA2_Channel4_5_IRQHandler               0x080002cf   Thumb Code     0  startup_stm32f10x_hd.o(.text)
    EXTI0_IRQHandler                         0x080002cf   Thumb Code     0  startup_stm32f10x_hd.o(.text)
    EXTI15_10_IRQHandler                     0x080002cf   Thumb Code     0  startup_stm32f10x_hd.o(.text)
    EXTI1_IRQHandler                         0x080002cf   Thumb Code     0  startup_stm32f10x_hd.o(.text)
    EXTI2_IRQHandler                         0x080002cf   Thumb Code     0  startup_stm32f10x_hd.o(.text)
    EXTI3_IRQHandler                         0x080002cf   Thumb Code     0  startup_stm32f10x_hd.o(.text)
    EXTI4_IRQHandler                         0x080002cf   Thumb Code     0  startup_stm32f10x_hd.o(.text)
    EXTI9_5_IRQHandler                       0x080002cf   Thumb Code     0  startup_stm32f10x_hd.o(.text)
    FLASH_IRQHandler                         0x080002cf   Thumb Code     0  startup_stm32f10x_hd.o(.text)
    FSMC_IRQHandler                          0x080002cf   Thumb Code     0  startup_stm32f10x_hd.o(.text)
    I2C1_ER_IRQHandler                       0x080002cf   Thumb Code     0  startup_stm32f10x_hd.o(.text)
    I2C1_EV_IRQHandler                       0x080002cf   Thumb Code     0  startup_stm32f10x_hd.o(.text)
    I2C2_ER_IRQHandler                       0x080002cf   Thumb Code     0  startup_stm32f10x_hd.o(.text)
    I2C2_EV_IRQHandler                       0x080002cf   Thumb Code     0  startup_stm32f10x_hd.o(.text)
    PVD_IRQHandler                           0x080002cf   Thumb Code     0  startup_stm32f10x_hd.o(.text)
    RCC_IRQHandler                           0x080002cf   Thumb Code     0  startup_stm32f10x_hd.o(.text)
    RTCAlarm_IRQHandler                      0x080002cf   Thumb Code     0  startup_stm32f10x_hd.o(.text)
    RTC_IRQHandler                           0x080002cf   Thumb Code     0  startup_stm32f10x_hd.o(.text)
    SDIO_IRQHandler                          0x080002cf   Thumb Code     0  startup_stm32f10x_hd.o(.text)
    SPI1_IRQHandler                          0x080002cf   Thumb Code     0  startup_stm32f10x_hd.o(.text)
    SPI2_IRQHandler                          0x080002cf   Thumb Code     0  startup_stm32f10x_hd.o(.text)
    SPI3_IRQHandler                          0x080002cf   Thumb Code     0  startup_stm32f10x_hd.o(.text)
    TAMPER_IRQHandler                        0x080002cf   Thumb Code     0  startup_stm32f10x_hd.o(.text)
    TIM1_BRK_IRQHandler                      0x080002cf   Thumb Code     0  startup_stm32f10x_hd.o(.text)
    TIM1_CC_IRQHandler                       0x080002cf   Thumb Code     0  startup_stm32f10x_hd.o(.text)
    TIM1_TRG_COM_IRQHandler                  0x080002cf   Thumb Code     0  startup_stm32f10x_hd.o(.text)
    TIM1_UP_IRQHandler                       0x080002cf   Thumb Code     0  startup_stm32f10x_hd.o(.text)
    TIM3_IRQHandler                          0x080002cf   Thumb Code     0  startup_stm32f10x_hd.o(.text)
    TIM5_IRQHandler                          0x080002cf   Thumb Code     0  startup_stm32f10x_hd.o(.text)
    TIM6_IRQHandler                          0x080002cf   Thumb Code     0  startup_stm32f10x_hd.o(.text)
    TIM7_IRQHandler                          0x080002cf   Thumb Code     0  startup_stm32f10x_hd.o(.text)
    TIM8_BRK_IRQHandler                      0x080002cf   Thumb Code     0  startup_stm32f10x_hd.o(.text)
    TIM8_CC_IRQHandler                       0x080002cf   Thumb Code     0  startup_stm32f10x_hd.o(.text)
    TIM8_TRG_COM_IRQHandler                  0x080002cf   Thumb Code     0  startup_stm32f10x_hd.o(.text)
    TIM8_UP_IRQHandler                       0x080002cf   Thumb Code     0  startup_stm32f10x_hd.o(.text)
    UART4_IRQHandler                         0x080002cf   Thumb Code     0  startup_stm32f10x_hd.o(.text)
    UART5_IRQHandler                         0x080002cf   Thumb Code     0  startup_stm32f10x_hd.o(.text)
    USART3_IRQHandler                        0x080002cf   Thumb Code     0  startup_stm32f10x_hd.o(.text)
    USBWakeUp_IRQHandler                     0x080002cf   Thumb Code     0  startup_stm32f10x_hd.o(.text)
    USB_HP_CAN1_TX_IRQHandler                0x080002cf   Thumb Code     0  startup_stm32f10x_hd.o(.text)
    USB_LP_CAN1_RX0_IRQHandler               0x080002cf   Thumb Code     0  startup_stm32f10x_hd.o(.text)
    WWDG_IRQHandler                          0x080002cf   Thumb Code     0  startup_stm32f10x_hd.o(.text)
    __user_initial_stackheap                 0x080002d1   Thumb Code     0  startup_stm32f10x_hd.o(.text)
    __use_no_semihosting                     0x080002f1   Thumb Code     2  use_no_semi_2.o(.text)
    __c89vsprintf                            0x080002f5   Thumb Code    32  c89vsprintf.o(.text)
    __2printf                                0x08000319   Thumb Code    20  __2printf.o(.text)
    __2sprintf                               0x08000331   Thumb Code    38  __2sprintf.o(.text)
    _printf_pre_padding                      0x0800035d   Thumb Code    44  _printf_pad.o(.text)
    _printf_post_padding                     0x08000389   Thumb Code    34  _printf_pad.o(.text)
    _printf_str                              0x080003ab   Thumb Code    82  _printf_str.o(.text)
    _printf_int_dec                          0x080003fd   Thumb Code   104  _printf_dec.o(.text)
    _printf_longlong_hex                     0x08000475   Thumb Code    86  _printf_hex_int_ll_ptr.o(.text)
    _printf_int_hex                          0x080004cb   Thumb Code    28  _printf_hex_int_ll_ptr.o(.text)
    _printf_ll_hex                           0x080004e7   Thumb Code    12  _printf_hex_int_ll_ptr.o(.text)
    _printf_hex_ptr                          0x080004f3   Thumb Code    18  _printf_hex_int_ll_ptr.o(.text)
    __printf                                 0x08000509   Thumb Code   388  __printf_flags_ss_wp.o(.text)
    strstr                                   0x08000691   Thumb Code    36  strstr.o(.text)
    strlen                                   0x080006b5   Thumb Code    62  strlen.o(.text)
    __use_two_region_memory                  0x080006f3   Thumb Code     2  heapauxi.o(.text)
    __rt_heap_escrow$2region                 0x080006f5   Thumb Code     2  heapauxi.o(.text)
    __rt_heap_expand$2region                 0x080006f7   Thumb Code     2  heapauxi.o(.text)
    __I$use$semihosting                      0x080006f9   Thumb Code     0  use_no_semi.o(.text)
    __use_no_semihosting_swi                 0x080006f9   Thumb Code     2  use_no_semi.o(.text)
    _printf_truncate_signed                  0x080006fb   Thumb Code    18  _printf_truncate.o(.text)
    _printf_truncate_unsigned                0x0800070d   Thumb Code    18  _printf_truncate.o(.text)
    _printf_int_common                       0x0800071f   Thumb Code   178  _printf_intcommon.o(.text)
    _printf_charcount                        0x080007d1   Thumb Code    40  _printf_charcount.o(.text)
    __lib_sel_fp_printf                      0x080007f9   Thumb Code     2  _printf_fp_dec.o(.text)
    _printf_fp_dec_real                      0x080009ab   Thumb Code   620  _printf_fp_dec.o(.text)
    _printf_char_common                      0x08000c23   Thumb Code    32  _printf_char_common.o(.text)
    _sputc                                   0x08000c49   Thumb Code    10  _sputc.o(.text)
    _printf_cs_common                        0x08000c53   Thumb Code    20  _printf_char.o(.text)
    _printf_char                             0x08000c67   Thumb Code    16  _printf_char.o(.text)
    _printf_string                           0x08000c77   Thumb Code     8  _printf_char.o(.text)
    _printf_char_file                        0x08000c81   Thumb Code    32  _printf_char_file.o(.text)
    _printf_wctomb                           0x08000ca5   Thumb Code   182  _printf_wctomb.o(.text)
    _printf_longlong_dec                     0x08000d61   Thumb Code   108  _printf_longlong_dec.o(.text)
    _printf_longlong_oct                     0x08000ddd   Thumb Code    66  _printf_oct_int_ll.o(.text)
    _printf_int_oct                          0x08000e1f   Thumb Code    24  _printf_oct_int_ll.o(.text)
    _printf_ll_oct                           0x08000e37   Thumb Code    12  _printf_oct_int_ll.o(.text)
    __rt_locale                              0x08000e4d   Thumb Code     8  rt_locale_intlibspace.o(.text)
    _ll_udiv10                               0x08000e55   Thumb Code   138  lludiv10.o(.text)
    _printf_fp_infnan                        0x08000ee1   Thumb Code   112  _printf_fp_infnan.o(.text)
    _printf_lcs_common                       0x08000f61   Thumb Code    20  _printf_wchar.o(.text)
    _printf_wchar                            0x08000f75   Thumb Code    16  _printf_wchar.o(.text)
    _printf_wstring                          0x08000f85   Thumb Code     8  _printf_wchar.o(.text)
    _btod_etento                             0x08000f8d   Thumb Code   224  bigflt0.o(.text)
    ferror                                   0x08001071   Thumb Code     8  ferror.o(.text)
    _wcrtomb                                 0x08001079   Thumb Code    64  _wcrtomb.o(.text)
    __user_libspace                          0x080010b9   Thumb Code     8  libspace.o(.text)
    __user_perproc_libspace                  0x080010b9   Thumb Code     0  libspace.o(.text)
    __user_perthread_libspace                0x080010b9   Thumb Code     0  libspace.o(.text)
    __user_setup_stackheap                   0x080010c1   Thumb Code    74  sys_stackheap_outer.o(.text)
    __rt_ctype_table                         0x0800110d   Thumb Code    16  rt_ctype_table.o(.text)
    exit                                     0x0800111d   Thumb Code    18  exit.o(.text)
    strcmp                                   0x08001131   Thumb Code   128  strcmpv7m.o(.text)
    _btod_d2e                                0x080011b1   Thumb Code    62  btod.o(CL$$btod_d2e)
    _d2e_denorm_low                          0x080011ef   Thumb Code    70  btod.o(CL$$btod_d2e_denorm_low)
    _d2e_norm_op1                            0x08001235   Thumb Code    96  btod.o(CL$$btod_d2e_norm_op1)
    __btod_div_common                        0x08001295   Thumb Code   696  btod.o(CL$$btod_div_common)
    _e2e                                     0x080015cd   Thumb Code   220  btod.o(CL$$btod_e2e)
    _btod_ediv                               0x080016a9   Thumb Code    42  btod.o(CL$$btod_ediv)
    _btod_emul                               0x080016d3   Thumb Code    42  btod.o(CL$$btod_emul)
    __btod_mult_common                       0x080016fd   Thumb Code   580  btod.o(CL$$btod_mult_common)
    GPS_Analysis                             0x08001941   Thumb Code    56  gps.o(i.GPS_Analysis)
    Gps_Msg_Show                             0x08001979   Thumb Code   548  test.o(i.Gps_Msg_Show)
    HC05_CFG_CMD                             0x08001c91   Thumb Code    94  hc05.o(i.HC05_CFG_CMD)
    HC05_Get_Role                            0x08001d0d   Thumb Code   124  hc05.o(i.HC05_Get_Role)
    JTAG_Set                                 0x08001da1   Thumb Code    38  sys.o(i.JTAG_Set)
    KEY_Init                                 0x08001dd1   Thumb Code   124  key.o(i.KEY_Init)
    KEY_Scan                                 0x08001e59   Thumb Code   120  key.o(i.KEY_Scan)
    LCD_Clear                                0x08001edd   Thumb Code   122  ili93xx.o(i.LCD_Clear)
    LCD_Display_Dir                          0x08001f65   Thumb Code   444  ili93xx.o(i.LCD_Display_Dir)
    LCD_Fast_DrawPoint                       0x08002125   Thumb Code   854  ili93xx.o(i.LCD_Fast_DrawPoint)
    LCD_Fill                                 0x08002489   Thumb Code   200  ili93xx.o(i.LCD_Fill)
    LCD_Init                                 0x0800255d   Thumb Code 15328  ili93xx.o(i.LCD_Init)
    LCD_RD_DATA                              0x0800613d   Thumb Code    98  ili93xx.o(i.LCD_RD_DATA)
    LCD_ReadReg                              0x080061ad   Thumb Code    16  ili93xx.o(i.LCD_ReadReg)
    LCD_SSD_BackLightSet                     0x080061bd   Thumb Code   198  ili93xx.o(i.LCD_SSD_BackLightSet)
    LCD_Scan_Dir                             0x08006291   Thumb Code  1112  ili93xx.o(i.LCD_Scan_Dir)
    LCD_SetCursor                            0x080066e9   Thumb Code   944  ili93xx.o(i.LCD_SetCursor)
    LCD_ShowChar                             0x08006aa5   Thumb Code   272  ili93xx.o(i.LCD_ShowChar)
    LCD_ShowString                           0x08006bcd   Thumb Code   102  ili93xx.o(i.LCD_ShowString)
    LCD_WR_DATAX                             0x08006c35   Thumb Code    28  ili93xx.o(i.LCD_WR_DATAX)
    LCD_WR_REG                               0x08006c59   Thumb Code    28  ili93xx.o(i.LCD_WR_REG)
    LCD_WriteRAM_Prepare                     0x08006c7d   Thumb Code    12  ili93xx.o(i.LCD_WriteRAM_Prepare)
    LCD_WriteReg                             0x08006c8d   Thumb Code    40  ili93xx.o(i.LCD_WriteReg)
    LED_Init                                 0x08006cbd   Thumb Code   100  led.o(i.LED_Init)
    MYRCC_DeInit                             0x08006d2d   Thumb Code    90  sys.o(i.MYRCC_DeInit)
    MY_NVIC_Init                             0x08006d95   Thumb Code   116  sys.o(i.MY_NVIC_Init)
    MY_NVIC_PriorityGroupConfig              0x08006e0d   Thumb Code    32  sys.o(i.MY_NVIC_PriorityGroupConfig)
    MY_NVIC_SetVectorTable                   0x08006e35   Thumb Code    12  sys.o(i.MY_NVIC_SetVectorTable)
    NMEA_BDGSV_Analysis                      0x08006e49   Thumb Code   298  gps.o(i.NMEA_BDGSV_Analysis)
    NMEA_Comma_Pos                           0x08006f7d   Thumb Code    50  gps.o(i.NMEA_Comma_Pos)
    NMEA_GNGGA_Analysis                      0x08006fb1   Thumb Code    96  gps.o(i.NMEA_GNGGA_Analysis)
    NMEA_GNGSA_Analysis                      0x08007019   Thumb Code   176  gps.o(i.NMEA_GNGSA_Analysis)
    NMEA_GNRMC_Analysis                      0x080070d1   Thumb Code   536  gps.o(i.NMEA_GNRMC_Analysis)
    NMEA_GNVTG_Analysis                      0x080072f5   Thumb Code    78  gps.o(i.NMEA_GNVTG_Analysis)
    NMEA_GPGSV_Analysis                      0x0800734d   Thumb Code   290  gps.o(i.NMEA_GPGSV_Analysis)
    NMEA_Pow                                 0x08007479   Thumb Code    22  gps.o(i.NMEA_Pow)
    NMEA_Str2num                             0x0800748f   Thumb Code   234  gps.o(i.NMEA_Str2num)
    SkyTra_Cfg_Ack_Check                     0x08007579   Thumb Code   100  gps.o(i.SkyTra_Cfg_Ack_Check)
    SkyTra_Cfg_Prt                           0x080075e5   Thumb Code    88  gps.o(i.SkyTra_Cfg_Prt)
    SkyTra_Cfg_Rate                          0x08007645   Thumb Code    60  gps.o(i.SkyTra_Cfg_Rate)
    SkyTra_Cfg_Tp                            0x08007685   Thumb Code   126  gps.o(i.SkyTra_Cfg_Tp)
    SkyTra_Send_Date                         0x08007709   Thumb Code    40  gps.o(i.SkyTra_Send_Date)
    Stm32_Clock_Init                         0x08007735   Thumb Code   134  sys.o(i.Stm32_Clock_Init)
    TIM2_IRQHandler                          0x080077c5   Thumb Code    52  usmart.o(i.TIM2_IRQHandler)
    TIM4_IRQHandler                          0x080077fd   Thumb Code    44  usart2.o(i.TIM4_IRQHandler)
    TIM4_Init                                0x08007831   Thumb Code    72  usart2.o(i.TIM4_Init)
    TIM4_Set                                 0x08007881   Thumb Code    44  usart2.o(i.TIM4_Set)
    Timer2_Init                              0x080078b1   Thumb Code    58  usmart.o(i.Timer2_Init)
    UART_DMA_Config                          0x080078f1   Thumb Code    80  usart2.o(i.UART_DMA_Config)
    UART_DMA_Enable                          0x08007945   Thumb Code    20  usart2.o(i.UART_DMA_Enable)
    USART1_IRQHandler                        0x08007959   Thumb Code   118  usart.o(i.USART1_IRQHandler)
    USART2_IRQHandler                        0x080079dd   Thumb Code    78  usart2.o(i.USART2_IRQHandler)
    USART2_Init                              0x08007a3d   Thumb Code   180  usart2.o(i.USART2_Init)
    USART2_init                              0x08007b0d   Thumb Code     2  gps.o(i.USART2_init)
    __ARM_fpclassify                         0x08007b0f   Thumb Code    40  fpclassify.o(i.__ARM_fpclassify)
    _is_digit                                0x08007b37   Thumb Code    14  __printf_wp.o(i._is_digit)
    _sys_exit                                0x08007b45   Thumb Code     4  usart.o(i._sys_exit)
    delay_init                               0x08007b49   Thumb Code    56  delay.o(i.delay_init)
    delay_ms                                 0x08007b89   Thumb Code    56  delay.o(i.delay_ms)
    delay_us                                 0x08007bc5   Thumb Code    56  delay.o(i.delay_us)
    fputc                                    0x08007c01   Thumb Code    24  usart.o(i.fputc)
    main                                     0x08007c1d   Thumb Code   474  test.o(i.main)
    read_addr                                0x08007ed1   Thumb Code     6  usmart.o(i.read_addr)
    u2_printf                                0x08007ed9   Thumb Code    56  usart2.o(i.u2_printf)
    uart_init                                0x08007f19   Thumb Code   202  usart.o(i.uart_init)
    usart2_init                              0x08007ff5   Thumb Code     2  gps.o(i.usart2_init)
    usmart_cmd_rec                           0x08007ff9   Thumb Code   170  usmart.o(i.usmart_cmd_rec)
    usmart_exe                               0x080080a9   Thumb Code   634  usmart.o(i.usmart_exe)
    usmart_get_aparm                         0x08008381   Thumb Code   200  usmart_str.o(i.usmart_get_aparm)
    usmart_get_cmdname                       0x08008449   Thumb Code    54  usmart_str.o(i.usmart_get_cmdname)
    usmart_get_fname                         0x08008481   Thumb Code   440  usmart_str.o(i.usmart_get_fname)
    usmart_get_fparam                        0x08008641   Thumb Code   262  usmart_str.o(i.usmart_get_fparam)
    usmart_get_parmpos                       0x0800874d   Thumb Code    26  usmart_str.o(i.usmart_get_parmpos)
    usmart_get_runtime                       0x0800876d   Thumb Code    58  usmart.o(i.usmart_get_runtime)
    usmart_init                              0x080087ad   Thumb Code    36  usmart.o(i.usmart_init)
    usmart_pow                               0x080087d5   Thumb Code    22  usmart_str.o(i.usmart_pow)
    usmart_reset_runtime                     0x080087ed   Thumb Code    34  usmart.o(i.usmart_reset_runtime)
    usmart_scan                              0x08008815   Thumb Code   120  usmart.o(i.usmart_scan)
    usmart_search_nextc                      0x080088d1   Thumb Code    22  usmart_str.o(i.usmart_search_nextc)
    usmart_str2num                           0x080088e7   Thumb Code   202  usmart_str.o(i.usmart_str2num)
    usmart_strcmp                            0x080089b1   Thumb Code    34  usmart_str.o(i.usmart_strcmp)
    usmart_strcopy                           0x080089d3   Thumb Code    22  usmart_str.o(i.usmart_strcopy)
    usmart_strlen                            0x080089e9   Thumb Code    24  usmart_str.o(i.usmart_strlen)
    usmart_sys_cmd_exe                       0x08008a01   Thumb Code  1554  usmart.o(i.usmart_sys_cmd_exe)
    write_addr                               0x080090e5   Thumb Code     4  usmart.o(i.write_addr)
    _get_lc_numeric                          0x080090e9   Thumb Code    44  lc_numeric_c.o(locale$$code)
    _get_lc_ctype                            0x08009115   Thumb Code    44  lc_ctype_c.o(locale$$code)
    __aeabi_d2uiz                            0x08009141   Thumb Code     0  dfixu.o(x$fpl$dfixu)
    _dfixu                                   0x08009141   Thumb Code    90  dfixu.o(x$fpl$dfixu)
    __aeabi_ui2d                             0x0800919b   Thumb Code     0  dflt_clz.o(x$fpl$dfltu)
    _dfltu                                   0x0800919b   Thumb Code    38  dflt_clz.o(x$fpl$dfltu)
    __aeabi_dmul                             0x080091c1   Thumb Code     0  dmul.o(x$fpl$dmul)
    _dmul                                    0x080091c1   Thumb Code   332  dmul.o(x$fpl$dmul)
    __fpl_dnaninf                            0x08009315   Thumb Code   156  dnaninf.o(x$fpl$dnaninf)
    __fpl_dretinf                            0x080093b1   Thumb Code    12  dretinf.o(x$fpl$dretinf)
    __aeabi_f2d                              0x080093bd   Thumb Code     0  f2d.o(x$fpl$f2d)
    _f2d                                     0x080093bd   Thumb Code    86  f2d.o(x$fpl$f2d)
    __aeabi_fadd                             0x08009415   Thumb Code     0  faddsub_clz.o(x$fpl$fadd)
    _fadd                                    0x08009415   Thumb Code   196  faddsub_clz.o(x$fpl$fadd)
    __aeabi_fdiv                             0x080094d9   Thumb Code     0  fdiv.o(x$fpl$fdiv)
    _fdiv                                    0x080094d9   Thumb Code   384  fdiv.o(x$fpl$fdiv)
    __aeabi_f2uiz                            0x0800965d   Thumb Code     0  ffixu.o(x$fpl$ffixu)
    _ffixu                                   0x0800965d   Thumb Code    62  ffixu.o(x$fpl$ffixu)
    __aeabi_i2f                              0x0800969d   Thumb Code     0  fflt_clz.o(x$fpl$fflt)
    _fflt                                    0x0800969d   Thumb Code    48  fflt_clz.o(x$fpl$fflt)
    __aeabi_ui2f                             0x080096cd   Thumb Code     0  fflt_clz.o(x$fpl$ffltu)
    _ffltu                                   0x080096cd   Thumb Code    38  fflt_clz.o(x$fpl$ffltu)
    __aeabi_fmul                             0x080096f5   Thumb Code     0  fmul.o(x$fpl$fmul)
    _fmul                                    0x080096f5   Thumb Code   258  fmul.o(x$fpl$fmul)
    __fpl_fnaninf                            0x080097f7   Thumb Code   140  fnaninf.o(x$fpl$fnaninf)
    __fpl_fretinf                            0x08009883   Thumb Code    10  fretinf.o(x$fpl$fretinf)
    __aeabi_frsub                            0x0800988d   Thumb Code     0  faddsub_clz.o(x$fpl$frsb)
    _frsb                                    0x0800988d   Thumb Code    20  faddsub_clz.o(x$fpl$frsb)
    __aeabi_fsub                             0x080098a1   Thumb Code     0  faddsub_clz.o(x$fpl$fsub)
    _fsub                                    0x080098a1   Thumb Code   234  faddsub_clz.o(x$fpl$fsub)
    _printf_fp_dec                           0x0800998b   Thumb Code     4  printf1.o(x$fpl$printf1)
    __I$use$fp                               0x0800998e   Number         0  usenofp.o(x$fpl$usenofp)
    asc2_1206                                0x0800998e   Data        1140  ili93xx.o(.constdata)
    asc2_1608                                0x08009e02   Data        1520  ili93xx.o(.constdata)
    asc2_2412                                0x0800a3f2   Data        3420  ili93xx.o(.constdata)
    BAUD_id                                  0x0800b150   Data          36  gps.o(.constdata)
    Region$$Table$$Base                      0x0800b32c   Number         0  anon$$obj.o(Region$$Table)
    Region$$Table$$Limit                     0x0800b34c   Number         0  anon$$obj.o(Region$$Table)
    __ctype                                  0x0800b375   Data           0  lc_ctype_c.o(locale$$data)
    fixmode_tbl                              0x20000000   Data          16  test.o(.data)
    __stdout                                 0x20000014   Data           4  usart.o(.data)
    USART_RX_STA                             0x20000018   Data           2  usart.o(.data)
    POINT_COLOR                              0x2000001a   Data           2  ili93xx.o(.data)
    BACK_COLOR                               0x2000001c   Data           2  ili93xx.o(.data)
    USART2_RX_STA                            0x20000020   Data           2  usart2.o(.data)
    sys_cmd_tab                              0x20000024   Data          28  usmart.o(.data)
    usmart_nametab                           0x20000040   Data          48  usmart_config.o(.data)
    usmart_dev                               0x20000070   Data         244  usmart_config.o(.data)
    USART1_TX_BUF                            0x20000164   Data         800  test.o(.bss)
    gpsx                                     0x20000484   Data         166  test.o(.bss)
    dtbuf                                    0x2000052c   Data          50  test.o(.bss)
    USART_RX_BUF                             0x2000055e   Data         200  usart.o(.bss)
    lcddev                                   0x20000626   Data          14  ili93xx.o(.bss)
    USART2_TX_BUF                            0x20000638   Data         200  usart2.o(.bss)
    USART2_RX_BUF                            0x20000700   Data         200  usart2.o(.bss)
    __libspace_start                         0x200007c8   Data          96  libspace.o(.bss)
    __temporary_stack_top$libspace           0x20000828   Data           0  libspace.o(.bss)



==============================================================================

Memory Map of the image

  Image Entry point : 0x08000131

  Load Region LR_IROM1 (Base: 0x08000000, Size: 0x0000b5dc, Max: 0x00040000, ABSOLUTE, COMPRESSED[0x0000b4e4])

    Execution Region ER_IROM1 (Exec base: 0x08000000, Load base: 0x08000000, Size: 0x0000b478, Max: 0x00040000, ABSOLUTE)

    Exec Addr    Load Addr    Size         Type   Attr      Idx    E Section Name        Object

    0x08000000   0x08000000   0x00000130   Data   RO            3    RESET               startup_stm32f10x_hd.o
    0x08000130   0x08000130   0x00000008   Code   RO          942  * !!!main             c_w.l(__main.o)
    0x08000138   0x08000138   0x00000034   Code   RO         1250    !!!scatter          c_w.l(__scatter.o)
    0x0800016c   0x0800016c   0x0000005a   Code   RO         1248    !!dczerorl2         c_w.l(__dczerorl2.o)
    0x080001c6   0x080001c6   0x00000002   PAD
    0x080001c8   0x080001c8   0x0000001c   Code   RO         1252    !!handler_zi        c_w.l(__scatter_zi.o)
    0x080001e4   0x080001e4   0x00000000   Code   RO          935    .ARM.Collect$$_printf_percent$$00000000  c_w.l(_printf_percent.o)
    0x080001e4   0x080001e4   0x00000006   Code   RO         1012    .ARM.Collect$$_printf_percent$$00000001  c_w.l(_printf_n.o)
    0x080001ea   0x080001ea   0x00000006   Code   RO         1013    .ARM.Collect$$_printf_percent$$00000002  c_w.l(_printf_p.o)
    0x080001f0   0x080001f0   0x00000006   Code   RO          934    .ARM.Collect$$_printf_percent$$00000003  c_w.l(_printf_f.o)
    0x080001f6   0x080001f6   0x00000006   Code   RO         1016    .ARM.Collect$$_printf_percent$$00000004  c_w.l(_printf_e.o)
    0x080001fc   0x080001fc   0x00000006   Code   RO         1017    .ARM.Collect$$_printf_percent$$00000005  c_w.l(_printf_g.o)
    0x08000202   0x08000202   0x00000006   Code   RO         1018    .ARM.Collect$$_printf_percent$$00000006  c_w.l(_printf_a.o)
    0x08000208   0x08000208   0x0000000a   Code   RO         1023    .ARM.Collect$$_printf_percent$$00000007  c_w.l(_printf_ll.o)
    0x08000212   0x08000212   0x00000006   Code   RO         1015    .ARM.Collect$$_printf_percent$$00000008  c_w.l(_printf_i.o)
    0x08000218   0x08000218   0x00000006   Code   RO          932    .ARM.Collect$$_printf_percent$$00000009  c_w.l(_printf_d.o)
    0x0800021e   0x0800021e   0x00000006   Code   RO          933    .ARM.Collect$$_printf_percent$$0000000A  c_w.l(_printf_u.o)
    0x08000224   0x08000224   0x00000006   Code   RO         1014    .ARM.Collect$$_printf_percent$$0000000B  c_w.l(_printf_o.o)
    0x0800022a   0x0800022a   0x00000006   Code   RO          931    .ARM.Collect$$_printf_percent$$0000000C  c_w.l(_printf_x.o)
    0x08000230   0x08000230   0x00000006   Code   RO         1020    .ARM.Collect$$_printf_percent$$0000000D  c_w.l(_printf_lli.o)
    0x08000236   0x08000236   0x00000006   Code   RO         1021    .ARM.Collect$$_printf_percent$$0000000E  c_w.l(_printf_lld.o)
    0x0800023c   0x0800023c   0x00000006   Code   RO         1022    .ARM.Collect$$_printf_percent$$0000000F  c_w.l(_printf_llu.o)
    0x08000242   0x08000242   0x00000006   Code   RO         1027    .ARM.Collect$$_printf_percent$$00000010  c_w.l(_printf_llo.o)
    0x08000248   0x08000248   0x00000006   Code   RO         1028    .ARM.Collect$$_printf_percent$$00000011  c_w.l(_printf_llx.o)
    0x0800024e   0x0800024e   0x0000000a   Code   RO         1024    .ARM.Collect$$_printf_percent$$00000012  c_w.l(_printf_l.o)
    0x08000258   0x08000258   0x00000006   Code   RO          929    .ARM.Collect$$_printf_percent$$00000013  c_w.l(_printf_c.o)
    0x0800025e   0x0800025e   0x00000006   Code   RO          930    .ARM.Collect$$_printf_percent$$00000014  c_w.l(_printf_s.o)
    0x08000264   0x08000264   0x00000006   Code   RO         1025    .ARM.Collect$$_printf_percent$$00000015  c_w.l(_printf_lc.o)
    0x0800026a   0x0800026a   0x00000006   Code   RO         1026    .ARM.Collect$$_printf_percent$$00000016  c_w.l(_printf_ls.o)
    0x08000270   0x08000270   0x00000004   Code   RO         1019    .ARM.Collect$$_printf_percent$$00000017  c_w.l(_printf_percent_end.o)
    0x08000274   0x08000274   0x00000002   Code   RO         1120    .ARM.Collect$$libinit$$00000000  c_w.l(libinit.o)
    0x08000276   0x08000276   0x00000000   Code   RO         1122    .ARM.Collect$$libinit$$00000002  c_w.l(libinit2.o)
    0x08000276   0x08000276   0x00000000   Code   RO         1124    .ARM.Collect$$libinit$$00000004  c_w.l(libinit2.o)
    0x08000276   0x08000276   0x00000000   Code   RO         1127    .ARM.Collect$$libinit$$0000000A  c_w.l(libinit2.o)
    0x08000276   0x08000276   0x00000000   Code   RO         1129    .ARM.Collect$$libinit$$0000000C  c_w.l(libinit2.o)
    0x08000276   0x08000276   0x00000000   Code   RO         1131    .ARM.Collect$$libinit$$0000000E  c_w.l(libinit2.o)
    0x08000276   0x08000276   0x00000006   Code   RO         1132    .ARM.Collect$$libinit$$0000000F  c_w.l(libinit2.o)
    0x0800027c   0x0800027c   0x00000000   Code   RO         1134    .ARM.Collect$$libinit$$00000011  c_w.l(libinit2.o)
    0x0800027c   0x0800027c   0x0000000c   Code   RO         1135    .ARM.Collect$$libinit$$00000012  c_w.l(libinit2.o)
    0x08000288   0x08000288   0x00000000   Code   RO         1136    .ARM.Collect$$libinit$$00000013  c_w.l(libinit2.o)
    0x08000288   0x08000288   0x00000000   Code   RO         1138    .ARM.Collect$$libinit$$00000015  c_w.l(libinit2.o)
    0x08000288   0x08000288   0x0000000a   Code   RO         1139    .ARM.Collect$$libinit$$00000016  c_w.l(libinit2.o)
    0x08000292   0x08000292   0x00000000   Code   RO         1140    .ARM.Collect$$libinit$$00000017  c_w.l(libinit2.o)
    0x08000292   0x08000292   0x00000000   Code   RO         1142    .ARM.Collect$$libinit$$00000019  c_w.l(libinit2.o)
    0x08000292   0x08000292   0x00000000   Code   RO         1144    .ARM.Collect$$libinit$$0000001B  c_w.l(libinit2.o)
    0x08000292   0x08000292   0x00000000   Code   RO         1146    .ARM.Collect$$libinit$$0000001D  c_w.l(libinit2.o)
    0x08000292   0x08000292   0x00000000   Code   RO         1148    .ARM.Collect$$libinit$$0000001F  c_w.l(libinit2.o)
    0x08000292   0x08000292   0x00000000   Code   RO         1150    .ARM.Collect$$libinit$$00000021  c_w.l(libinit2.o)
    0x08000292   0x08000292   0x00000000   Code   RO         1152    .ARM.Collect$$libinit$$00000023  c_w.l(libinit2.o)
    0x08000292   0x08000292   0x00000000   Code   RO         1154    .ARM.Collect$$libinit$$00000025  c_w.l(libinit2.o)
    0x08000292   0x08000292   0x00000000   Code   RO         1158    .ARM.Collect$$libinit$$0000002C  c_w.l(libinit2.o)
    0x08000292   0x08000292   0x00000000   Code   RO         1160    .ARM.Collect$$libinit$$0000002E  c_w.l(libinit2.o)
    0x08000292   0x08000292   0x00000000   Code   RO         1162    .ARM.Collect$$libinit$$00000030  c_w.l(libinit2.o)
    0x08000292   0x08000292   0x00000000   Code   RO         1164    .ARM.Collect$$libinit$$00000032  c_w.l(libinit2.o)
    0x08000292   0x08000292   0x00000002   Code   RO         1165    .ARM.Collect$$libinit$$00000033  c_w.l(libinit2.o)
    0x08000294   0x08000294   0x00000002   Code   RO         1196    .ARM.Collect$$libshutdown$$00000000  c_w.l(libshutdown.o)
    0x08000296   0x08000296   0x00000000   Code   RO         1205    .ARM.Collect$$libshutdown$$00000002  c_w.l(libshutdown2.o)
    0x08000296   0x08000296   0x00000000   Code   RO         1207    .ARM.Collect$$libshutdown$$00000004  c_w.l(libshutdown2.o)
    0x08000296   0x08000296   0x00000000   Code   RO         1209    .ARM.Collect$$libshutdown$$00000006  c_w.l(libshutdown2.o)
    0x08000296   0x08000296   0x00000000   Code   RO         1212    .ARM.Collect$$libshutdown$$00000009  c_w.l(libshutdown2.o)
    0x08000296   0x08000296   0x00000000   Code   RO         1215    .ARM.Collect$$libshutdown$$0000000C  c_w.l(libshutdown2.o)
    0x08000296   0x08000296   0x00000000   Code   RO         1217    .ARM.Collect$$libshutdown$$0000000E  c_w.l(libshutdown2.o)
    0x08000296   0x08000296   0x00000000   Code   RO         1220    .ARM.Collect$$libshutdown$$00000011  c_w.l(libshutdown2.o)
    0x08000296   0x08000296   0x00000002   Code   RO         1221    .ARM.Collect$$libshutdown$$00000012  c_w.l(libshutdown2.o)
    0x08000298   0x08000298   0x00000000   Code   RO          984    .ARM.Collect$$rtentry$$00000000  c_w.l(__rtentry.o)
    0x08000298   0x08000298   0x00000000   Code   RO         1039    .ARM.Collect$$rtentry$$00000002  c_w.l(__rtentry2.o)
    0x08000298   0x08000298   0x00000006   Code   RO         1051    .ARM.Collect$$rtentry$$00000004  c_w.l(__rtentry4.o)
    0x0800029e   0x0800029e   0x00000000   Code   RO         1041    .ARM.Collect$$rtentry$$00000009  c_w.l(__rtentry2.o)
    0x0800029e   0x0800029e   0x00000004   Code   RO         1042    .ARM.Collect$$rtentry$$0000000A  c_w.l(__rtentry2.o)
    0x080002a2   0x080002a2   0x00000000   Code   RO         1044    .ARM.Collect$$rtentry$$0000000C  c_w.l(__rtentry2.o)
    0x080002a2   0x080002a2   0x00000008   Code   RO         1045    .ARM.Collect$$rtentry$$0000000D  c_w.l(__rtentry2.o)
    0x080002aa   0x080002aa   0x00000002   Code   RO         1166    .ARM.Collect$$rtexit$$00000000  c_w.l(rtexit.o)
    0x080002ac   0x080002ac   0x00000000   Code   RO         1176    .ARM.Collect$$rtexit$$00000002  c_w.l(rtexit2.o)
    0x080002ac   0x080002ac   0x00000004   Code   RO         1177    .ARM.Collect$$rtexit$$00000003  c_w.l(rtexit2.o)
    0x080002b0   0x080002b0   0x00000006   Code   RO         1178    .ARM.Collect$$rtexit$$00000004  c_w.l(rtexit2.o)
    0x080002b6   0x080002b6   0x00000002   PAD
    0x080002b8   0x080002b8   0x00000038   Code   RO            4    .text               startup_stm32f10x_hd.o
    0x080002f0   0x080002f0   0x00000002   Code   RO          868    .text               c_w.l(use_no_semi_2.o)
    0x080002f2   0x080002f2   0x00000002   PAD
    0x080002f4   0x080002f4   0x00000024   Code   RO          870    .text               c_w.l(c89vsprintf.o)
    0x08000318   0x08000318   0x00000018   Code   RO          872    .text               c_w.l(__2printf.o)
    0x08000330   0x08000330   0x0000002c   Code   RO          874    .text               c_w.l(__2sprintf.o)
    0x0800035c   0x0800035c   0x0000004e   Code   RO          882    .text               c_w.l(_printf_pad.o)
    0x080003aa   0x080003aa   0x00000052   Code   RO          884    .text               c_w.l(_printf_str.o)
    0x080003fc   0x080003fc   0x00000078   Code   RO          886    .text               c_w.l(_printf_dec.o)
    0x08000474   0x08000474   0x00000094   Code   RO          906    .text               c_w.l(_printf_hex_int_ll_ptr.o)
    0x08000508   0x08000508   0x00000188   Code   RO          926    .text               c_w.l(__printf_flags_ss_wp.o)
    0x08000690   0x08000690   0x00000024   Code   RO          936    .text               c_w.l(strstr.o)
    0x080006b4   0x080006b4   0x0000003e   Code   RO          938    .text               c_w.l(strlen.o)
    0x080006f2   0x080006f2   0x00000006   Code   RO          940    .text               c_w.l(heapauxi.o)
    0x080006f8   0x080006f8   0x00000002   Code   RO          982    .text               c_w.l(use_no_semi.o)
    0x080006fa   0x080006fa   0x00000024   Code   RO          985    .text               c_w.l(_printf_truncate.o)
    0x0800071e   0x0800071e   0x000000b2   Code   RO          987    .text               c_w.l(_printf_intcommon.o)
    0x080007d0   0x080007d0   0x00000028   Code   RO          989    .text               c_w.l(_printf_charcount.o)
    0x080007f8   0x080007f8   0x0000041e   Code   RO          991    .text               c_w.l(_printf_fp_dec.o)
    0x08000c16   0x08000c16   0x00000002   PAD
    0x08000c18   0x08000c18   0x00000030   Code   RO          993    .text               c_w.l(_printf_char_common.o)
    0x08000c48   0x08000c48   0x0000000a   Code   RO          995    .text               c_w.l(_sputc.o)
    0x08000c52   0x08000c52   0x0000002c   Code   RO          997    .text               c_w.l(_printf_char.o)
    0x08000c7e   0x08000c7e   0x00000002   PAD
    0x08000c80   0x08000c80   0x00000024   Code   RO          999    .text               c_w.l(_printf_char_file.o)
    0x08000ca4   0x08000ca4   0x000000bc   Code   RO         1001    .text               c_w.l(_printf_wctomb.o)
    0x08000d60   0x08000d60   0x0000007c   Code   RO         1004    .text               c_w.l(_printf_longlong_dec.o)
    0x08000ddc   0x08000ddc   0x00000070   Code   RO         1010    .text               c_w.l(_printf_oct_int_ll.o)
    0x08000e4c   0x08000e4c   0x00000008   Code   RO         1056    .text               c_w.l(rt_locale_intlibspace.o)
    0x08000e54   0x08000e54   0x0000008a   Code   RO         1058    .text               c_w.l(lludiv10.o)
    0x08000ede   0x08000ede   0x00000002   PAD
    0x08000ee0   0x08000ee0   0x00000080   Code   RO         1060    .text               c_w.l(_printf_fp_infnan.o)
    0x08000f60   0x08000f60   0x0000002c   Code   RO         1064    .text               c_w.l(_printf_wchar.o)
    0x08000f8c   0x08000f8c   0x000000e4   Code   RO         1066    .text               c_w.l(bigflt0.o)
    0x08001070   0x08001070   0x00000008   Code   RO         1091    .text               c_w.l(ferror.o)
    0x08001078   0x08001078   0x00000040   Code   RO         1095    .text               c_w.l(_wcrtomb.o)
    0x080010b8   0x080010b8   0x00000008   Code   RO         1104    .text               c_w.l(libspace.o)
    0x080010c0   0x080010c0   0x0000004a   Code   RO         1107    .text               c_w.l(sys_stackheap_outer.o)
    0x0800110a   0x0800110a   0x00000002   PAD
    0x0800110c   0x0800110c   0x00000010   Code   RO         1109    .text               c_w.l(rt_ctype_table.o)
    0x0800111c   0x0800111c   0x00000012   Code   RO         1111    .text               c_w.l(exit.o)
    0x0800112e   0x0800112e   0x00000002   PAD
    0x08001130   0x08001130   0x00000080   Code   RO         1113    .text               c_w.l(strcmpv7m.o)
    0x080011b0   0x080011b0   0x0000003e   Code   RO         1069    CL$$btod_d2e        c_w.l(btod.o)
    0x080011ee   0x080011ee   0x00000046   Code   RO         1071    CL$$btod_d2e_denorm_low  c_w.l(btod.o)
    0x08001234   0x08001234   0x00000060   Code   RO         1070    CL$$btod_d2e_norm_op1  c_w.l(btod.o)
    0x08001294   0x08001294   0x00000338   Code   RO         1079    CL$$btod_div_common  c_w.l(btod.o)
    0x080015cc   0x080015cc   0x000000dc   Code   RO         1076    CL$$btod_e2e        c_w.l(btod.o)
    0x080016a8   0x080016a8   0x0000002a   Code   RO         1073    CL$$btod_ediv       c_w.l(btod.o)
    0x080016d2   0x080016d2   0x0000002a   Code   RO         1072    CL$$btod_emul       c_w.l(btod.o)
    0x080016fc   0x080016fc   0x00000244   Code   RO         1078    CL$$btod_mult_common  c_w.l(btod.o)
    0x08001940   0x08001940   0x00000038   Code   RO          587    i.GPS_Analysis      gps.o
    0x08001978   0x08001978   0x00000318   Code   RO           10    i.Gps_Msg_Show      test.o
    0x08001c90   0x08001c90   0x0000007c   Code   RO          553    i.HC05_CFG_CMD      hc05.o
    0x08001d0c   0x08001d0c   0x00000094   Code   RO          554    i.HC05_Get_Role     hc05.o
    0x08001da0   0x08001da0   0x00000030   Code   RO          125    i.JTAG_Set          sys.o
    0x08001dd0   0x08001dd0   0x00000088   Code   RO          466    i.KEY_Init          key.o
    0x08001e58   0x08001e58   0x00000084   Code   RO          467    i.KEY_Scan          key.o
    0x08001edc   0x08001edc   0x00000088   Code   RO          257    i.LCD_Clear         ili93xx.o
    0x08001f64   0x08001f64   0x000001c0   Code   RO          261    i.LCD_Display_Dir   ili93xx.o
    0x08002124   0x08002124   0x00000364   Code   RO          266    i.LCD_Fast_DrawPoint  ili93xx.o
    0x08002488   0x08002488   0x000000d4   Code   RO          267    i.LCD_Fill          ili93xx.o
    0x0800255c   0x0800255c   0x00003be0   Code   RO          268    i.LCD_Init          ili93xx.o
    0x0800613c   0x0800613c   0x00000070   Code   RO          270    i.LCD_RD_DATA       ili93xx.o
    0x080061ac   0x080061ac   0x00000010   Code   RO          272    i.LCD_ReadReg       ili93xx.o
    0x080061bc   0x080061bc   0x000000d4   Code   RO          273    i.LCD_SSD_BackLightSet  ili93xx.o
    0x08006290   0x08006290   0x00000458   Code   RO          274    i.LCD_Scan_Dir      ili93xx.o
    0x080066e8   0x080066e8   0x000003bc   Code   RO          275    i.LCD_SetCursor     ili93xx.o
    0x08006aa4   0x08006aa4   0x00000128   Code   RO          277    i.LCD_ShowChar      ili93xx.o
    0x08006bcc   0x08006bcc   0x00000066   Code   RO          279    i.LCD_ShowString    ili93xx.o
    0x08006c32   0x08006c32   0x00000002   PAD
    0x08006c34   0x08006c34   0x00000024   Code   RO          281    i.LCD_WR_DATAX      ili93xx.o
    0x08006c58   0x08006c58   0x00000024   Code   RO          282    i.LCD_WR_REG        ili93xx.o
    0x08006c7c   0x08006c7c   0x00000010   Code   RO          284    i.LCD_WriteRAM_Prepare  ili93xx.o
    0x08006c8c   0x08006c8c   0x00000030   Code   RO          285    i.LCD_WriteReg      ili93xx.o
    0x08006cbc   0x08006cbc   0x00000070   Code   RO          244    i.LED_Init          led.o
    0x08006d2c   0x08006d2c   0x00000068   Code   RO          126    i.MYRCC_DeInit      sys.o
    0x08006d94   0x08006d94   0x00000078   Code   RO          127    i.MY_NVIC_Init      sys.o
    0x08006e0c   0x08006e0c   0x00000028   Code   RO          128    i.MY_NVIC_PriorityGroupConfig  sys.o
    0x08006e34   0x08006e34   0x00000014   Code   RO          129    i.MY_NVIC_SetVectorTable  sys.o
    0x08006e48   0x08006e48   0x00000134   Code   RO          588    i.NMEA_BDGSV_Analysis  gps.o
    0x08006f7c   0x08006f7c   0x00000032   Code   RO          589    i.NMEA_Comma_Pos    gps.o
    0x08006fae   0x08006fae   0x00000002   PAD
    0x08006fb0   0x08006fb0   0x00000068   Code   RO          590    i.NMEA_GNGGA_Analysis  gps.o
    0x08007018   0x08007018   0x000000b8   Code   RO          591    i.NMEA_GNGSA_Analysis  gps.o
    0x080070d0   0x080070d0   0x00000224   Code   RO          592    i.NMEA_GNRMC_Analysis  gps.o
    0x080072f4   0x080072f4   0x00000058   Code   RO          593    i.NMEA_GNVTG_Analysis  gps.o
    0x0800734c   0x0800734c   0x0000012c   Code   RO          594    i.NMEA_GPGSV_Analysis  gps.o
    0x08007478   0x08007478   0x00000016   Code   RO          595    i.NMEA_Pow          gps.o
    0x0800748e   0x0800748e   0x000000ea   Code   RO          596    i.NMEA_Str2num      gps.o
    0x08007578   0x08007578   0x0000006c   Code   RO          597    i.SkyTra_Cfg_Ack_Check  gps.o
    0x080075e4   0x080075e4   0x00000060   Code   RO          598    i.SkyTra_Cfg_Prt    gps.o
    0x08007644   0x08007644   0x00000040   Code   RO          599    i.SkyTra_Cfg_Rate   gps.o
    0x08007684   0x08007684   0x00000084   Code   RO          600    i.SkyTra_Cfg_Tp     gps.o
    0x08007708   0x08007708   0x0000002c   Code   RO          601    i.SkyTra_Send_Date  gps.o
    0x08007734   0x08007734   0x00000090   Code   RO          130    i.Stm32_Clock_Init  sys.o
    0x080077c4   0x080077c4   0x00000038   Code   RO          705    i.TIM2_IRQHandler   usmart.o
    0x080077fc   0x080077fc   0x00000034   Code   RO          485    i.TIM4_IRQHandler   usart2.o
    0x08007830   0x08007830   0x00000050   Code   RO          486    i.TIM4_Init         usart2.o
    0x08007880   0x08007880   0x00000030   Code   RO          487    i.TIM4_Set          usart2.o
    0x080078b0   0x080078b0   0x00000040   Code   RO          706    i.Timer2_Init       usmart.o
    0x080078f0   0x080078f0   0x00000054   Code   RO          488    i.UART_DMA_Config   usart2.o
    0x08007944   0x08007944   0x00000014   Code   RO          489    i.UART_DMA_Enable   usart2.o
    0x08007958   0x08007958   0x00000084   Code   RO          203    i.USART1_IRQHandler  usart.o
    0x080079dc   0x080079dc   0x00000060   Code   RO          490    i.USART2_IRQHandler  usart2.o
    0x08007a3c   0x08007a3c   0x000000d0   Code   RO          491    i.USART2_Init       usart2.o
    0x08007b0c   0x08007b0c   0x00000002   Code   RO          602    i.USART2_init       gps.o
    0x08007b0e   0x08007b0e   0x00000028   Code   RO         1102    i.__ARM_fpclassify  m_ws.l(fpclassify.o)
    0x08007b36   0x08007b36   0x0000000e   Code   RO          919    i._is_digit         c_w.l(__printf_wp.o)
    0x08007b44   0x08007b44   0x00000004   Code   RO          204    i._sys_exit         usart.o
    0x08007b48   0x08007b48   0x00000040   Code   RO           95    i.delay_init        delay.o
    0x08007b88   0x08007b88   0x0000003c   Code   RO           96    i.delay_ms          delay.o
    0x08007bc4   0x08007bc4   0x0000003c   Code   RO           97    i.delay_us          delay.o
    0x08007c00   0x08007c00   0x0000001c   Code   RO          205    i.fputc             usart.o
    0x08007c1c   0x08007c1c   0x000002b4   Code   RO           11    i.main              test.o
    0x08007ed0   0x08007ed0   0x00000006   Code   RO          707    i.read_addr         usmart.o
    0x08007ed6   0x08007ed6   0x00000002   PAD
    0x08007ed8   0x08007ed8   0x00000040   Code   RO          492    i.u2_printf         usart2.o
    0x08007f18   0x08007f18   0x000000dc   Code   RO          206    i.uart_init         usart.o
    0x08007ff4   0x08007ff4   0x00000002   Code   RO          603    i.usart2_init       gps.o
    0x08007ff6   0x08007ff6   0x00000002   PAD
    0x08007ff8   0x08007ff8   0x000000b0   Code   RO          708    i.usmart_cmd_rec    usmart.o
    0x080080a8   0x080080a8   0x000002d8   Code   RO          709    i.usmart_exe        usmart.o
    0x08008380   0x08008380   0x000000c8   Code   RO          794    i.usmart_get_aparm  usmart_str.o
    0x08008448   0x08008448   0x00000036   Code   RO          795    i.usmart_get_cmdname  usmart_str.o
    0x0800847e   0x0800847e   0x00000002   PAD
    0x08008480   0x08008480   0x000001c0   Code   RO          796    i.usmart_get_fname  usmart_str.o
    0x08008640   0x08008640   0x0000010c   Code   RO          797    i.usmart_get_fparam  usmart_str.o
    0x0800874c   0x0800874c   0x00000020   Code   RO          798    i.usmart_get_parmpos  usmart_str.o
    0x0800876c   0x0800876c   0x00000040   Code   RO          710    i.usmart_get_runtime  usmart.o
    0x080087ac   0x080087ac   0x00000028   Code   RO          711    i.usmart_init       usmart.o
    0x080087d4   0x080087d4   0x00000016   Code   RO          799    i.usmart_pow        usmart_str.o
    0x080087ea   0x080087ea   0x00000002   PAD
    0x080087ec   0x080087ec   0x00000028   Code   RO          712    i.usmart_reset_runtime  usmart.o
    0x08008814   0x08008814   0x000000bc   Code   RO          713    i.usmart_scan       usmart.o
    0x080088d0   0x080088d0   0x00000016   Code   RO          800    i.usmart_search_nextc  usmart_str.o
    0x080088e6   0x080088e6   0x000000ca   Code   RO          801    i.usmart_str2num    usmart_str.o
    0x080089b0   0x080089b0   0x00000022   Code   RO          802    i.usmart_strcmp     usmart_str.o
    0x080089d2   0x080089d2   0x00000016   Code   RO          803    i.usmart_strcopy    usmart_str.o
    0x080089e8   0x080089e8   0x00000018   Code   RO          804    i.usmart_strlen     usmart_str.o
    0x08008a00   0x08008a00   0x000006e4   Code   RO          714    i.usmart_sys_cmd_exe  usmart.o
    0x080090e4   0x080090e4   0x00000004   Code   RO          715    i.write_addr        usmart.o
    0x080090e8   0x080090e8   0x0000002c   Code   RO         1098    locale$$code        c_w.l(lc_numeric_c.o)
    0x08009114   0x08009114   0x0000002c   Code   RO         1169    locale$$code        c_w.l(lc_ctype_c.o)
    0x08009140   0x08009140   0x0000005a   Code   RO          944    x$fpl$dfixu         fz_ws.l(dfixu.o)
    0x0800919a   0x0800919a   0x00000026   Code   RO          948    x$fpl$dfltu         fz_ws.l(dflt_clz.o)
    0x080091c0   0x080091c0   0x00000154   Code   RO          954    x$fpl$dmul          fz_ws.l(dmul.o)
    0x08009314   0x08009314   0x0000009c   Code   RO         1029    x$fpl$dnaninf       fz_ws.l(dnaninf.o)
    0x080093b0   0x080093b0   0x0000000c   Code   RO         1031    x$fpl$dretinf       fz_ws.l(dretinf.o)
    0x080093bc   0x080093bc   0x00000056   Code   RO          956    x$fpl$f2d           fz_ws.l(f2d.o)
    0x08009412   0x08009412   0x00000002   PAD
    0x08009414   0x08009414   0x000000c4   Code   RO          958    x$fpl$fadd          fz_ws.l(faddsub_clz.o)
    0x080094d8   0x080094d8   0x00000184   Code   RO          965    x$fpl$fdiv          fz_ws.l(fdiv.o)
    0x0800965c   0x0800965c   0x0000003e   Code   RO          968    x$fpl$ffixu         fz_ws.l(ffixu.o)
    0x0800969a   0x0800969a   0x00000002   PAD
    0x0800969c   0x0800969c   0x00000030   Code   RO          973    x$fpl$fflt          fz_ws.l(fflt_clz.o)
    0x080096cc   0x080096cc   0x00000026   Code   RO          972    x$fpl$ffltu         fz_ws.l(fflt_clz.o)
    0x080096f2   0x080096f2   0x00000002   PAD
    0x080096f4   0x080096f4   0x00000102   Code   RO          978    x$fpl$fmul          fz_ws.l(fmul.o)
    0x080097f6   0x080097f6   0x0000008c   Code   RO         1033    x$fpl$fnaninf       fz_ws.l(fnaninf.o)
    0x08009882   0x08009882   0x0000000a   Code   RO         1035    x$fpl$fretinf       fz_ws.l(fretinf.o)
    0x0800988c   0x0800988c   0x00000014   Code   RO          959    x$fpl$frsb          fz_ws.l(faddsub_clz.o)
    0x080098a0   0x080098a0   0x000000ea   Code   RO          960    x$fpl$fsub          fz_ws.l(faddsub_clz.o)
    0x0800998a   0x0800998a   0x00000004   Code   RO          980    x$fpl$printf1       fz_ws.l(printf1.o)
    0x0800998e   0x0800998e   0x00000000   Code   RO         1037    x$fpl$usenofp       fz_ws.l(usenofp.o)
    0x0800998e   0x0800998e   0x000017c0   Data   RO          288    .constdata          ili93xx.o
    0x0800b14e   0x0800b14e   0x00000002   PAD
    0x0800b150   0x0800b150   0x00000024   Data   RO          604    .constdata          gps.o
    0x0800b174   0x0800b174   0x00000028   Data   RO          907    .constdata          c_w.l(_printf_hex_int_ll_ptr.o)
    0x0800b19c   0x0800b19c   0x00000011   Data   RO          927    .constdata          c_w.l(__printf_flags_ss_wp.o)
    0x0800b1ad   0x0800b1ad   0x00000003   PAD
    0x0800b1b0   0x0800b1b0   0x00000008   Data   RO         1002    .constdata          c_w.l(_printf_wctomb.o)
    0x0800b1b8   0x0800b1b8   0x00000094   Data   RO         1067    .constdata          c_w.l(bigflt0.o)
    0x0800b24c   0x0800b24c   0x00000015   Data   RO           13    .conststring        test.o
    0x0800b261   0x0800b261   0x00000003   PAD
    0x0800b264   0x0800b264   0x00000028   Data   RO          716    .conststring        usmart.o
    0x0800b28c   0x0800b28c   0x0000009f   Data   RO          781    .conststring        usmart_config.o
    0x0800b32b   0x0800b32b   0x00000001   PAD
    0x0800b32c   0x0800b32c   0x00000020   Data   RO         1246    Region$$Table       anon$$obj.o
    0x0800b34c   0x0800b34c   0x0000001c   Data   RO         1097    locale$$data        c_w.l(lc_numeric_c.o)
    0x0800b368   0x0800b368   0x00000110   Data   RO         1168    locale$$data        c_w.l(lc_ctype_c.o)


    Execution Region RW_IRAM1 (Exec base: 0x20000000, Load base: 0x0800b478, Size: 0x00000e28, Max: 0x0000c000, ABSOLUTE, COMPRESSED[0x0000006c])

    Exec Addr    Load Addr    Size         Type   Attr      Idx    E Section Name        Object

    0x20000000   COMPRESSED   0x00000010   Data   RW           14    .data               test.o
    0x20000010   COMPRESSED   0x00000004   Data   RW           98    .data               delay.o
    0x20000014   COMPRESSED   0x00000006   Data   RW          208    .data               usart.o
    0x2000001a   COMPRESSED   0x00000004   Data   RW          289    .data               ili93xx.o
    0x2000001e   COMPRESSED   0x00000001   Data   RW          468    .data               key.o
    0x2000001f   COMPRESSED   0x00000001   PAD
    0x20000020   COMPRESSED   0x00000002   Data   RW          494    .data               usart2.o
    0x20000022   COMPRESSED   0x00000002   PAD
    0x20000024   COMPRESSED   0x0000001c   Data   RW          717    .data               usmart.o
    0x20000040   COMPRESSED   0x00000124   Data   RW          782    .data               usmart_config.o
    0x20000164        -       0x000003fa   Zero   RW           12    .bss                test.o
    0x2000055e        -       0x000000c8   Zero   RW          207    .bss                usart.o
    0x20000626        -       0x0000000e   Zero   RW          287    .bss                ili93xx.o
    0x20000634   COMPRESSED   0x00000004   PAD
    0x20000638        -       0x00000190   Zero   RW          493    .bss                usart2.o
    0x200007c8        -       0x00000060   Zero   RW         1105    .bss                c_w.l(libspace.o)
    0x20000828        -       0x00000200   Zero   RW            2    HEAP                startup_stm32f10x_hd.o
    0x20000a28        -       0x00000400   Zero   RW            1    STACK               startup_stm32f10x_hd.o

